<html>
<body>
<pre>
<h1>µVision Build Log</h1>
<h2>Tool Versions:</h2>
IDE-Version: µVision V5.28.0.0
Copyright (C) 2019 ARM Ltd and ARM Germany GmbH. All rights reserved.
License Information: Matheus Fonseca, UTFPR, LIC=7YKZ9-46MB6-35CTX-HTGJ4-4XUR4-RIUSZ
 
Tool Versions:
Toolchain:       MDK-ARM Professional  Version: 5.28.0.0
Toolchain Path:  C:\Keil_v5\ARM\ARMCC\Bin
C Compiler:      Armcc.exe V5.06 update 6 (build 750)
Assembler:       Armasm.exe V5.06 update 6 (build 750)
Linker/Locator:  ArmLink.exe V5.06 update 6 (build 750)
Library Manager: ArmAr.exe V5.06 update 6 (build 750)
Hex Converter:   FromElf.exe V5.06 update 6 (build 750)
CPU DLL:         SARMCM3.DLL V5.28.0.0
Dialog DLL:      DCM.DLL V1.17.3.0
Target DLL:      lmidk-agdi.dll V???
Dialog DLL:      TCM.DLL V1.36.2.0
 
<h2>Project:</h2>
C:\Users\Matheus\Desktop\_Exemplo_UTFPR_TM4C1294XL_BoosterPackMKII\_Exemplo_UTFPR_TM4C1294XL_BoosterPackMKII\ProjectFiles\base_project.uvprojx
Project File Date:  10/28/2019

<h2>Output:</h2>
*** Using Compiler 'V5.06 update 6 (build 750)', folder: 'C:\Keil_v5\ARM\ARMCC\Bin'
Rebuild Project 'base_project' - Target 'TM4C129 Flash'
compiling exemploTIVA.c...
C:\Users\Matheus\Desktop\_Exemplo_UTFPR_TM4C1294XL_BoosterPackMKII\_Exemplo_UTFPR_TM4C1294XL_BoosterPackMKII\ProjectFiles\exemploTIVA.c(4): warning:  #9-D: nested comment is not allowed
   /*============================================================================
C:\Users\Matheus\Desktop\_Exemplo_UTFPR_TM4C1294XL_BoosterPackMKII\_Exemplo_UTFPR_TM4C1294XL_BoosterPackMKII\ProjectFiles\rgb.h(66): warning:  #1-D: last line of file ends without a newline
  #endif //__RGB_H__
C:\Users\Matheus\Desktop\_Exemplo_UTFPR_TM4C1294XL_BoosterPackMKII\_Exemplo_UTFPR_TM4C1294XL_BoosterPackMKII\ProjectFiles\servo.h(27): warning:  #1295-D: Deprecated declaration servo_init - give arg types
  extern void servo_init();
C:\Users\Matheus\Desktop\_Exemplo_UTFPR_TM4C1294XL_BoosterPackMKII\_Exemplo_UTFPR_TM4C1294XL_BoosterPackMKII\ProjectFiles\temp.h(23): warning:  #1-D: last line of file ends without a newline
  #endif //__TEMP_H__
C:\Users\Matheus\Desktop\_Exemplo_UTFPR_TM4C1294XL_BoosterPackMKII\_Exemplo_UTFPR_TM4C1294XL_BoosterPackMKII\ProjectFiles\opt.h(20): warning:  #1295-D: Deprecated declaration opt_init - give arg types
  extern void  opt_init();
C:\Users\Matheus\Desktop\_Exemplo_UTFPR_TM4C1294XL_BoosterPackMKII\_Exemplo_UTFPR_TM4C1294XL_BoosterPackMKII\ProjectFiles\opt.h(21): warning:  #1295-D: Deprecated declaration opt_read - give arg types
  extern uint16_t opt_read();
C:\Users\Matheus\Desktop\_Exemplo_UTFPR_TM4C1294XL_BoosterPackMKII\_Exemplo_UTFPR_TM4C1294XL_BoosterPackMKII\ProjectFiles\opt.h(22): warning:  #1295-D: Deprecated declaration opt_read_lux - give arg types
  extern uint32_t opt_read_lux();
C:\Users\Matheus\Desktop\_Exemplo_UTFPR_TM4C1294XL_BoosterPackMKII\_Exemplo_UTFPR_TM4C1294XL_BoosterPackMKII\ProjectFiles\opt.h(24): warning:  #1-D: last line of file ends without a newline
  #endif //__OPT_H__
C:\Users\Matheus\Desktop\_Exemplo_UTFPR_TM4C1294XL_BoosterPackMKII\_Exemplo_UTFPR_TM4C1294XL_BoosterPackMKII\ProjectFiles\buttons.h(5): warning:  #1295-D: Deprecated declaration button_init - give arg types
  extern void button_init();
C:\Users\Matheus\Desktop\_Exemplo_UTFPR_TM4C1294XL_BoosterPackMKII\_Exemplo_UTFPR_TM4C1294XL_BoosterPackMKII\ProjectFiles\buttons.h(6): warning:  #1295-D: Deprecated declaration button_read_s1 - give arg types
  extern bool button_read_s1();
C:\Users\Matheus\Desktop\_Exemplo_UTFPR_TM4C1294XL_BoosterPackMKII\_Exemplo_UTFPR_TM4C1294XL_BoosterPackMKII\ProjectFiles\buttons.h(7): warning:  #1295-D: Deprecated declaration button_read_s2 - give arg types
  extern bool button_read_s2();
C:\Users\Matheus\Desktop\_Exemplo_UTFPR_TM4C1294XL_BoosterPackMKII\_Exemplo_UTFPR_TM4C1294XL_BoosterPackMKII\ProjectFiles\buttons.h(9): warning:  #1-D: last line of file ends without a newline
  #endif //__BUTTONS_H
C:\Users\Matheus\Desktop\_Exemplo_UTFPR_TM4C1294XL_BoosterPackMKII\_Exemplo_UTFPR_TM4C1294XL_BoosterPackMKII\ProjectFiles\buzzer.h(18): warning:  #1295-D: Deprecated declaration buzzer_init - give arg types
  extern void buzzer_init();
C:\Users\Matheus\Desktop\_Exemplo_UTFPR_TM4C1294XL_BoosterPackMKII\_Exemplo_UTFPR_TM4C1294XL_BoosterPackMKII\ProjectFiles\buzzer.h(23): warning:  #1-D: last line of file ends without a newline
  #endif //__BUZZER_H
C:\Users\Matheus\Desktop\_Exemplo_UTFPR_TM4C1294XL_BoosterPackMKII\_Exemplo_UTFPR_TM4C1294XL_BoosterPackMKII\ProjectFiles\joy.h(20): warning:  #1295-D: Deprecated declaration joy_read_center - give arg types
  extern bool joy_read_center();
C:\Users\Matheus\Desktop\_Exemplo_UTFPR_TM4C1294XL_BoosterPackMKII\_Exemplo_UTFPR_TM4C1294XL_BoosterPackMKII\ProjectFiles\mic.h(23): warning:  #1-D: last line of file ends without a newline
  #endif //__MIC_H__
C:\Users\Matheus\Desktop\_Exemplo_UTFPR_TM4C1294XL_BoosterPackMKII\_Exemplo_UTFPR_TM4C1294XL_BoosterPackMKII\ProjectFiles\exemploTIVA.c(295): warning:  #940-D: missing return statement at end of non-void function "PrintCaracteristics" 
  } 
C:\Users\Matheus\Desktop\_Exemplo_UTFPR_TM4C1294XL_BoosterPackMKII\_Exemplo_UTFPR_TM4C1294XL_BoosterPackMKII\ProjectFiles\exemploTIVA.c(267): warning:  #177-D: variable "wave"  was declared but never referenced
                char wave[5];
C:\Users\Matheus\Desktop\_Exemplo_UTFPR_TM4C1294XL_BoosterPackMKII\_Exemplo_UTFPR_TM4C1294XL_BoosterPackMKII\ProjectFiles\exemploTIVA.c(318): warning:  #177-D: variable "fs"  was declared but never referenced
                        uint16_t fs;
C:\Users\Matheus\Desktop\_Exemplo_UTFPR_TM4C1294XL_BoosterPackMKII\_Exemplo_UTFPR_TM4C1294XL_BoosterPackMKII\ProjectFiles\exemploTIVA.c(321): warning:  #177-D: variable "j"  was declared but never referenced
                        uint16_t i,j, altura;
C:\Users\Matheus\Desktop\_Exemplo_UTFPR_TM4C1294XL_BoosterPackMKII\_Exemplo_UTFPR_TM4C1294XL_BoosterPackMKII\ProjectFiles\exemploTIVA.c(321): warning:  #177-D: variable "altura"  was declared but never referenced
                        uint16_t i,j, altura;
C:\Users\Matheus\Desktop\_Exemplo_UTFPR_TM4C1294XL_BoosterPackMKII\_Exemplo_UTFPR_TM4C1294XL_BoosterPackMKII\ProjectFiles\exemploTIVA.c(421): warning:  #177-D: variable "fs"  was declared but never referenced
                        uint16_t fs;
exemploTIVA.c: 22 warnings, 0 errors
compiling NewPWM.c...
C:\Users\Matheus\Desktop\_Exemplo_UTFPR_TM4C1294XL_BoosterPackMKII\_Exemplo_UTFPR_TM4C1294XL_BoosterPackMKII\ProjectFiles\NewPWM.h(64): warning:  #1295-D: Deprecated declaration pwmInit - give arg types
  void pwmInit();
C:\Users\Matheus\Desktop\_Exemplo_UTFPR_TM4C1294XL_BoosterPackMKII\_Exemplo_UTFPR_TM4C1294XL_BoosterPackMKII\ProjectFiles\NewPWM.c(70): warning:  #223-D: function "PWMOutputState" declared implicitly
    PWMOutputState(PWM0_BASE, PWM_OUT_2_BIT, true);
C:\Users\Matheus\Desktop\_Exemplo_UTFPR_TM4C1294XL_BoosterPackMKII\_Exemplo_UTFPR_TM4C1294XL_BoosterPackMKII\ProjectFiles\NewPWM.c(90): warning:  #186-D: pointless comparison of unsigned integer with zero
        if(period < 0)
C:\Users\Matheus\Desktop\_Exemplo_UTFPR_TM4C1294XL_BoosterPackMKII\_Exemplo_UTFPR_TM4C1294XL_BoosterPackMKII\ProjectFiles\NewPWM.c(93): warning:  #1035-D: single-precision operand implicitly converted to double-precision
        current_period = (uint16_t)(((float)period)*1000 / 8.32);
C:\Users\Matheus\Desktop\_Exemplo_UTFPR_TM4C1294XL_BoosterPackMKII\_Exemplo_UTFPR_TM4C1294XL_BoosterPackMKII\ProjectFiles\NewPWM.c(113): warning:  #223-D: function "PWMClockSet" declared implicitly
                        PWMClockSet(PWM0_BASE, PWM_SYSCLK_DIV_64);                      
NewPWM.c: 5 warnings, 0 errors
compiling buzzer.c...
C:\Users\Matheus\Desktop\_Exemplo_UTFPR_TM4C1294XL_BoosterPackMKII\_Exemplo_UTFPR_TM4C1294XL_BoosterPackMKII\ProjectFiles\buzzer.h(18): warning:  #1295-D: Deprecated declaration buzzer_init - give arg types
  extern void buzzer_init();
C:\Users\Matheus\Desktop\_Exemplo_UTFPR_TM4C1294XL_BoosterPackMKII\_Exemplo_UTFPR_TM4C1294XL_BoosterPackMKII\ProjectFiles\buzzer.h(23): warning:  #1-D: last line of file ends without a newline
  #endif //__BUZZER_H
C:\Users\Matheus\Desktop\_Exemplo_UTFPR_TM4C1294XL_BoosterPackMKII\_Exemplo_UTFPR_TM4C1294XL_BoosterPackMKII\ProjectFiles\buzzer.c(162): warning:  #1-D: last line of file ends without a newline
  }
C:\Users\Matheus\Desktop\_Exemplo_UTFPR_TM4C1294XL_BoosterPackMKII\_Exemplo_UTFPR_TM4C1294XL_BoosterPackMKII\ProjectFiles\buzzer.c(31): warning:  #550-D: variable "g_ui32SysClock"  was set but never used
  static uint32_t g_ui32SysClock;
C:\Users\Matheus\Desktop\_Exemplo_UTFPR_TM4C1294XL_BoosterPackMKII\_Exemplo_UTFPR_TM4C1294XL_BoosterPackMKII\ProjectFiles\buzzer.c(33): warning:  #550-D: variable "g_current_per"  was set but never used
  static uint16_t g_current_per;
buzzer.c: 5 warnings, 0 errors
compiling accel.c...
C:\Users\Matheus\Desktop\_Exemplo_UTFPR_TM4C1294XL_BoosterPackMKII\_Exemplo_UTFPR_TM4C1294XL_BoosterPackMKII\ProjectFiles\accel.c(89): warning:  #1-D: last line of file ends without a newline
  }
accel.c: 1 warning, 0 errors
compiling buttons.c...
C:\Users\Matheus\Desktop\_Exemplo_UTFPR_TM4C1294XL_BoosterPackMKII\_Exemplo_UTFPR_TM4C1294XL_BoosterPackMKII\ProjectFiles\buttons.h(5): warning:  #1295-D: Deprecated declaration button_init - give arg types
  extern void button_init();
C:\Users\Matheus\Desktop\_Exemplo_UTFPR_TM4C1294XL_BoosterPackMKII\_Exemplo_UTFPR_TM4C1294XL_BoosterPackMKII\ProjectFiles\buttons.h(6): warning:  #1295-D: Deprecated declaration button_read_s1 - give arg types
  extern bool button_read_s1();
C:\Users\Matheus\Desktop\_Exemplo_UTFPR_TM4C1294XL_BoosterPackMKII\_Exemplo_UTFPR_TM4C1294XL_BoosterPackMKII\ProjectFiles\buttons.h(7): warning:  #1295-D: Deprecated declaration button_read_s2 - give arg types
  extern bool button_read_s2();
C:\Users\Matheus\Desktop\_Exemplo_UTFPR_TM4C1294XL_BoosterPackMKII\_Exemplo_UTFPR_TM4C1294XL_BoosterPackMKII\ProjectFiles\buttons.h(9): warning:  #1-D: last line of file ends without a newline
  #endif //__BUTTONS_H
buttons.c: 4 warnings, 0 errors
compiling cfaf128x128x16.c...
C:\Users\Matheus\Desktop\_Exemplo_UTFPR_TM4C1294XL_BoosterPackMKII\_Exemplo_UTFPR_TM4C1294XL_BoosterPackMKII\ProjectFiles\cfaf128x128x16.c(880): warning:  #1-D: last line of file ends without a newline
  //*****************************************************************************
C:\Users\Matheus\Desktop\_Exemplo_UTFPR_TM4C1294XL_BoosterPackMKII\_Exemplo_UTFPR_TM4C1294XL_BoosterPackMKII\ProjectFiles\cfaf128x128x16.c(770): warning:  #177-D: function "ssiSetDataMode"  was declared but never referenced
  ssiSetDataMode(uint8_t mode) {
C:\Users\Matheus\Desktop\_Exemplo_UTFPR_TM4C1294XL_BoosterPackMKII\_Exemplo_UTFPR_TM4C1294XL_BoosterPackMKII\ProjectFiles\cfaf128x128x16.c(777): warning:  #177-D: function "ssiSetClockDivider"  was declared but never referenced
  ssiSetClockDivider(uint8_t divider){
cfaf128x128x16.c: 3 warnings, 0 errors
compiling led.c...
compiling mic.c...
C:\Users\Matheus\Desktop\_Exemplo_UTFPR_TM4C1294XL_BoosterPackMKII\_Exemplo_UTFPR_TM4C1294XL_BoosterPackMKII\ProjectFiles\mic.h(23): warning:  #1-D: last line of file ends without a newline
  #endif //__MIC_H__
C:\Users\Matheus\Desktop\_Exemplo_UTFPR_TM4C1294XL_BoosterPackMKII\_Exemplo_UTFPR_TM4C1294XL_BoosterPackMKII\ProjectFiles\mic.c(91): warning:  #1-D: last line of file ends without a newline
  }
mic.c: 2 warnings, 0 errors
compiling opt.c...
C:\Users\Matheus\Desktop\_Exemplo_UTFPR_TM4C1294XL_BoosterPackMKII\_Exemplo_UTFPR_TM4C1294XL_BoosterPackMKII\ProjectFiles\opt.h(20): warning:  #1295-D: Deprecated declaration opt_init - give arg types
  extern void  opt_init();
C:\Users\Matheus\Desktop\_Exemplo_UTFPR_TM4C1294XL_BoosterPackMKII\_Exemplo_UTFPR_TM4C1294XL_BoosterPackMKII\ProjectFiles\opt.h(21): warning:  #1295-D: Deprecated declaration opt_read - give arg types
  extern uint16_t opt_read();
C:\Users\Matheus\Desktop\_Exemplo_UTFPR_TM4C1294XL_BoosterPackMKII\_Exemplo_UTFPR_TM4C1294XL_BoosterPackMKII\ProjectFiles\opt.h(22): warning:  #1295-D: Deprecated declaration opt_read_lux - give arg types
  extern uint32_t opt_read_lux();
C:\Users\Matheus\Desktop\_Exemplo_UTFPR_TM4C1294XL_BoosterPackMKII\_Exemplo_UTFPR_TM4C1294XL_BoosterPackMKII\ProjectFiles\opt.h(24): warning:  #1-D: last line of file ends without a newline
  #endif //__OPT_H__
C:\Users\Matheus\Desktop\_Exemplo_UTFPR_TM4C1294XL_BoosterPackMKII\_Exemplo_UTFPR_TM4C1294XL_BoosterPackMKII\ProjectFiles\opt.c(149): warning:  #128-D: loop is not reachable
                while(i < n){
C:\Users\Matheus\Desktop\_Exemplo_UTFPR_TM4C1294XL_BoosterPackMKII\_Exemplo_UTFPR_TM4C1294XL_BoosterPackMKII\ProjectFiles\opt.c(195): warning:  #128-D: loop is not reachable
                while(i < n-1){
C:\Users\Matheus\Desktop\_Exemplo_UTFPR_TM4C1294XL_BoosterPackMKII\_Exemplo_UTFPR_TM4C1294XL_BoosterPackMKII\ProjectFiles\opt.c(330): warning:  #177-D: variable "temp"  was declared but never referenced
                uint64_t temp = 0;
C:\Users\Matheus\Desktop\_Exemplo_UTFPR_TM4C1294XL_BoosterPackMKII\_Exemplo_UTFPR_TM4C1294XL_BoosterPackMKII\ProjectFiles\opt.c(60): warning:  #550-D: variable "mid"  was set but never used
  static uint16_t mid, did;
C:\Users\Matheus\Desktop\_Exemplo_UTFPR_TM4C1294XL_BoosterPackMKII\_Exemplo_UTFPR_TM4C1294XL_BoosterPackMKII\ProjectFiles\opt.c(60): warning:  #550-D: variable "did"  was set but never used
  static uint16_t mid, did;
C:\Users\Matheus\Desktop\_Exemplo_UTFPR_TM4C1294XL_BoosterPackMKII\_Exemplo_UTFPR_TM4C1294XL_BoosterPackMKII\ProjectFiles\opt.c(86): warning:  #177-D: variable "g_mid"  was declared but never referenced
  static uint16_t g_mid, g_did, g_timeout_count;
C:\Users\Matheus\Desktop\_Exemplo_UTFPR_TM4C1294XL_BoosterPackMKII\_Exemplo_UTFPR_TM4C1294XL_BoosterPackMKII\ProjectFiles\opt.c(86): warning:  #177-D: variable "g_did"  was declared but never referenced
  static uint16_t g_mid, g_did, g_timeout_count;
opt.c: 11 warnings, 0 errors
compiling rgb.c...
C:\Users\Matheus\Desktop\_Exemplo_UTFPR_TM4C1294XL_BoosterPackMKII\_Exemplo_UTFPR_TM4C1294XL_BoosterPackMKII\ProjectFiles\rgb.h(66): warning:  #1-D: last line of file ends without a newline
  #endif //__RGB_H__
C:\Users\Matheus\Desktop\_Exemplo_UTFPR_TM4C1294XL_BoosterPackMKII\_Exemplo_UTFPR_TM4C1294XL_BoosterPackMKII\ProjectFiles\rgb.c(290): warning:  #1-D: last line of file ends without a newline
  }
rgb.c: 2 warnings, 0 errors
compiling servo.c...
C:\Users\Matheus\Desktop\_Exemplo_UTFPR_TM4C1294XL_BoosterPackMKII\_Exemplo_UTFPR_TM4C1294XL_BoosterPackMKII\ProjectFiles\servo.h(27): warning:  #1295-D: Deprecated declaration servo_init - give arg types
  extern void servo_init();
C:\Users\Matheus\Desktop\_Exemplo_UTFPR_TM4C1294XL_BoosterPackMKII\_Exemplo_UTFPR_TM4C1294XL_BoosterPackMKII\ProjectFiles\servo.c(59): warning:  #550-D: variable "g_ui32SysClock"  was set but never used
  static uint32_t g_ui32SysClock;
servo.c: 2 warnings, 0 errors
compiling joy.c...
C:\Users\Matheus\Desktop\_Exemplo_UTFPR_TM4C1294XL_BoosterPackMKII\_Exemplo_UTFPR_TM4C1294XL_BoosterPackMKII\ProjectFiles\joy.h(20): warning:  #1295-D: Deprecated declaration joy_read_center - give arg types
  extern bool joy_read_center();
C:\Users\Matheus\Desktop\_Exemplo_UTFPR_TM4C1294XL_BoosterPackMKII\_Exemplo_UTFPR_TM4C1294XL_BoosterPackMKII\ProjectFiles\joy.c(102): warning:  #1-D: last line of file ends without a newline
  }
joy.c: 2 warnings, 0 errors
compiling temp.c...
C:\Users\Matheus\Desktop\_Exemplo_UTFPR_TM4C1294XL_BoosterPackMKII\_Exemplo_UTFPR_TM4C1294XL_BoosterPackMKII\ProjectFiles\temp.h(23): warning:  #1-D: last line of file ends without a newline
  #endif //__TEMP_H__
C:\Users\Matheus\Desktop\_Exemplo_UTFPR_TM4C1294XL_BoosterPackMKII\_Exemplo_UTFPR_TM4C1294XL_BoosterPackMKII\ProjectFiles\temp.c(158): warning:  #128-D: loop is not reachable
                while(i < n){
C:\Users\Matheus\Desktop\_Exemplo_UTFPR_TM4C1294XL_BoosterPackMKII\_Exemplo_UTFPR_TM4C1294XL_BoosterPackMKII\ProjectFiles\temp.c(207): warning:  #128-D: loop is not reachable
                while(i < n-1){
C:\Users\Matheus\Desktop\_Exemplo_UTFPR_TM4C1294XL_BoosterPackMKII\_Exemplo_UTFPR_TM4C1294XL_BoosterPackMKII\ProjectFiles\temp.c(303): warning:  #177-D: variable "temp"  was declared but never referenced
        uint64_t temp = 0;
C:\Users\Matheus\Desktop\_Exemplo_UTFPR_TM4C1294XL_BoosterPackMKII\_Exemplo_UTFPR_TM4C1294XL_BoosterPackMKII\ProjectFiles\temp.c(94): warning:  #550-D: variable "g_mid"  was set but never used
  static uint16_t g_mid, g_did, g_timeout_count;
C:\Users\Matheus\Desktop\_Exemplo_UTFPR_TM4C1294XL_BoosterPackMKII\_Exemplo_UTFPR_TM4C1294XL_BoosterPackMKII\ProjectFiles\temp.c(94): warning:  #550-D: variable "g_did"  was set but never used
  static uint16_t g_mid, g_did, g_timeout_count;
temp.c: 6 warnings, 0 errors
compiling RTX_Conf_CM.c...
assembling startup_TM4C129.s...
compiling system_TM4C129.c...
linking...
Program Size: Code=26556 RO-data=3556 RW-data=1644 ZI-data=9972  
".\Flash\base_project.axf" - 0 Error(s), 65 Warning(s).

<h2>Software Packages used:</h2>

Package Vendor: ARM
                http://www.keil.com/pack/ARM.CMSIS.5.6.0.pack
                ARM.CMSIS.5.6.0
                CMSIS (Cortex Microcontroller Software Interface Standard)
   * Component: RTOS Version: 1.0.0
   * Component: CORE Version: 5.3.0
   * Component: Keil RTX Version: 4.82.0

Package Vendor: Keil
                http://www.keil.com/pack/Keil.TM4C_DFP.1.1.0.pack
                Keil.TM4C_DFP.1.1.0
                Texas Instruments Tiva C Series Device Support and Examples
   * Component: Startup Version: 1.0.0

<h2>Collection of Component include folders:</h2>
  .\RTE\_TM4C129_Flash
  C:\Keil_v5\ARM\PACK\ARM\CMSIS\5.6.0\CMSIS\Core\Include
  C:\Keil_v5\ARM\PACK\ARM\CMSIS\5.6.0\CMSIS\RTOS\RTX\INC
  C:\Keil_v5\ARM\PACK\Keil\TM4C_DFP\1.1.0\Device\Include\TM4C129

<h2>Collection of Component Files used:</h2>

   * Component: ::CMSIS:RTOS:1.0.0 (API)

   * Component: ARM::CMSIS:CORE:5.3.0

   * Component: ARM::CMSIS:RTOS:Keil RTX:4.82.0
      Include file:  CMSIS\RTOS\RTX\INC\cmsis_os.h
      Source file:   CMSIS\RTOS\RTX\Templates\RTX_Conf_CM.c
      Include file:  CMSIS\RTOS\RTX\UserCodeTemplates\osObjects.h
      Source file:   CMSIS\RTOS\RTX\UserCodeTemplates\main.c
      Source file:   CMSIS\RTOS\RTX\UserCodeTemplates\MailQueue.c
      Source file:   CMSIS\RTOS\RTX\UserCodeTemplates\MemPool.c
      Source file:   CMSIS\RTOS\RTX\UserCodeTemplates\Semaphore.c
      Source file:   CMSIS\RTOS\RTX\SRC\ARM\SVC_Table.s
      Source file:   CMSIS\RTOS\RTX\UserCodeTemplates\Timer.c
      Library file:  CMSIS\RTOS\RTX\LIB\ARM\RTX_CM4.lib
      Source file:   CMSIS\RTOS\RTX\UserCodeTemplates\Thread.c
      Source file:   CMSIS\RTOS\RTX\UserCodeTemplates\Mutex.c
      Source file:   CMSIS\RTOS\RTX\UserCodeTemplates\MsgQueue.c

   * Component: Keil::Device:Startup:1.0.0
      Include file:  Device\Include\TM4C129\TM4C129.h
      Source file:   Device\Source\system_TM4C129.c
      Source file:   Device\Source\ARM\startup_TM4C129.s
Build Time Elapsed:  00:00:11
</pre>
</body>
</html>
