<html>
<body>
<pre>
<h1>µVision Build Log</h1>
<h2>Tool Versions:</h2>
IDE-Version: µVision V5.28.0.0
Copyright (C) 2019 ARM Ltd and ARM Germany GmbH. All rights reserved.
License Information: Matheus Fonseca, UTFPR, LIC=7YKZ9-46MB6-35CTX-HTGJ4-4XUR4-RIUSZ
 
Tool Versions:
Toolchain:       MDK-ARM Professional  Version: 5.28.0.0
Toolchain Path:  C:\Keil_v5\ARM\ARMCC\Bin
C Compiler:      Armcc.exe V5.06 update 6 (build 750)
Assembler:       Armasm.exe V5.06 update 6 (build 750)
Linker/Locator:  ArmLink.exe V5.06 update 6 (build 750)
Library Manager: ArmAr.exe V5.06 update 6 (build 750)
Hex Converter:   FromElf.exe V5.06 update 6 (build 750)
CPU DLL:         SARMCM3.DLL V5.28.0.0
Dialog DLL:      DCM.DLL V1.17.3.0
Target DLL:      lmidk-agdi.dll V???
Dialog DLL:      TCM.DLL V1.36.2.0
 
<h2>Project:</h2>
C:\Users\Matheus\Documents\GitHub\Embarcados_2019_2\Laboratório 3 - Maria e Matheus F\Versão Sequencial Completa\ProjectFiles\base_project.uvprojx
Project File Date:  10/07/2019

<h2>Output:</h2>
*** Using Compiler 'V5.06 update 6 (build 750)', folder: 'C:\Keil_v5\ARM\ARMCC\Bin'
Rebuild Project 'base_project' - Target 'TM4C129 Flash'
compiling exemploTIVA.c...
C:\Users\Matheus\Documents\GitHub\Embarcados_2019_2\Laboratório 3 - Maria e Matheus F\Versão Sequencial Completa\ProjectFiles\buzzer.h(18): warning:  #1295-D: Deprecated declaration buzzer_init - give arg types
  extern void buzzer_init();
C:\Users\Matheus\Documents\GitHub\Embarcados_2019_2\Laboratório 3 - Maria e Matheus F\Versão Sequencial Completa\ProjectFiles\buzzer.h(23): warning:  #1-D: last line of file ends without a newline
  #endif //__BUZZER_H
C:\Users\Matheus\Documents\GitHub\Embarcados_2019_2\Laboratório 3 - Maria e Matheus F\Versão Sequencial Completa\ProjectFiles\exemploTIVA.c(121): warning:  #1295-D: Deprecated declaration EddieController - give arg types
  void EddieController();
C:\Users\Matheus\Documents\GitHub\Embarcados_2019_2\Laboratório 3 - Maria e Matheus F\Versão Sequencial Completa\ProjectFiles\exemploTIVA.c(122): warning:  #1295-D: Deprecated declaration PointsController - give arg types
  void PointsController();
C:\Users\Matheus\Documents\GitHub\Embarcados_2019_2\Laboratório 3 - Maria e Matheus F\Versão Sequencial Completa\ProjectFiles\exemploTIVA.c(123): warning:  #1295-D: Deprecated declaration BossController - give arg types
  void BossController();
C:\Users\Matheus\Documents\GitHub\Embarcados_2019_2\Laboratório 3 - Maria e Matheus F\Versão Sequencial Completa\ProjectFiles\exemploTIVA.c(124): warning:  #1295-D: Deprecated declaration EnemiesController - give arg types
  void EnemiesController();
C:\Users\Matheus\Documents\GitHub\Embarcados_2019_2\Laboratório 3 - Maria e Matheus F\Versão Sequencial Completa\ProjectFiles\exemploTIVA.c(125): warning:  #1295-D: Deprecated declaration GameController - give arg types
  void GameController();
C:\Users\Matheus\Documents\GitHub\Embarcados_2019_2\Laboratório 3 - Maria e Matheus F\Versão Sequencial Completa\ProjectFiles\exemploTIVA.c(126): warning:  #1295-D: Deprecated declaration init_all - give arg types
  void init_all();
C:\Users\Matheus\Documents\GitHub\Embarcados_2019_2\Laboratório 3 - Maria e Matheus F\Versão Sequencial Completa\ProjectFiles\exemploTIVA.c(534): warning:  #177-D: variable "pixel_ed"  was declared but never referenced
                uint32_t color = 0x00, i, j, pixel,pixel_ed;
C:\Users\Matheus\Documents\GitHub\Embarcados_2019_2\Laboratório 3 - Maria e Matheus F\Versão Sequencial Completa\ProjectFiles\exemploTIVA.c(642): warning:  #177-D: variable "pbufx"  was declared but never referenced
                char pbufx[10], pbufy[10];
C:\Users\Matheus\Documents\GitHub\Embarcados_2019_2\Laboratório 3 - Maria e Matheus F\Versão Sequencial Completa\ProjectFiles\exemploTIVA.c(642): warning:  #177-D: variable "pbufy"  was declared but never referenced
                char pbufx[10], pbufy[10];
C:\Users\Matheus\Documents\GitHub\Embarcados_2019_2\Laboratório 3 - Maria e Matheus F\Versão Sequencial Completa\ProjectFiles\exemploTIVA.c(644): warning:  #550-D: variable "Eddie_last_x"  was set but never used
                uint32_t Eddie_last_x;
C:\Users\Matheus\Documents\GitHub\Embarcados_2019_2\Laboratório 3 - Maria e Matheus F\Versão Sequencial Completa\ProjectFiles\exemploTIVA.c(645): warning:  #550-D: variable "Eddie_last_y"  was set but never used
                uint32_t Eddie_last_y;
C:\Users\Matheus\Documents\GitHub\Embarcados_2019_2\Laboratório 3 - Maria e Matheus F\Versão Sequencial Completa\ProjectFiles\exemploTIVA.c(735): warning:  #177-D: variable "x"  was declared but never referenced
                uint16_t x, y, i;
C:\Users\Matheus\Documents\GitHub\Embarcados_2019_2\Laboratório 3 - Maria e Matheus F\Versão Sequencial Completa\ProjectFiles\exemploTIVA.c(735): warning:  #177-D: variable "y"  was declared but never referenced
                uint16_t x, y, i;
C:\Users\Matheus\Documents\GitHub\Embarcados_2019_2\Laboratório 3 - Maria e Matheus F\Versão Sequencial Completa\ProjectFiles\exemploTIVA.c(737): warning:  #550-D: variable "enemies_last_x"  was set but never used
                uint32_t enemies_last_x[ENEMIES_COUNTER] ;
C:\Users\Matheus\Documents\GitHub\Embarcados_2019_2\Laboratório 3 - Maria e Matheus F\Versão Sequencial Completa\ProjectFiles\exemploTIVA.c(738): warning:  #550-D: variable "enemies_last_y"  was set but never used
                uint32_t enemies_last_y[ENEMIES_COUNTER] ;
C:\Users\Matheus\Documents\GitHub\Embarcados_2019_2\Laboratório 3 - Maria e Matheus F\Versão Sequencial Completa\ProjectFiles\exemploTIVA.c(768): warning:  #550-D: variable "points_last_x"  was set but never used
                uint32_t points_last_x[POINT_COUNTER] ;
C:\Users\Matheus\Documents\GitHub\Embarcados_2019_2\Laboratório 3 - Maria e Matheus F\Versão Sequencial Completa\ProjectFiles\exemploTIVA.c(769): warning:  #550-D: variable "points_last_y"  was set but never used
                uint32_t points_last_y[POINT_COUNTER] ;
C:\Users\Matheus\Documents\GitHub\Embarcados_2019_2\Laboratório 3 - Maria e Matheus F\Versão Sequencial Completa\ProjectFiles\exemploTIVA.c(793): warning:  #177-D: variable "x"  was declared but never referenced
                uint16_t x, y, i;
C:\Users\Matheus\Documents\GitHub\Embarcados_2019_2\Laboratório 3 - Maria e Matheus F\Versão Sequencial Completa\ProjectFiles\exemploTIVA.c(793): warning:  #177-D: variable "y"  was declared but never referenced
                uint16_t x, y, i;
C:\Users\Matheus\Documents\GitHub\Embarcados_2019_2\Laboratório 3 - Maria e Matheus F\Versão Sequencial Completa\ProjectFiles\exemploTIVA.c(793): warning:  #177-D: variable "i"  was declared but never referenced
                uint16_t x, y, i;
C:\Users\Matheus\Documents\GitHub\Embarcados_2019_2\Laboratório 3 - Maria e Matheus F\Versão Sequencial Completa\ProjectFiles\exemploTIVA.c(795): warning:  #550-D: variable "boss_last_x"  was set but never used
                uint32_t boss_last_x;
C:\Users\Matheus\Documents\GitHub\Embarcados_2019_2\Laboratório 3 - Maria e Matheus F\Versão Sequencial Completa\ProjectFiles\exemploTIVA.c(796): warning:  #550-D: variable "boss_last_y"  was set but never used
                uint32_t boss_last_y;
C:\Users\Matheus\Documents\GitHub\Embarcados_2019_2\Laboratório 3 - Maria e Matheus F\Versão Sequencial Completa\ProjectFiles\exemploTIVA.c(797): warning:  #550-D: variable "key_last_y"  was set but never used
                uint32_t key_last_y;
C:\Users\Matheus\Documents\GitHub\Embarcados_2019_2\Laboratório 3 - Maria e Matheus F\Versão Sequencial Completa\ProjectFiles\exemploTIVA.c(853): warning:  #177-D: variable "i"  was declared but never referenced
                uint8_t i;
C:\Users\Matheus\Documents\GitHub\Embarcados_2019_2\Laboratório 3 - Maria e Matheus F\Versão Sequencial Completa\ProjectFiles\exemploTIVA.c(860): warning:  #177-D: variable "i"  was declared but never referenced
                uint8_t i;
C:\Users\Matheus\Documents\GitHub\Embarcados_2019_2\Laboratório 3 - Maria e Matheus F\Versão Sequencial Completa\ProjectFiles\exemploTIVA.c(875): warning:  #550-D: variable "last_x"  was set but never used
                uint16_t last_x,last_y;
C:\Users\Matheus\Documents\GitHub\Embarcados_2019_2\Laboratório 3 - Maria e Matheus F\Versão Sequencial Completa\ProjectFiles\exemploTIVA.c(875): warning:  #550-D: variable "last_y"  was set but never used
                uint16_t last_x,last_y;
C:\Users\Matheus\Documents\GitHub\Embarcados_2019_2\Laboratório 3 - Maria e Matheus F\Versão Sequencial Completa\ProjectFiles\exemploTIVA.c(909): warning:  #177-D: variable "last_x"  was declared but never referenced
                uint16_t last_x = enemies_x[id];
C:\Users\Matheus\Documents\GitHub\Embarcados_2019_2\Laboratório 3 - Maria e Matheus F\Versão Sequencial Completa\ProjectFiles\exemploTIVA.c(1079): warning:  #177-D: variable "pbufx"  was declared but never referenced
                char pbufx[10], pbufy[10], pbufz[10];
C:\Users\Matheus\Documents\GitHub\Embarcados_2019_2\Laboratório 3 - Maria e Matheus F\Versão Sequencial Completa\ProjectFiles\exemploTIVA.c(1079): warning:  #177-D: variable "pbufy"  was declared but never referenced
                char pbufx[10], pbufy[10], pbufz[10];
C:\Users\Matheus\Documents\GitHub\Embarcados_2019_2\Laboratório 3 - Maria e Matheus F\Versão Sequencial Completa\ProjectFiles\exemploTIVA.c(1079): warning:  #177-D: variable "pbufz"  was declared but never referenced
                char pbufx[10], pbufy[10], pbufz[10];
C:\Users\Matheus\Documents\GitHub\Embarcados_2019_2\Laboratório 3 - Maria e Matheus F\Versão Sequencial Completa\ProjectFiles\exemploTIVA.c(1082): warning:  #550-D: variable "statusTimer"  was set but never used
                uint8_t statusTimer;
C:\Users\Matheus\Documents\GitHub\Embarcados_2019_2\Laboratório 3 - Maria e Matheus F\Versão Sequencial Completa\ProjectFiles\exemploTIVA.c(231): warning:  #177-D: function "floatToString"  was declared but never referenced
  static void floatToString(float value, char *pBuf, uint32_t len, uint32_t base, uint8_t zeros, uint8_t precision){
exemploTIVA.c: 35 warnings, 0 errors
compiling background.c...
compiling inimigo.c...
compiling boss.c...
compiling point.c...
compiling key.c...
compiling background2.c...
compiling buzzer.c...
C:\Users\Matheus\Documents\GitHub\Embarcados_2019_2\Laboratório 3 - Maria e Matheus F\Versão Sequencial Completa\ProjectFiles\buzzer.h(18): warning:  #1295-D: Deprecated declaration buzzer_init - give arg types
  extern void buzzer_init();
C:\Users\Matheus\Documents\GitHub\Embarcados_2019_2\Laboratório 3 - Maria e Matheus F\Versão Sequencial Completa\ProjectFiles\buzzer.h(23): warning:  #1-D: last line of file ends without a newline
  #endif //__BUZZER_H
C:\Users\Matheus\Documents\GitHub\Embarcados_2019_2\Laboratório 3 - Maria e Matheus F\Versão Sequencial Completa\ProjectFiles\buzzer.c(162): warning:  #1-D: last line of file ends without a newline
  }
C:\Users\Matheus\Documents\GitHub\Embarcados_2019_2\Laboratório 3 - Maria e Matheus F\Versão Sequencial Completa\ProjectFiles\buzzer.c(31): warning:  #550-D: variable "g_ui32SysClock"  was set but never used
  static uint32_t g_ui32SysClock;
C:\Users\Matheus\Documents\GitHub\Embarcados_2019_2\Laboratório 3 - Maria e Matheus F\Versão Sequencial Completa\ProjectFiles\buzzer.c(33): warning:  #550-D: variable "g_current_per"  was set but never used
  static uint16_t g_current_per;
buzzer.c: 5 warnings, 0 errors
compiling accel.c...
C:\Users\Matheus\Documents\GitHub\Embarcados_2019_2\Laboratório 3 - Maria e Matheus F\Versão Sequencial Completa\ProjectFiles\accel.c(89): warning:  #1-D: last line of file ends without a newline
  }
accel.c: 1 warning, 0 errors
compiling buttons.c...
compiling cfaf128x128x16.c...
C:\Users\Matheus\Documents\GitHub\Embarcados_2019_2\Laboratório 3 - Maria e Matheus F\Versão Sequencial Completa\ProjectFiles\cfaf128x128x16.c(770): warning:  #177-D: function "ssiSetDataMode"  was declared but never referenced
  ssiSetDataMode(uint8_t mode) {
C:\Users\Matheus\Documents\GitHub\Embarcados_2019_2\Laboratório 3 - Maria e Matheus F\Versão Sequencial Completa\ProjectFiles\cfaf128x128x16.c(777): warning:  #177-D: function "ssiSetClockDivider"  was declared but never referenced
  ssiSetClockDivider(uint8_t divider){
cfaf128x128x16.c: 2 warnings, 0 errors
compiling led.c...
compiling mic.c...
compiling opt.c...
C:\Users\Matheus\Documents\GitHub\Embarcados_2019_2\Laboratório 3 - Maria e Matheus F\Versão Sequencial Completa\ProjectFiles\opt.c(149): warning:  #128-D: loop is not reachable
                while(i < n){
C:\Users\Matheus\Documents\GitHub\Embarcados_2019_2\Laboratório 3 - Maria e Matheus F\Versão Sequencial Completa\ProjectFiles\opt.c(195): warning:  #128-D: loop is not reachable
                while(i < n-1){
C:\Users\Matheus\Documents\GitHub\Embarcados_2019_2\Laboratório 3 - Maria e Matheus F\Versão Sequencial Completa\ProjectFiles\opt.c(330): warning:  #177-D: variable "temp"  was declared but never referenced
                uint64_t temp = 0;
C:\Users\Matheus\Documents\GitHub\Embarcados_2019_2\Laboratório 3 - Maria e Matheus F\Versão Sequencial Completa\ProjectFiles\opt.c(60): warning:  #550-D: variable "mid"  was set but never used
  static uint16_t mid, did;
C:\Users\Matheus\Documents\GitHub\Embarcados_2019_2\Laboratório 3 - Maria e Matheus F\Versão Sequencial Completa\ProjectFiles\opt.c(60): warning:  #550-D: variable "did"  was set but never used
  static uint16_t mid, did;
C:\Users\Matheus\Documents\GitHub\Embarcados_2019_2\Laboratório 3 - Maria e Matheus F\Versão Sequencial Completa\ProjectFiles\opt.c(86): warning:  #177-D: variable "g_mid"  was declared but never referenced
  static uint16_t g_mid, g_did, g_timeout_count;
C:\Users\Matheus\Documents\GitHub\Embarcados_2019_2\Laboratório 3 - Maria e Matheus F\Versão Sequencial Completa\ProjectFiles\opt.c(86): warning:  #177-D: variable "g_did"  was declared but never referenced
  static uint16_t g_mid, g_did, g_timeout_count;
opt.c: 7 warnings, 0 errors
compiling rgb.c...
compiling servo.c...
C:\Users\Matheus\Documents\GitHub\Embarcados_2019_2\Laboratório 3 - Maria e Matheus F\Versão Sequencial Completa\ProjectFiles\servo.c(59): warning:  #550-D: variable "g_ui32SysClock"  was set but never used
  static uint32_t g_ui32SysClock;
servo.c: 1 warning, 0 errors
compiling joy.c...
compiling temp.c...
C:\Users\Matheus\Documents\GitHub\Embarcados_2019_2\Laboratório 3 - Maria e Matheus F\Versão Sequencial Completa\ProjectFiles\temp.c(158): warning:  #128-D: loop is not reachable
                while(i < n){
C:\Users\Matheus\Documents\GitHub\Embarcados_2019_2\Laboratório 3 - Maria e Matheus F\Versão Sequencial Completa\ProjectFiles\temp.c(207): warning:  #128-D: loop is not reachable
                while(i < n-1){
C:\Users\Matheus\Documents\GitHub\Embarcados_2019_2\Laboratório 3 - Maria e Matheus F\Versão Sequencial Completa\ProjectFiles\temp.c(303): warning:  #177-D: variable "temp"  was declared but never referenced
        uint64_t temp = 0;
C:\Users\Matheus\Documents\GitHub\Embarcados_2019_2\Laboratório 3 - Maria e Matheus F\Versão Sequencial Completa\ProjectFiles\temp.c(94): warning:  #550-D: variable "g_mid"  was set but never used
  static uint16_t g_mid, g_did, g_timeout_count;
C:\Users\Matheus\Documents\GitHub\Embarcados_2019_2\Laboratório 3 - Maria e Matheus F\Versão Sequencial Completa\ProjectFiles\temp.c(94): warning:  #550-D: variable "g_did"  was set but never used
  static uint16_t g_mid, g_did, g_timeout_count;
temp.c: 5 warnings, 0 errors
compiling EddieV3.c...
compiling RTX_Conf_CM.c...
assembling startup_TM4C129.s...
compiling system_TM4C129.c...
linking...
Program Size: Code=22192 RO-data=101452 RW-data=1644 ZI-data=10052  
".\Flash\base_project.axf" - 0 Error(s), 56 Warning(s).

<h2>Software Packages used:</h2>

Package Vendor: ARM
                http://www.keil.com/pack/ARM.CMSIS.5.6.0.pack
                ARM.CMSIS.5.6.0
                CMSIS (Cortex Microcontroller Software Interface Standard)
   * Component: RTOS Version: 1.0.0
   * Component: CORE Version: 5.3.0
   * Component: Keil RTX Version: 4.82.0

Package Vendor: Keil
                http://www.keil.com/pack/Keil.TM4C_DFP.1.1.0.pack
                Keil.TM4C_DFP.1.1.0
                Texas Instruments Tiva C Series Device Support and Examples
   * Component: Startup Version: 1.0.0

<h2>Collection of Component include folders:</h2>
  .\RTE\_TM4C129_Flash
  C:\Keil_v5\ARM\PACK\ARM\CMSIS\5.6.0\CMSIS\Core\Include
  C:\Keil_v5\ARM\PACK\ARM\CMSIS\5.6.0\CMSIS\RTOS\RTX\INC
  C:\Keil_v5\ARM\PACK\Keil\TM4C_DFP\1.1.0\Device\Include\TM4C129

<h2>Collection of Component Files used:</h2>

   * Component: ::CMSIS:RTOS:1.0.0 (API)

   * Component: ARM::CMSIS:CORE:5.3.0

   * Component: ARM::CMSIS:RTOS:Keil RTX:4.82.0
      Source file:   CMSIS\RTOS\RTX\UserCodeTemplates\Thread.c
      Source file:   CMSIS\RTOS\RTX\UserCodeTemplates\MsgQueue.c
      Library file:  CMSIS\RTOS\RTX\LIB\ARM\RTX_CM4.lib
      Source file:   CMSIS\RTOS\RTX\SRC\ARM\SVC_Table.s
      Source file:   CMSIS\RTOS\RTX\UserCodeTemplates\Mutex.c
      Source file:   CMSIS\RTOS\RTX\UserCodeTemplates\Semaphore.c
      Source file:   CMSIS\RTOS\RTX\UserCodeTemplates\Timer.c
      Source file:   CMSIS\RTOS\RTX\UserCodeTemplates\MailQueue.c
      Source file:   CMSIS\RTOS\RTX\Templates\RTX_Conf_CM.c
      Source file:   CMSIS\RTOS\RTX\UserCodeTemplates\MemPool.c
      Include file:  CMSIS\RTOS\RTX\INC\cmsis_os.h
      Source file:   CMSIS\RTOS\RTX\UserCodeTemplates\main.c
      Include file:  CMSIS\RTOS\RTX\UserCodeTemplates\osObjects.h

   * Component: Keil::Device:Startup:1.0.0
      Include file:  Device\Include\TM4C129\TM4C129.h
      Source file:   Device\Source\system_TM4C129.c
      Source file:   Device\Source\ARM\startup_TM4C129.s
Build Time Elapsed:  00:00:07
</pre>
</body>
</html>
