<html>
<body>
<pre>
<h1>µVision Build Log</h1>
<h2>Tool Versions:</h2>
IDE-Version: µVision V5.28.0.0
Copyright (C) 2019 ARM Ltd and ARM Germany GmbH. All rights reserved.
License Information: Matheus Fonseca, UTFPR, LIC=7YKZ9-46MB6-35CTX-HTGJ4-4XUR4-RIUSZ
 
Tool Versions:
Toolchain:       MDK-ARM Professional  Version: 5.28.0.0
Toolchain Path:  C:\Keil_v5\ARM\ARMCC\Bin
C Compiler:      Armcc.exe V5.06 update 6 (build 750)
Assembler:       Armasm.exe V5.06 update 6 (build 750)
Linker/Locator:  ArmLink.exe V5.06 update 6 (build 750)
Library Manager: ArmAr.exe V5.06 update 6 (build 750)
Hex Converter:   FromElf.exe V5.06 update 6 (build 750)
CPU DLL:         SARMCM3.DLL V5.28.0.0
Dialog DLL:      DCM.DLL V1.17.3.0
Target DLL:      lmidk-agdi.dll V???
Dialog DLL:      TCM.DLL V1.36.2.0
 
<h2>Project:</h2>
C:\Users\Matheus\Documents\GitHub\Embarcados_2019_2\Laboratório 3 - Maria e Matheus F\Versão Sequencial Completa\ProjectFiles\base_project.uvprojx
Project File Date:  10/07/2019

<h2>Output:</h2>
*** Using Compiler 'V5.06 update 6 (build 750)', folder: 'C:\Keil_v5\ARM\ARMCC\Bin'
Rebuild Project 'base_project' - Target 'TM4C129 Flash'
compiling exemploTIVA.c...
C:\Users\Matheus\Documents\GitHub\Embarcados_2019_2\Laboratório 3 - Maria e Matheus F\Versão Sequencial Completa\ProjectFiles\rgb.h(66): warning:  #1-D: last line of file ends without a newline
  #endif //__RGB_H__
C:\Users\Matheus\Documents\GitHub\Embarcados_2019_2\Laboratório 3 - Maria e Matheus F\Versão Sequencial Completa\ProjectFiles\servo.h(27): warning:  #1295-D: Deprecated declaration servo_init - give arg types
  extern void servo_init();
C:\Users\Matheus\Documents\GitHub\Embarcados_2019_2\Laboratório 3 - Maria e Matheus F\Versão Sequencial Completa\ProjectFiles\temp.h(23): warning:  #1-D: last line of file ends without a newline
  #endif //__TEMP_H__
C:\Users\Matheus\Documents\GitHub\Embarcados_2019_2\Laboratório 3 - Maria e Matheus F\Versão Sequencial Completa\ProjectFiles\opt.h(20): warning:  #1295-D: Deprecated declaration opt_init - give arg types
  extern void  opt_init();
C:\Users\Matheus\Documents\GitHub\Embarcados_2019_2\Laboratório 3 - Maria e Matheus F\Versão Sequencial Completa\ProjectFiles\opt.h(21): warning:  #1295-D: Deprecated declaration opt_read - give arg types
  extern uint16_t opt_read();
C:\Users\Matheus\Documents\GitHub\Embarcados_2019_2\Laboratório 3 - Maria e Matheus F\Versão Sequencial Completa\ProjectFiles\opt.h(22): warning:  #1295-D: Deprecated declaration opt_read_lux - give arg types
  extern uint32_t opt_read_lux();
C:\Users\Matheus\Documents\GitHub\Embarcados_2019_2\Laboratório 3 - Maria e Matheus F\Versão Sequencial Completa\ProjectFiles\opt.h(24): warning:  #1-D: last line of file ends without a newline
  #endif //__OPT_H__
C:\Users\Matheus\Documents\GitHub\Embarcados_2019_2\Laboratório 3 - Maria e Matheus F\Versão Sequencial Completa\ProjectFiles\buttons.h(5): warning:  #1295-D: Deprecated declaration button_init - give arg types
  extern void button_init();
C:\Users\Matheus\Documents\GitHub\Embarcados_2019_2\Laboratório 3 - Maria e Matheus F\Versão Sequencial Completa\ProjectFiles\buttons.h(6): warning:  #1295-D: Deprecated declaration button_read_s1 - give arg types
  extern bool button_read_s1();
C:\Users\Matheus\Documents\GitHub\Embarcados_2019_2\Laboratório 3 - Maria e Matheus F\Versão Sequencial Completa\ProjectFiles\buttons.h(7): warning:  #1295-D: Deprecated declaration button_read_s2 - give arg types
  extern bool button_read_s2();
C:\Users\Matheus\Documents\GitHub\Embarcados_2019_2\Laboratório 3 - Maria e Matheus F\Versão Sequencial Completa\ProjectFiles\buttons.h(9): warning:  #1-D: last line of file ends without a newline
  #endif //__BUTTONS_H
C:\Users\Matheus\Documents\GitHub\Embarcados_2019_2\Laboratório 3 - Maria e Matheus F\Versão Sequencial Completa\ProjectFiles\buzzer.h(18): warning:  #1295-D: Deprecated declaration buzzer_init - give arg types
  extern void buzzer_init();
C:\Users\Matheus\Documents\GitHub\Embarcados_2019_2\Laboratório 3 - Maria e Matheus F\Versão Sequencial Completa\ProjectFiles\buzzer.h(23): warning:  #1-D: last line of file ends without a newline
  #endif //__BUZZER_H
C:\Users\Matheus\Documents\GitHub\Embarcados_2019_2\Laboratório 3 - Maria e Matheus F\Versão Sequencial Completa\ProjectFiles\joy.h(20): warning:  #1295-D: Deprecated declaration joy_read_center - give arg types
  extern bool joy_read_center();
C:\Users\Matheus\Documents\GitHub\Embarcados_2019_2\Laboratório 3 - Maria e Matheus F\Versão Sequencial Completa\ProjectFiles\mic.h(23): warning:  #1-D: last line of file ends without a newline
  #endif //__MIC_H__
C:\Users\Matheus\Documents\GitHub\Embarcados_2019_2\Laboratório 3 - Maria e Matheus F\Versão Sequencial Completa\ProjectFiles\exemploTIVA.c(512): warning:  #177-D: variable "pixel_ed"  was declared but never referenced
                uint32_t color = 0x00, i, j, pixel,pixel_ed;
C:\Users\Matheus\Documents\GitHub\Embarcados_2019_2\Laboratório 3 - Maria e Matheus F\Versão Sequencial Completa\ProjectFiles\exemploTIVA.c(620): warning:  #177-D: variable "pbufx"  was declared but never referenced
                char pbufx[10], pbufy[10];
C:\Users\Matheus\Documents\GitHub\Embarcados_2019_2\Laboratório 3 - Maria e Matheus F\Versão Sequencial Completa\ProjectFiles\exemploTIVA.c(620): warning:  #177-D: variable "pbufy"  was declared but never referenced
                char pbufx[10], pbufy[10];
C:\Users\Matheus\Documents\GitHub\Embarcados_2019_2\Laboratório 3 - Maria e Matheus F\Versão Sequencial Completa\ProjectFiles\exemploTIVA.c(622): warning:  #550-D: variable "Eddie_last_x"  was set but never used
                uint32_t Eddie_last_x;
C:\Users\Matheus\Documents\GitHub\Embarcados_2019_2\Laboratório 3 - Maria e Matheus F\Versão Sequencial Completa\ProjectFiles\exemploTIVA.c(623): warning:  #550-D: variable "Eddie_last_y"  was set but never used
                uint32_t Eddie_last_y;
C:\Users\Matheus\Documents\GitHub\Embarcados_2019_2\Laboratório 3 - Maria e Matheus F\Versão Sequencial Completa\ProjectFiles\exemploTIVA.c(711): warning:  #177-D: variable "x"  was declared but never referenced
                uint16_t x, y, i;
C:\Users\Matheus\Documents\GitHub\Embarcados_2019_2\Laboratório 3 - Maria e Matheus F\Versão Sequencial Completa\ProjectFiles\exemploTIVA.c(711): warning:  #177-D: variable "y"  was declared but never referenced
                uint16_t x, y, i;
C:\Users\Matheus\Documents\GitHub\Embarcados_2019_2\Laboratório 3 - Maria e Matheus F\Versão Sequencial Completa\ProjectFiles\exemploTIVA.c(713): warning:  #550-D: variable "enemies_last_x"  was set but never used
                uint32_t enemies_last_x[ENEMIES_COUNTER] ;
C:\Users\Matheus\Documents\GitHub\Embarcados_2019_2\Laboratório 3 - Maria e Matheus F\Versão Sequencial Completa\ProjectFiles\exemploTIVA.c(714): warning:  #550-D: variable "enemies_last_y"  was set but never used
                uint32_t enemies_last_y[ENEMIES_COUNTER] ;
C:\Users\Matheus\Documents\GitHub\Embarcados_2019_2\Laboratório 3 - Maria e Matheus F\Versão Sequencial Completa\ProjectFiles\exemploTIVA.c(744): warning:  #550-D: variable "points_last_x"  was set but never used
                uint32_t points_last_x[POINT_COUNTER] ;
C:\Users\Matheus\Documents\GitHub\Embarcados_2019_2\Laboratório 3 - Maria e Matheus F\Versão Sequencial Completa\ProjectFiles\exemploTIVA.c(745): warning:  #550-D: variable "points_last_y"  was set but never used
                uint32_t points_last_y[POINT_COUNTER] ;
C:\Users\Matheus\Documents\GitHub\Embarcados_2019_2\Laboratório 3 - Maria e Matheus F\Versão Sequencial Completa\ProjectFiles\exemploTIVA.c(769): warning:  #177-D: variable "x"  was declared but never referenced
                uint16_t x, y, i;
C:\Users\Matheus\Documents\GitHub\Embarcados_2019_2\Laboratório 3 - Maria e Matheus F\Versão Sequencial Completa\ProjectFiles\exemploTIVA.c(769): warning:  #177-D: variable "y"  was declared but never referenced
                uint16_t x, y, i;
C:\Users\Matheus\Documents\GitHub\Embarcados_2019_2\Laboratório 3 - Maria e Matheus F\Versão Sequencial Completa\ProjectFiles\exemploTIVA.c(769): warning:  #177-D: variable "i"  was declared but never referenced
                uint16_t x, y, i;
C:\Users\Matheus\Documents\GitHub\Embarcados_2019_2\Laboratório 3 - Maria e Matheus F\Versão Sequencial Completa\ProjectFiles\exemploTIVA.c(771): warning:  #550-D: variable "boss_last_x"  was set but never used
                uint32_t boss_last_x;
C:\Users\Matheus\Documents\GitHub\Embarcados_2019_2\Laboratório 3 - Maria e Matheus F\Versão Sequencial Completa\ProjectFiles\exemploTIVA.c(772): warning:  #550-D: variable "boss_last_y"  was set but never used
                uint32_t boss_last_y;
C:\Users\Matheus\Documents\GitHub\Embarcados_2019_2\Laboratório 3 - Maria e Matheus F\Versão Sequencial Completa\ProjectFiles\exemploTIVA.c(773): warning:  #550-D: variable "key_last_y"  was set but never used
                uint32_t key_last_y;
C:\Users\Matheus\Documents\GitHub\Embarcados_2019_2\Laboratório 3 - Maria e Matheus F\Versão Sequencial Completa\ProjectFiles\exemploTIVA.c(829): warning:  #177-D: variable "i"  was declared but never referenced
                uint8_t i;
C:\Users\Matheus\Documents\GitHub\Embarcados_2019_2\Laboratório 3 - Maria e Matheus F\Versão Sequencial Completa\ProjectFiles\exemploTIVA.c(836): warning:  #177-D: variable "i"  was declared but never referenced
                uint8_t i;
C:\Users\Matheus\Documents\GitHub\Embarcados_2019_2\Laboratório 3 - Maria e Matheus F\Versão Sequencial Completa\ProjectFiles\exemploTIVA.c(851): warning:  #550-D: variable "last_x"  was set but never used
                uint16_t last_x,last_y;
C:\Users\Matheus\Documents\GitHub\Embarcados_2019_2\Laboratório 3 - Maria e Matheus F\Versão Sequencial Completa\ProjectFiles\exemploTIVA.c(851): warning:  #550-D: variable "last_y"  was set but never used
                uint16_t last_x,last_y;
C:\Users\Matheus\Documents\GitHub\Embarcados_2019_2\Laboratório 3 - Maria e Matheus F\Versão Sequencial Completa\ProjectFiles\exemploTIVA.c(885): warning:  #177-D: variable "last_x"  was declared but never referenced
                uint16_t last_x = enemies_x[id];
C:\Users\Matheus\Documents\GitHub\Embarcados_2019_2\Laboratório 3 - Maria e Matheus F\Versão Sequencial Completa\ProjectFiles\exemploTIVA.c(1058): warning:  #177-D: variable "pbufx"  was declared but never referenced
                char pbufx[10], pbufy[10], pbufz[10];
C:\Users\Matheus\Documents\GitHub\Embarcados_2019_2\Laboratório 3 - Maria e Matheus F\Versão Sequencial Completa\ProjectFiles\exemploTIVA.c(1058): warning:  #177-D: variable "pbufy"  was declared but never referenced
                char pbufx[10], pbufy[10], pbufz[10];
C:\Users\Matheus\Documents\GitHub\Embarcados_2019_2\Laboratório 3 - Maria e Matheus F\Versão Sequencial Completa\ProjectFiles\exemploTIVA.c(1058): warning:  #177-D: variable "pbufz"  was declared but never referenced
                char pbufx[10], pbufy[10], pbufz[10];
C:\Users\Matheus\Documents\GitHub\Embarcados_2019_2\Laboratório 3 - Maria e Matheus F\Versão Sequencial Completa\ProjectFiles\exemploTIVA.c(1215): warning:  #144-D: a value of type "void (*)()" cannot be used to initialize an entity of type "os_pthread"
  osThreadDef(t_GameController, osPriorityNormal, 1, 0);
C:\Users\Matheus\Documents\GitHub\Embarcados_2019_2\Laboratório 3 - Maria e Matheus F\Versão Sequencial Completa\ProjectFiles\exemploTIVA.c(1221): warning:  #144-D: a value of type "void (*)()" cannot be used to initialize an entity of type "os_ptimer"
  osTimerDef(clock, t_TimerCallBack);
C:\Users\Matheus\Documents\GitHub\Embarcados_2019_2\Laboratório 3 - Maria e Matheus F\Versão Sequencial Completa\ProjectFiles\exemploTIVA.c(179): warning:  #177-D: function "floatToString"  was declared but never referenced
  static void floatToString(float value, char *pBuf, uint32_t len, uint32_t base, uint8_t zeros, uint8_t precision){
exemploTIVA.c: 43 warnings, 0 errors
compiling background.c...
compiling inimigo.c...
compiling boss.c...
compiling point.c...
compiling key.c...
compiling background2.c...
compiling buzzer.c...
C:\Users\Matheus\Documents\GitHub\Embarcados_2019_2\Laboratório 3 - Maria e Matheus F\Versão Sequencial Completa\ProjectFiles\buzzer.h(18): warning:  #1295-D: Deprecated declaration buzzer_init - give arg types
  extern void buzzer_init();
C:\Users\Matheus\Documents\GitHub\Embarcados_2019_2\Laboratório 3 - Maria e Matheus F\Versão Sequencial Completa\ProjectFiles\buzzer.h(23): warning:  #1-D: last line of file ends without a newline
  #endif //__BUZZER_H
C:\Users\Matheus\Documents\GitHub\Embarcados_2019_2\Laboratório 3 - Maria e Matheus F\Versão Sequencial Completa\ProjectFiles\buzzer.c(162): warning:  #1-D: last line of file ends without a newline
  }
C:\Users\Matheus\Documents\GitHub\Embarcados_2019_2\Laboratório 3 - Maria e Matheus F\Versão Sequencial Completa\ProjectFiles\buzzer.c(31): warning:  #550-D: variable "g_ui32SysClock"  was set but never used
  static uint32_t g_ui32SysClock;
C:\Users\Matheus\Documents\GitHub\Embarcados_2019_2\Laboratório 3 - Maria e Matheus F\Versão Sequencial Completa\ProjectFiles\buzzer.c(33): warning:  #550-D: variable "g_current_per"  was set but never used
  static uint16_t g_current_per;
buzzer.c: 5 warnings, 0 errors
compiling accel.c...
C:\Users\Matheus\Documents\GitHub\Embarcados_2019_2\Laboratório 3 - Maria e Matheus F\Versão Sequencial Completa\ProjectFiles\accel.c(89): warning:  #1-D: last line of file ends without a newline
  }
accel.c: 1 warning, 0 errors
compiling buttons.c...
C:\Users\Matheus\Documents\GitHub\Embarcados_2019_2\Laboratório 3 - Maria e Matheus F\Versão Sequencial Completa\ProjectFiles\buttons.h(5): warning:  #1295-D: Deprecated declaration button_init - give arg types
  extern void button_init();
C:\Users\Matheus\Documents\GitHub\Embarcados_2019_2\Laboratório 3 - Maria e Matheus F\Versão Sequencial Completa\ProjectFiles\buttons.h(6): warning:  #1295-D: Deprecated declaration button_read_s1 - give arg types
  extern bool button_read_s1();
C:\Users\Matheus\Documents\GitHub\Embarcados_2019_2\Laboratório 3 - Maria e Matheus F\Versão Sequencial Completa\ProjectFiles\buttons.h(7): warning:  #1295-D: Deprecated declaration button_read_s2 - give arg types
  extern bool button_read_s2();
C:\Users\Matheus\Documents\GitHub\Embarcados_2019_2\Laboratório 3 - Maria e Matheus F\Versão Sequencial Completa\ProjectFiles\buttons.h(9): warning:  #1-D: last line of file ends without a newline
  #endif //__BUTTONS_H
buttons.c: 4 warnings, 0 errors
compiling cfaf128x128x16.c...
C:\Users\Matheus\Documents\GitHub\Embarcados_2019_2\Laboratório 3 - Maria e Matheus F\Versão Sequencial Completa\ProjectFiles\cfaf128x128x16.c(880): warning:  #1-D: last line of file ends without a newline
  //*****************************************************************************
C:\Users\Matheus\Documents\GitHub\Embarcados_2019_2\Laboratório 3 - Maria e Matheus F\Versão Sequencial Completa\ProjectFiles\cfaf128x128x16.c(770): warning:  #177-D: function "ssiSetDataMode"  was declared but never referenced
  ssiSetDataMode(uint8_t mode) {
C:\Users\Matheus\Documents\GitHub\Embarcados_2019_2\Laboratório 3 - Maria e Matheus F\Versão Sequencial Completa\ProjectFiles\cfaf128x128x16.c(777): warning:  #177-D: function "ssiSetClockDivider"  was declared but never referenced
  ssiSetClockDivider(uint8_t divider){
cfaf128x128x16.c: 3 warnings, 0 errors
compiling led.c...
compiling mic.c...
C:\Users\Matheus\Documents\GitHub\Embarcados_2019_2\Laboratório 3 - Maria e Matheus F\Versão Sequencial Completa\ProjectFiles\mic.h(23): warning:  #1-D: last line of file ends without a newline
  #endif //__MIC_H__
C:\Users\Matheus\Documents\GitHub\Embarcados_2019_2\Laboratório 3 - Maria e Matheus F\Versão Sequencial Completa\ProjectFiles\mic.c(91): warning:  #1-D: last line of file ends without a newline
  }
mic.c: 2 warnings, 0 errors
compiling opt.c...
C:\Users\Matheus\Documents\GitHub\Embarcados_2019_2\Laboratório 3 - Maria e Matheus F\Versão Sequencial Completa\ProjectFiles\opt.h(20): warning:  #1295-D: Deprecated declaration opt_init - give arg types
  extern void  opt_init();
C:\Users\Matheus\Documents\GitHub\Embarcados_2019_2\Laboratório 3 - Maria e Matheus F\Versão Sequencial Completa\ProjectFiles\opt.h(21): warning:  #1295-D: Deprecated declaration opt_read - give arg types
  extern uint16_t opt_read();
C:\Users\Matheus\Documents\GitHub\Embarcados_2019_2\Laboratório 3 - Maria e Matheus F\Versão Sequencial Completa\ProjectFiles\opt.h(22): warning:  #1295-D: Deprecated declaration opt_read_lux - give arg types
  extern uint32_t opt_read_lux();
C:\Users\Matheus\Documents\GitHub\Embarcados_2019_2\Laboratório 3 - Maria e Matheus F\Versão Sequencial Completa\ProjectFiles\opt.h(24): warning:  #1-D: last line of file ends without a newline
  #endif //__OPT_H__
C:\Users\Matheus\Documents\GitHub\Embarcados_2019_2\Laboratório 3 - Maria e Matheus F\Versão Sequencial Completa\ProjectFiles\opt.c(149): warning:  #128-D: loop is not reachable
                while(i < n){
C:\Users\Matheus\Documents\GitHub\Embarcados_2019_2\Laboratório 3 - Maria e Matheus F\Versão Sequencial Completa\ProjectFiles\opt.c(195): warning:  #128-D: loop is not reachable
                while(i < n-1){
C:\Users\Matheus\Documents\GitHub\Embarcados_2019_2\Laboratório 3 - Maria e Matheus F\Versão Sequencial Completa\ProjectFiles\opt.c(330): warning:  #177-D: variable "temp"  was declared but never referenced
                uint64_t temp = 0;
C:\Users\Matheus\Documents\GitHub\Embarcados_2019_2\Laboratório 3 - Maria e Matheus F\Versão Sequencial Completa\ProjectFiles\opt.c(60): warning:  #550-D: variable "mid"  was set but never used
  static uint16_t mid, did;
C:\Users\Matheus\Documents\GitHub\Embarcados_2019_2\Laboratório 3 - Maria e Matheus F\Versão Sequencial Completa\ProjectFiles\opt.c(60): warning:  #550-D: variable "did"  was set but never used
  static uint16_t mid, did;
C:\Users\Matheus\Documents\GitHub\Embarcados_2019_2\Laboratório 3 - Maria e Matheus F\Versão Sequencial Completa\ProjectFiles\opt.c(86): warning:  #177-D: variable "g_mid"  was declared but never referenced
  static uint16_t g_mid, g_did, g_timeout_count;
C:\Users\Matheus\Documents\GitHub\Embarcados_2019_2\Laboratório 3 - Maria e Matheus F\Versão Sequencial Completa\ProjectFiles\opt.c(86): warning:  #177-D: variable "g_did"  was declared but never referenced
  static uint16_t g_mid, g_did, g_timeout_count;
opt.c: 11 warnings, 0 errors
compiling rgb.c...
C:\Users\Matheus\Documents\GitHub\Embarcados_2019_2\Laboratório 3 - Maria e Matheus F\Versão Sequencial Completa\ProjectFiles\rgb.h(66): warning:  #1-D: last line of file ends without a newline
  #endif //__RGB_H__
C:\Users\Matheus\Documents\GitHub\Embarcados_2019_2\Laboratório 3 - Maria e Matheus F\Versão Sequencial Completa\ProjectFiles\rgb.c(290): warning:  #1-D: last line of file ends without a newline
  }
rgb.c: 2 warnings, 0 errors
compiling servo.c...
C:\Users\Matheus\Documents\GitHub\Embarcados_2019_2\Laboratório 3 - Maria e Matheus F\Versão Sequencial Completa\ProjectFiles\servo.h(27): warning:  #1295-D: Deprecated declaration servo_init - give arg types
  extern void servo_init();
C:\Users\Matheus\Documents\GitHub\Embarcados_2019_2\Laboratório 3 - Maria e Matheus F\Versão Sequencial Completa\ProjectFiles\servo.c(59): warning:  #550-D: variable "g_ui32SysClock"  was set but never used
  static uint32_t g_ui32SysClock;
servo.c: 2 warnings, 0 errors
compiling joy.c...
C:\Users\Matheus\Documents\GitHub\Embarcados_2019_2\Laboratório 3 - Maria e Matheus F\Versão Sequencial Completa\ProjectFiles\joy.h(20): warning:  #1295-D: Deprecated declaration joy_read_center - give arg types
  extern bool joy_read_center();
C:\Users\Matheus\Documents\GitHub\Embarcados_2019_2\Laboratório 3 - Maria e Matheus F\Versão Sequencial Completa\ProjectFiles\joy.c(102): warning:  #1-D: last line of file ends without a newline
  }
joy.c: 2 warnings, 0 errors
compiling temp.c...
C:\Users\Matheus\Documents\GitHub\Embarcados_2019_2\Laboratório 3 - Maria e Matheus F\Versão Sequencial Completa\ProjectFiles\temp.h(23): warning:  #1-D: last line of file ends without a newline
  #endif //__TEMP_H__
C:\Users\Matheus\Documents\GitHub\Embarcados_2019_2\Laboratório 3 - Maria e Matheus F\Versão Sequencial Completa\ProjectFiles\temp.c(158): warning:  #128-D: loop is not reachable
                while(i < n){
C:\Users\Matheus\Documents\GitHub\Embarcados_2019_2\Laboratório 3 - Maria e Matheus F\Versão Sequencial Completa\ProjectFiles\temp.c(207): warning:  #128-D: loop is not reachable
                while(i < n-1){
C:\Users\Matheus\Documents\GitHub\Embarcados_2019_2\Laboratório 3 - Maria e Matheus F\Versão Sequencial Completa\ProjectFiles\temp.c(303): warning:  #177-D: variable "temp"  was declared but never referenced
        uint64_t temp = 0;
C:\Users\Matheus\Documents\GitHub\Embarcados_2019_2\Laboratório 3 - Maria e Matheus F\Versão Sequencial Completa\ProjectFiles\temp.c(94): warning:  #550-D: variable "g_mid"  was set but never used
  static uint16_t g_mid, g_did, g_timeout_count;
C:\Users\Matheus\Documents\GitHub\Embarcados_2019_2\Laboratório 3 - Maria e Matheus F\Versão Sequencial Completa\ProjectFiles\temp.c(94): warning:  #550-D: variable "g_did"  was set but never used
  static uint16_t g_mid, g_did, g_timeout_count;
temp.c: 6 warnings, 0 errors
compiling EddieV3.c...
compiling RTX_Conf_CM.c...
assembling startup_TM4C129.s...
compiling system_TM4C129.c...
linking...
Program Size: Code=22116 RO-data=101428 RW-data=1644 ZI-data=9980  
".\Flash\base_project.axf" - 0 Error(s), 81 Warning(s).

<h2>Software Packages used:</h2>

Package Vendor: ARM
                http://www.keil.com/pack/ARM.CMSIS.5.6.0.pack
                ARM.CMSIS.5.6.0
                CMSIS (Cortex Microcontroller Software Interface Standard)
   * Component: RTOS Version: 1.0.0
   * Component: CORE Version: 5.3.0
   * Component: Keil RTX Version: 4.82.0

Package Vendor: Keil
                http://www.keil.com/pack/Keil.TM4C_DFP.1.1.0.pack
                Keil.TM4C_DFP.1.1.0
                Texas Instruments Tiva C Series Device Support and Examples
   * Component: Startup Version: 1.0.0

<h2>Collection of Component include folders:</h2>
  .\RTE\_TM4C129_Flash
  C:\Keil_v5\ARM\PACK\ARM\CMSIS\5.6.0\CMSIS\Core\Include
  C:\Keil_v5\ARM\PACK\ARM\CMSIS\5.6.0\CMSIS\RTOS\RTX\INC
  C:\Keil_v5\ARM\PACK\Keil\TM4C_DFP\1.1.0\Device\Include\TM4C129

<h2>Collection of Component Files used:</h2>

   * Component: ::CMSIS:RTOS:1.0.0 (API)

   * Component: ARM::CMSIS:CORE:5.3.0

   * Component: ARM::CMSIS:RTOS:Keil RTX:4.82.0
      Library file:  CMSIS\RTOS\RTX\LIB\ARM\RTX_CM4.lib
      Include file:  CMSIS\RTOS\RTX\INC\cmsis_os.h
      Source file:   CMSIS\RTOS\RTX\Templates\RTX_Conf_CM.c
      Include file:  CMSIS\RTOS\RTX\UserCodeTemplates\osObjects.h
      Source file:   CMSIS\RTOS\RTX\UserCodeTemplates\Mutex.c
      Source file:   CMSIS\RTOS\RTX\UserCodeTemplates\MemPool.c
      Source file:   CMSIS\RTOS\RTX\UserCodeTemplates\Thread.c
      Source file:   CMSIS\RTOS\RTX\UserCodeTemplates\MsgQueue.c
      Source file:   CMSIS\RTOS\RTX\UserCodeTemplates\Timer.c
      Source file:   CMSIS\RTOS\RTX\SRC\ARM\SVC_Table.s
      Source file:   CMSIS\RTOS\RTX\UserCodeTemplates\MailQueue.c
      Source file:   CMSIS\RTOS\RTX\UserCodeTemplates\Semaphore.c
      Source file:   CMSIS\RTOS\RTX\UserCodeTemplates\main.c

   * Component: Keil::Device:Startup:1.0.0
      Source file:   Device\Source\ARM\startup_TM4C129.s
      Include file:  Device\Include\TM4C129\TM4C129.h
      Source file:   Device\Source\system_TM4C129.c
Build Time Elapsed:  00:00:08
</pre>
</body>
</html>
