Component: ARM Compiler 5.06 update 6 (build 750) Tool: armlink [4d35ed]

==============================================================================

Section Cross References

    exemplotiva.o(.text) refers to llsdiv.o(.text) for __aeabi_ldivmod
    exemplotiva.o(.text) refers to cfaf128x128x16.o(.text) for cfaf128x128x16Init
    exemplotiva.o(.text) refers to joy.o(.text) for joy_init
    exemplotiva.o(.text) refers to accel.o(.text) for accel_init
    exemplotiva.o(.text) refers to buzzer.o(.text) for buzzer_init
    exemplotiva.o(.text) refers to buttons.o(.text) for button_init
    exemplotiva.o(.text) refers to mic.o(.text) for mic_init
    exemplotiva.o(.text) refers to rgb.o(.text) for rgb_init
    exemplotiva.o(.text) refers to servo.o(.text) for servo_init
    exemplotiva.o(.text) refers to temp.o(.text) for temp_init
    exemplotiva.o(.text) refers to opt.o(.text) for opt_init
    exemplotiva.o(.text) refers to led.o(.text) for led_init
    exemplotiva.o(.text) refers to circle.o(i.GrCircleDraw) for GrCircleDraw
    exemplotiva.o(.text) refers to circle.o(i.GrCircleFill) for GrCircleFill
    exemplotiva.o(.text) refers to context.o(i.GrContextInit) for GrContextInit
    exemplotiva.o(.text) refers to string.o(i.GrContextFontSet) for GrContextFontSet
    exemplotiva.o(.text) refers to string.o(i.GrStringDraw) for GrStringDraw
    exemplotiva.o(.text) refers to exemplotiva.o(.data) for .data
    exemplotiva.o(.text) refers to exemplotiva.o(.bss) for .bss
    exemplotiva.o(.text) refers to eddiev3.o(.constdata) for Eddie_start
    exemplotiva.o(.text) refers to eddiev3.o(.constdata) for Eddie
    exemplotiva.o(.text) refers to background.o(.constdata) for Background_start
    exemplotiva.o(.text) refers to background.o(.constdata) for Background
    exemplotiva.o(.text) refers to cfaf128x128x16.o(.constdata) for g_sCfaf128x128x16
    exemplotiva.o(.text) refers to fontfixed6x8.o(.constdata) for g_sFontFixed6x8
    exemplotiva.o(.text) refers to dflt_clz.o(x$fpl$dfltu) for __aeabi_ui2d
    exemplotiva.o(.text) refers to dmul.o(x$fpl$dmul) for __aeabi_dmul
    exemplotiva.o(.text) refers to dfixu.o(x$fpl$dfixu) for __aeabi_d2uiz
    exemplotiva.o(.text) refers to daddsub_clz.o(x$fpl$dadd) for __aeabi_dadd
    exemplotiva.o(.text) refers to rt_cmsis.o(i.osDelay) for osDelay
    exemplotiva.o(.data) refers to exemplotiva.o(.conststring) for .conststring
    buzzer.o(.text) refers to pwm.o(i.PWMClockSet) for PWMClockSet
    buzzer.o(.text) refers to pwm.o(i.PWMOutputState) for PWMOutputState
    buzzer.o(.text) refers to pwm.o(i.PWMGenPeriodGet) for PWMGenPeriodGet
    buzzer.o(.text) refers to pwm.o(i.PWMPulseWidthSet) for PWMPulseWidthSet
    buzzer.o(.text) refers to pwm.o(i.PWMGenPeriodSet) for PWMGenPeriodSet
    buzzer.o(.text) refers to sysctl.o(i.SysCtlPeripheralEnable) for SysCtlPeripheralEnable
    buzzer.o(.text) refers to sysctl.o(i.SysCtlPeripheralReady) for SysCtlPeripheralReady
    buzzer.o(.text) refers to gpio.o(i.GPIOPinTypePWM) for GPIOPinTypePWM
    buzzer.o(.text) refers to gpio.o(i.GPIOPinConfigure) for GPIOPinConfigure
    buzzer.o(.text) refers to pwm.o(i.PWMGenConfigure) for PWMGenConfigure
    buzzer.o(.text) refers to pwm.o(i.PWMOutputInvert) for PWMOutputInvert
    buzzer.o(.text) refers to pwm.o(i.PWMGenEnable) for PWMGenEnable
    buzzer.o(.text) refers to buzzer.o(.data) for .data
    accel.o(.text) refers to sysctl.o(i.SysCtlPeripheralEnable) for SysCtlPeripheralEnable
    accel.o(.text) refers to adc.o(i.ADCSequenceStepConfigure) for ADCSequenceStepConfigure
    accel.o(.text) refers to gpio.o(i.GPIOPinTypeADC) for GPIOPinTypeADC
    accel.o(.text) refers to adc.o(i.ADCSequenceConfigure) for ADCSequenceConfigure
    accel.o(.text) refers to adc.o(i.ADCSequenceEnable) for ADCSequenceEnable
    accel.o(.text) refers to adc.o(i.ADCIntClear) for ADCIntClear
    accel.o(.text) refers to adc.o(i.ADCProcessorTrigger) for ADCProcessorTrigger
    accel.o(.text) refers to adc.o(i.ADCIntStatus) for ADCIntStatus
    accel.o(.text) refers to adc.o(i.ADCSequenceDataGet) for ADCSequenceDataGet
    buttons.o(.text) refers to sysctl.o(i.SysCtlPeripheralEnable) for SysCtlPeripheralEnable
    buttons.o(.text) refers to sysctl.o(i.SysCtlPeripheralReady) for SysCtlPeripheralReady
    buttons.o(.text) refers to gpio.o(i.GPIOPinTypeGPIOInput) for GPIOPinTypeGPIOInput
    buttons.o(.text) refers to gpio.o(i.GPIOPinRead) for GPIOPinRead
    cfaf128x128x16.o(.text) refers to cfaf128x128x16.o(.data) for .data
    cfaf128x128x16.o(.text) refers to sysctl.o(i.SysCtlClockFreqSet) for SysCtlClockFreqSet
    cfaf128x128x16.o(.constdata) refers to cfaf128x128x16.o(.text) for cfaf128x128x16PixelDraw
    led.o(.text) refers to led.o(.constdata) for .constdata
    mic.o(.text) refers to sysctl.o(i.SysCtlPeripheralEnable) for SysCtlPeripheralEnable
    mic.o(.text) refers to adc.o(i.ADCSequenceStepConfigure) for ADCSequenceStepConfigure
[...]
    __ARM_exceptions_init                     - Undefined Weak Reference
    __alloca_initialize                       - Undefined Weak Reference
    __arm_preinit_                            - Undefined Weak Reference
    __cpp_initialize__aeabi_                  - Undefined Weak Reference
    __cxa_finalize                            - Undefined Weak Reference
    __rt_locale                               - Undefined Weak Reference
    __sigvec_lookup                           - Undefined Weak Reference
    _atexit_init                              - Undefined Weak Reference
    _call_atexit_fns                          - Undefined Weak Reference
    _clock_init                               - Undefined Weak Reference
    _fp_trap_init                             - Undefined Weak Reference
    _fp_trap_shutdown                         - Undefined Weak Reference
    _get_lc_collate                           - Undefined Weak Reference
    _get_lc_ctype                             - Undefined Weak Reference
    _get_lc_monetary                          - Undefined Weak Reference
    _get_lc_numeric                           - Undefined Weak Reference
    _get_lc_time                              - Undefined Weak Reference
    _getenv_init                              - Undefined Weak Reference
    _handle_redirection                       - Undefined Weak Reference
    _init_alloc                               - Undefined Weak Reference
    _init_user_alloc                          - Undefined Weak Reference
    _initio                                   - Undefined Weak Reference
    _rand_init                                - Undefined Weak Reference
    _signal_finish                            - Undefined Weak Reference
    _signal_init                              - Undefined Weak Reference
    _terminate_alloc                          - Undefined Weak Reference
    _terminate_user_alloc                     - Undefined Weak Reference
    _terminateio                              - Undefined Weak Reference
    __Vectors_End                            0x00000200   Data           0  startup_tm4c129.o(RESET)
    __Vectors_Size                           0x00000200   Number         0  startup_tm4c129.o ABSOLUTE
    __main                                   0x00000201   Thumb Code     8  __main.o(!!!main)
    __scatterload                            0x00000209   Thumb Code     0  __scatter.o(!!!scatter)
    __scatterload_rt2                        0x00000209   Thumb Code    44  __scatter.o(!!!scatter)
    __scatterload_rt2_thumb_only             0x00000209   Thumb Code     0  __scatter.o(!!!scatter)
    __scatterload_null                       0x00000217   Thumb Code     0  __scatter.o(!!!scatter)
    __decompress                             0x0000023d   Thumb Code    58  __dczerorl.o(!!dczerorl)
    __decompress0                            0x0000023d   Thumb Code     0  __dczerorl.o(!!dczerorl)
    __scatterload_zeroinit                   0x00000279   Thumb Code    28  __scatter_zi.o(!!handler_zi)
    __rt_lib_init                            0x00000295   Thumb Code     0  libinit.o(.ARM.Collect$$libinit$$00000000)
    __rt_lib_init_fp_1                       0x00000297   Thumb Code     0  libinit2.o(.ARM.Collect$$libinit$$00000001)
    __rt_lib_init_alloca_1                   0x0000029b   Thumb Code     0  libinit2.o(.ARM.Collect$$libinit$$0000002E)
    __rt_lib_init_argv_1                     0x0000029b   Thumb Code     0  libinit2.o(.ARM.Collect$$libinit$$0000002C)
    __rt_lib_init_atexit_1                   0x0000029b   Thumb Code     0  libinit2.o(.ARM.Collect$$libinit$$0000001B)
    __rt_lib_init_clock_1                    0x0000029b   Thumb Code     0  libinit2.o(.ARM.Collect$$libinit$$00000021)
    __rt_lib_init_cpp_1                      0x0000029b   Thumb Code     0  libinit2.o(.ARM.Collect$$libinit$$00000032)
    __rt_lib_init_exceptions_1               0x0000029b   Thumb Code     0  libinit2.o(.ARM.Collect$$libinit$$00000030)
    __rt_lib_init_fp_trap_1                  0x0000029b   Thumb Code     0  libinit2.o(.ARM.Collect$$libinit$$0000001F)
    __rt_lib_init_getenv_1                   0x0000029b   Thumb Code     0  libinit2.o(.ARM.Collect$$libinit$$00000023)
    __rt_lib_init_heap_1                     0x0000029b   Thumb Code     0  libinit2.o(.ARM.Collect$$libinit$$0000000A)
    __rt_lib_init_lc_collate_1               0x0000029b   Thumb Code     0  libinit2.o(.ARM.Collect$$libinit$$00000011)
    __rt_lib_init_lc_ctype_1                 0x0000029b   Thumb Code     0  libinit2.o(.ARM.Collect$$libinit$$00000013)
    __rt_lib_init_lc_monetary_1              0x0000029b   Thumb Code     0  libinit2.o(.ARM.Collect$$libinit$$00000015)
    __rt_lib_init_lc_numeric_1               0x0000029b   Thumb Code     0  libinit2.o(.ARM.Collect$$libinit$$00000017)
    __rt_lib_init_lc_time_1                  0x0000029b   Thumb Code     0  libinit2.o(.ARM.Collect$$libinit$$00000019)
    __rt_lib_init_preinit_1                  0x0000029b   Thumb Code     0  libinit2.o(.ARM.Collect$$libinit$$00000004)
    __rt_lib_init_rand_1                     0x0000029b   Thumb Code     0  libinit2.o(.ARM.Collect$$libinit$$0000000E)
    __rt_lib_init_return                     0x0000029b   Thumb Code     0  libinit2.o(.ARM.Collect$$libinit$$00000033)
    __rt_lib_init_signal_1                   0x0000029b   Thumb Code     0  libinit2.o(.ARM.Collect$$libinit$$0000001D)
    __rt_lib_init_stdio_1                    0x0000029b   Thumb Code     0  libinit2.o(.ARM.Collect$$libinit$$00000025)
    __rt_lib_init_user_alloc_1               0x0000029b   Thumb Code     0  libinit2.o(.ARM.Collect$$libinit$$0000000C)
    __rt_lib_shutdown                        0x0000029d   Thumb Code     0  libshutdown.o(.ARM.Collect$$libshutdown$$00000000)
    __rt_lib_shutdown_cpp_1                  0x0000029f   Thumb Code     0  libshutdown2.o(.ARM.Collect$$libshutdown$$00000002)
    __rt_lib_shutdown_fp_trap_1              0x0000029f   Thumb Code     0  libshutdown2.o(.ARM.Collect$$libshutdown$$00000007)
    __rt_lib_shutdown_heap_1                 0x0000029f   Thumb Code     0  libshutdown2.o(.ARM.Collect$$libshutdown$$0000000F)
    __rt_lib_shutdown_return                 0x0000029f   Thumb Code     0  libshutdown2.o(.ARM.Collect$$libshutdown$$00000010)
    __rt_lib_shutdown_signal_1               0x0000029f   Thumb Code     0  libshutdown2.o(.ARM.Collect$$libshutdown$$0000000A)
    __rt_lib_shutdown_stdio_1                0x0000029f   Thumb Code     0  libshutdown2.o(.ARM.Collect$$libshutdown$$00000004)
    __rt_lib_shutdown_user_alloc_1           0x0000029f   Thumb Code     0  libshutdown2.o(.ARM.Collect$$libshutdown$$0000000C)
    __rt_entry                               0x000002a1   Thumb Code     0  __rtentry.o(.ARM.Collect$$rtentry$$00000000)
    __rt_entry_presh_1                       0x000002a1   Thumb Code     0  __rtentry2.o(.ARM.Collect$$rtentry$$00000002)
    __rt_entry_sh                            0x000002a1   Thumb Code     0  __rtentry4.o(.ARM.Collect$$rtentry$$00000004)
    __rt_entry_li                            0x000002a7   Thumb Code     0  __rtentry2.o(.ARM.Collect$$rtentry$$0000000A)
    __rt_entry_postsh_1                      0x000002a7   Thumb Code     0  __rtentry2.o(.ARM.Collect$$rtentry$$00000009)
    __rt_entry_postli_1                      0x000002ab   Thumb Code     0  __rtentry2.o(.ARM.Collect$$rtentry$$0000000B)
    __rt_entry_main                          0x000002b3   Thumb Code     0  __rtentry2.o(.ARM.Collect$$rtentry$$0000000D)
    __rt_exit                                0x000002bb   Thumb Code     0  rtexit.o(.ARM.Collect$$rtexit$$00000000)
    __rt_exit_ls                             0x000002bd   Thumb Code     0  rtexit2.o(.ARM.Collect$$rtexit$$00000003)
    __rt_exit_prels_1                        0x000002bd   Thumb Code     0  rtexit2.o(.ARM.Collect$$rtexit$$00000002)
    __rt_exit_exit                           0x000002c1   Thumb Code     0  rtexit2.o(.ARM.Collect$$rtexit$$00000004)
    _platform_post_lib_init                  0x000002c9   Thumb Code    24  rtx_conf_cm.o(.emb_text)
    SysCtlDelay                              0x000002e5   Thumb Code     6  sysctl.o(.emb_text)
    rt_set_PSP                               0x000002ed   Thumb Code     6  hal_cm4.o(.emb_text)
    rt_get_PSP                               0x000002f3   Thumb Code     6  hal_cm4.o(.emb_text)
    os_set_env                               0x000002f9   Thumb Code    24  hal_cm4.o(.emb_text)
    _alloc_box                               0x00000315   Thumb Code    28  hal_cm4.o(.emb_text)
    _free_box                                0x00000335   Thumb Code    28  hal_cm4.o(.emb_text)
    SVC_Handler                              0x00000355   Thumb Code   168  hal_cm4.o(.emb_text)
    PendSV_Handler                           0x0000040d   Thumb Code    96  hal_cm4.o(.emb_text)
    SysTick_Handler                          0x00000471   Thumb Code     8  hal_cm4.o(.emb_text)
    OS_Tick_Handler                          0x00000479   Thumb Code    12  hal_cm4.o(.emb_text)
    __RL_RTX_VER                             0x00000482   Number         0  rt_system.o ABSOLUTE
    init_all                                 0x0000054f   Thumb Code    50  exemplotiva.o(.text)
    draw_pixel                               0x00000581   Thumb Code    60  exemplotiva.o(.text)
    draw_Eddie                               0x000005bd   Thumb Code   108  exemplotiva.o(.text)
    drawBack                                 0x00000629   Thumb Code   120  exemplotiva.o(.text)
    drawBackV1                               0x000006a1   Thumb Code   120  exemplotiva.o(.text)
    draw_circle                              0x00000719   Thumb Code    40  exemplotiva.o(.text)
    fill_circle                              0x00000741   Thumb Code    42  exemplotiva.o(.text)
    init_sidelong_menu                       0x0000076b   Thumb Code   308  exemplotiva.o(.text)
    saturate                                 0x0000089f   Thumb Code   236  exemplotiva.o(.text)
    Switch_On                                0x0000098b   Thumb Code    10  exemplotiva.o(.text)
    Switch_Off                               0x00000995   Thumb Code    10  exemplotiva.o(.text)
    button_read_debounce                     0x0000099f   Thumb Code    26  exemplotiva.o(.text)
    InitializeBacKGround                     0x000009b9   Thumb Code    74  exemplotiva.o(.text)
    Initialize                               0x00000a03   Thumb Code   100  exemplotiva.o(.text)
    EddieController                          0x00000a67   Thumb Code   512  exemplotiva.o(.text)
    collisionStairsController                0x00000c67   Thumb Code   132  exemplotiva.o(.text)
    GameController                           0x00000ceb   Thumb Code   266  exemplotiva.o(.text)
    main                                     0x00000df5   Thumb Code    12  exemplotiva.o(.text)
    buzzer_write                             0x00000e4d   Thumb Code    14  buzzer.o(.text)
    buzzer_vol_set                           0x00000e5b   Thumb Code    54  buzzer.o(.text)
    buzzer_per_set                           0x00000e91   Thumb Code    48  buzzer.o(.text)
    buzzer_init                              0x00000ec1   Thumb Code   120  buzzer.o(.text)
    accel_init                               0x00000f55   Thumb Code    18  accel.o(.text)
    accel_read_x                             0x00000fcf   Thumb Code     8  accel.o(.text)
    accel_read_y                             0x00000fd7   Thumb Code     8  accel.o(.text)
    accel_read_z                             0x00000fdf   Thumb Code     8  accel.o(.text)
    button_init                              0x00000ff9   Thumb Code    42  buttons.o(.text)
    button_read_s1                           0x00001023   Thumb Code    20  buttons.o(.text)
    button_read_s2                           0x00001037   Thumb Code    20  buttons.o(.text)
    cfaf128x128x16Rect                       0x000011e5   Thumb Code   100  cfaf128x128x16.o(.text)
    cfaf128x128x16LineVer                    0x00001249   Thumb Code    22  cfaf128x128x16.o(.text)
    cfaf128x128x16LineHor                    0x0000125f   Thumb Code    16  cfaf128x128x16.o(.text)
    cfaf128x128x16Dot                        0x0000126f   Thumb Code    22  cfaf128x128x16.o(.text)
    cfaf128x128x16SetOrientation             0x000014c9   Thumb Code    70  cfaf128x128x16.o(.text)
    cfaf128x128x16ClearColor                 0x0000150f   Thumb Code    36  cfaf128x128x16.o(.text)
    cfaf128x128x16Clear                      0x00001533   Thumb Code     4  cfaf128x128x16.o(.text)
    InitSSICom                               0x00001537   Thumb Code   138  cfaf128x128x16.o(.text)
    cfaf128x128x16Init                       0x000015c1   Thumb Code   322  cfaf128x128x16.o(.text)
    led_init                                 0x00001751   Thumb Code    52  led.o(.text)
    led_on                                   0x00001785   Thumb Code    80  led.o(.text)
    led_off                                  0x000017d5   Thumb Code    80  led.o(.text)
    led_write                                0x00001825   Thumb Code    38  led.o(.text)
    mic_init                                 0x0000186d   Thumb Code    18  mic.o(.text)
    mic_read                                 0x000018e7   Thumb Code     8  mic.o(.text)
    opt_read                                 0x00001ccf   Thumb Code     4  opt.o(.text)
    opt_read_lux                             0x00001cf5   Thumb Code    82  opt.o(.text)
    opt_init                                 0x00001d47   Thumb Code   244  opt.o(.text)
    rgb_write_r                              0x00001e71   Thumb Code    82  rgb.o(.text)
    rgb_write_g                              0x00001ec3   Thumb Code    82  rgb.o(.text)
    rgb_write_b                              0x00001f15   Thumb Code    82  rgb.o(.text)
    rgb_write                                0x00001f67   Thumb Code    24  rgb.o(.text)
    rgb_write_color                          0x00001f7f   Thumb Code    12  rgb.o(.text)
    rgb_init                                 0x00001f8b   Thumb Code   272  rgb.o(.text)
    servo_write                              0x000020c5   Thumb Code    26  servo.o(.text)
    servo_init                               0x000020df   Thumb Code   164  servo.o(.text)
    joy_init                                 0x000021a9   Thumb Code    46  joy.o(.text)
    joy_read_center                          0x0000223f   Thumb Code    20  joy.o(.text)
    joy_read_x                               0x00002253   Thumb Code     8  joy.o(.text)
    joy_read_y                               0x0000225b   Thumb Code     8  joy.o(.text)
    temp_read                                0x00002647   Thumb Code    12  temp.o(.text)
    temp_read_voltage                        0x00002653   Thumb Code    22  temp.o(.text)
    temp_init                                0x00002683   Thumb Code   230  temp.o(.text)
    os_idle_demon                            0x0000279d   Thumb Code     2  rtx_conf_cm.o(.text)
    os_error                                 0x0000279f   Thumb Code     2  rtx_conf_cm.o(.text)
    __user_perthread_libspace                0x000027a1   Thumb Code    32  rtx_conf_cm.o(.text)
    _mutex_initialize                        0x000027c1   Thumb Code    34  rtx_conf_cm.o(.text)
    _mutex_acquire                           0x000027e3   Thumb Code    22  rtx_conf_cm.o(.text)
    _mutex_release                           0x000027f9   Thumb Code    18  rtx_conf_cm.o(.text)
    Reset_Handler                            0x00002829   Thumb Code     8  startup_tm4c129.o(.text)
    NMI_Handler                              0x00002831   Thumb Code     2  startup_tm4c129.o(.text)
    HardFault_Handler                        0x00002833   Thumb Code     2  startup_tm4c129.o(.text)
    MemManage_Handler                        0x00002835   Thumb Code     2  startup_tm4c129.o(.text)
    BusFault_Handler                         0x00002837   Thumb Code     2  startup_tm4c129.o(.text)
    UsageFault_Handler                       0x00002839   Thumb Code     2  startup_tm4c129.o(.text)
    DebugMon_Handler                         0x0000283d   Thumb Code     2  startup_tm4c129.o(.text)
    GPIOA_Handler                            0x00002843   Thumb Code     2  startup_tm4c129.o(.text)
    GPIOB_Handler                            0x00002845   Thumb Code     2  startup_tm4c129.o(.text)
    GPIOC_Handler                            0x00002847   Thumb Code     2  startup_tm4c129.o(.text)
    GPIOD_Handler                            0x00002849   Thumb Code     2  startup_tm4c129.o(.text)
    GPIOE_Handler                            0x0000284b   Thumb Code     2  startup_tm4c129.o(.text)
    UART0_Handler                            0x0000284d   Thumb Code     2  startup_tm4c129.o(.text)
    UART1_Handler                            0x0000284f   Thumb Code     2  startup_tm4c129.o(.text)
    SSI0_Handler                             0x00002851   Thumb Code     2  startup_tm4c129.o(.text)
    I2C0_Handler                             0x00002853   Thumb Code     2  startup_tm4c129.o(.text)
    PMW0_FAULT_Handler                       0x00002855   Thumb Code     2  startup_tm4c129.o(.text)
    PWM0_0_Handler                           0x00002857   Thumb Code     2  startup_tm4c129.o(.text)
    PWM0_1_Handler                           0x00002859   Thumb Code     2  startup_tm4c129.o(.text)
    PWM0_2_Handler                           0x0000285b   Thumb Code     2  startup_tm4c129.o(.text)
    QEI0_Handler                             0x0000285d   Thumb Code     2  startup_tm4c129.o(.text)
    ADC0SS0_Handler                          0x0000285f   Thumb Code     2  startup_tm4c129.o(.text)
    ADC0SS1_Handler                          0x00002861   Thumb Code     2  startup_tm4c129.o(.text)
    ADC0SS2_Handler                          0x00002863   Thumb Code     2  startup_tm4c129.o(.text)
    ADC0SS3_Handler                          0x00002865   Thumb Code     2  startup_tm4c129.o(.text)
    WDT0_Handler                             0x00002867   Thumb Code     2  startup_tm4c129.o(.text)
    TIMER0A_Handler                          0x00002869   Thumb Code     2  startup_tm4c129.o(.text)
    TIMER0B_Handler                          0x0000286b   Thumb Code     2  startup_tm4c129.o(.text)
    TIMER1A_Handler                          0x0000286d   Thumb Code     2  startup_tm4c129.o(.text)
    TIMER1B_Handler                          0x0000286f   Thumb Code     2  startup_tm4c129.o(.text)
    TIMER2A_Handler                          0x00002871   Thumb Code     2  startup_tm4c129.o(.text)
    TIMER2B_Handler                          0x00002873   Thumb Code     2  startup_tm4c129.o(.text)
    COMP0_Handler                            0x00002875   Thumb Code     2  startup_tm4c129.o(.text)
    COMP1_Handler                            0x00002877   Thumb Code     2  startup_tm4c129.o(.text)
    COMP2_Handler                            0x00002879   Thumb Code     2  startup_tm4c129.o(.text)
    SYSCTL_Handler                           0x0000287b   Thumb Code     2  startup_tm4c129.o(.text)
    FLASH_Handler                            0x0000287d   Thumb Code     2  startup_tm4c129.o(.text)
    GPIOF_Handler                            0x0000287f   Thumb Code     2  startup_tm4c129.o(.text)
    GPIOG_Handler                            0x00002881   Thumb Code     2  startup_tm4c129.o(.text)
    GPIOH_Handler                            0x00002883   Thumb Code     2  startup_tm4c129.o(.text)
    UART2_Handler                            0x00002885   Thumb Code     2  startup_tm4c129.o(.text)
    SSI1_Handler                             0x00002887   Thumb Code     2  startup_tm4c129.o(.text)
    TIMER3A_Handler                          0x00002889   Thumb Code     2  startup_tm4c129.o(.text)
    TIMER3B_Handler                          0x0000288b   Thumb Code     2  startup_tm4c129.o(.text)
    I2C1_Handler                             0x0000288d   Thumb Code     2  startup_tm4c129.o(.text)
    CAN0_Handler                             0x0000288f   Thumb Code     2  startup_tm4c129.o(.text)
    CAN1_Handler                             0x00002891   Thumb Code     2  startup_tm4c129.o(.text)
    ETH_Handler                              0x00002893   Thumb Code     2  startup_tm4c129.o(.text)
    HIB_Handler                              0x00002895   Thumb Code     2  startup_tm4c129.o(.text)
    USB0_Handler                             0x00002897   Thumb Code     2  startup_tm4c129.o(.text)
    PWM0_3_Handler                           0x00002899   Thumb Code     2  startup_tm4c129.o(.text)
    UDMA_Handler                             0x0000289b   Thumb Code     2  startup_tm4c129.o(.text)
    UDMAERR_Handler                          0x0000289d   Thumb Code     2  startup_tm4c129.o(.text)
    ADC1SS0_Handler                          0x0000289f   Thumb Code     2  startup_tm4c129.o(.text)
    ADC1SS1_Handler                          0x000028a1   Thumb Code     2  startup_tm4c129.o(.text)
    ADC1SS2_Handler                          0x000028a3   Thumb Code     2  startup_tm4c129.o(.text)
    ADC1SS3_Handler                          0x000028a5   Thumb Code     2  startup_tm4c129.o(.text)
    EBI0_Handler                             0x000028a7   Thumb Code     2  startup_tm4c129.o(.text)
    GPIOJ_Handler                            0x000028a9   Thumb Code     2  startup_tm4c129.o(.text)
    GPIOK_Handler                            0x000028ab   Thumb Code     2  startup_tm4c129.o(.text)
    GPIOL_Handler                            0x000028ad   Thumb Code     2  startup_tm4c129.o(.text)
    SSI2_Handler                             0x000028af   Thumb Code     2  startup_tm4c129.o(.text)
    SSI3_Handler                             0x000028b1   Thumb Code     2  startup_tm4c129.o(.text)
    UART3_Handler                            0x000028b3   Thumb Code     2  startup_tm4c129.o(.text)
    UART4_Handler                            0x000028b5   Thumb Code     2  startup_tm4c129.o(.text)
    UART5_Handler                            0x000028b7   Thumb Code     2  startup_tm4c129.o(.text)
    UART6_Handler                            0x000028b9   Thumb Code     2  startup_tm4c129.o(.text)
    UART7_Handler                            0x000028bb   Thumb Code     2  startup_tm4c129.o(.text)
    I2C2_Handler                             0x000028bd   Thumb Code     2  startup_tm4c129.o(.text)
    I2C3_Handler                             0x000028bf   Thumb Code     2  startup_tm4c129.o(.text)
    TIMER4A_Handler                          0x000028c1   Thumb Code     2  startup_tm4c129.o(.text)
    TIMER4B_Handler                          0x000028c3   Thumb Code     2  startup_tm4c129.o(.text)
    TIMER5A_Handler                          0x000028c5   Thumb Code     2  startup_tm4c129.o(.text)
    TIMER5B_Handler                          0x000028c7   Thumb Code     2  startup_tm4c129.o(.text)
    WTIMER0A_Handler                         0x000028c9   Thumb Code     2  startup_tm4c129.o(.text)
    WTIMER0B_Handler                         0x000028cb   Thumb Code     2  startup_tm4c129.o(.text)
    WTIMER1A_Handler                         0x000028cd   Thumb Code     2  startup_tm4c129.o(.text)
    WTIMER1B_Handler                         0x000028cf   Thumb Code     2  startup_tm4c129.o(.text)
    WTIMER2A_Handler                         0x000028d1   Thumb Code     2  startup_tm4c129.o(.text)
    WTIMER2B_Handler                         0x000028d3   Thumb Code     2  startup_tm4c129.o(.text)
    WTIMER3A_Handler                         0x000028d5   Thumb Code     2  startup_tm4c129.o(.text)
    WTIMER3B_Handler                         0x000028d7   Thumb Code     2  startup_tm4c129.o(.text)
    WTIMER4A_Handler                         0x000028d9   Thumb Code     2  startup_tm4c129.o(.text)
    WTIMER4B_Handler                         0x000028db   Thumb Code     2  startup_tm4c129.o(.text)
    WTIMER5A_Handler                         0x000028dd   Thumb Code     2  startup_tm4c129.o(.text)
    WTIMER5B_Handler                         0x000028df   Thumb Code     2  startup_tm4c129.o(.text)
    FPU_Handler                              0x000028e1   Thumb Code     2  startup_tm4c129.o(.text)
    I2C4_Handler                             0x000028e3   Thumb Code     2  startup_tm4c129.o(.text)
    I2C5_Handler                             0x000028e5   Thumb Code     2  startup_tm4c129.o(.text)
    GPIOM_Handler                            0x000028e7   Thumb Code     2  startup_tm4c129.o(.text)
    GPION_Handler                            0x000028e9   Thumb Code     2  startup_tm4c129.o(.text)
    TAMPER_Handler                           0x000028eb   Thumb Code     2  startup_tm4c129.o(.text)
    GPIOP0_Handler                           0x000028ed   Thumb Code     2  startup_tm4c129.o(.text)
    GPIOP1_Handler                           0x000028ef   Thumb Code     2  startup_tm4c129.o(.text)
    GPIOP2_Handler                           0x000028f1   Thumb Code     2  startup_tm4c129.o(.text)
    GPIOP3_Handler                           0x000028f3   Thumb Code     2  startup_tm4c129.o(.text)
    GPIOP4_Handler                           0x000028f5   Thumb Code     2  startup_tm4c129.o(.text)
    GPIOP5_Handler                           0x000028f7   Thumb Code     2  startup_tm4c129.o(.text)
    GPIOP6_Handler                           0x000028f9   Thumb Code     2  startup_tm4c129.o(.text)
    GPIOP7_Handler                           0x000028fb   Thumb Code     2  startup_tm4c129.o(.text)
    GPIOQ0_Handler                           0x000028fd   Thumb Code     2  startup_tm4c129.o(.text)
    GPIOQ1_Handler                           0x000028ff   Thumb Code     2  startup_tm4c129.o(.text)
    GPIOQ2_Handler                           0x00002901   Thumb Code     2  startup_tm4c129.o(.text)
    GPIOQ3_Handler                           0x00002903   Thumb Code     2  startup_tm4c129.o(.text)
    GPIOQ4_Handler                           0x00002905   Thumb Code     2  startup_tm4c129.o(.text)
    GPIOQ5_Handler                           0x00002907   Thumb Code     2  startup_tm4c129.o(.text)
    GPIOQ6_Handler                           0x00002909   Thumb Code     2  startup_tm4c129.o(.text)
    GPIOQ7_Handler                           0x0000290b   Thumb Code     2  startup_tm4c129.o(.text)
    GPIOR_Handler                            0x0000290d   Thumb Code     2  startup_tm4c129.o(.text)
    GPIOS_Handler                            0x0000290f   Thumb Code     2  startup_tm4c129.o(.text)
    SHAMD5_Handler                           0x00002911   Thumb Code     2  startup_tm4c129.o(.text)
    AES_Handler                              0x00002913   Thumb Code     2  startup_tm4c129.o(.text)
    DES3DES_Handler                          0x00002915   Thumb Code     2  startup_tm4c129.o(.text)
    LCDCONTROLLER_Handler                    0x00002917   Thumb Code     2  startup_tm4c129.o(.text)
    TIMER6A_Handler                          0x00002919   Thumb Code     2  startup_tm4c129.o(.text)
    TIMER6B_Handler                          0x0000291b   Thumb Code     2  startup_tm4c129.o(.text)
    TIMER7A_Handler                          0x0000291d   Thumb Code     2  startup_tm4c129.o(.text)
    TIMER7B_Handler                          0x0000291f   Thumb Code     2  startup_tm4c129.o(.text)
    I2C6_Handler                             0x00002921   Thumb Code     2  startup_tm4c129.o(.text)
    I2C7_Handler                             0x00002923   Thumb Code     2  startup_tm4c129.o(.text)
    HIMSCANKEYBOARD_Handler                  0x00002925   Thumb Code     2  startup_tm4c129.o(.text)
    ONEWIRE_Handler                          0x00002927   Thumb Code     2  startup_tm4c129.o(.text)
    HIMPS2_Handler                           0x00002929   Thumb Code     2  startup_tm4c129.o(.text)
    HIMLEDSEQUENCER_Handler                  0x0000292b   Thumb Code     2  startup_tm4c129.o(.text)
    HIMCONSUMERIR_Handler                    0x0000292d   Thumb Code     2  startup_tm4c129.o(.text)
    I2C8_Handler                             0x0000292f   Thumb Code     2  startup_tm4c129.o(.text)
    I2C9_Handler                             0x00002931   Thumb Code     2  startup_tm4c129.o(.text)
    GPIOT_Handler                            0x00002933   Thumb Code     2  startup_tm4c129.o(.text)
    __user_initial_stackheap                 0x00002935   Thumb Code     0  startup_tm4c129.o(.text)
    SystemCoreClockUpdate                    0x00002955   Thumb Code     8  system_tm4c129.o(.text)
    SystemInit                               0x0000295d   Thumb Code    18  system_tm4c129.o(.text)
    __user_libspace                          0x0000297d   Thumb Code     8  libspace.o(.text)
    __user_perproc_libspace                  0x0000297d   Thumb Code     0  libspace.o(.text)
    __aeabi_uldivmod                         0x00002985   Thumb Code     0  lludivv7m.o(.text)
    _ll_udiv                                 0x00002985   Thumb Code   238  lludivv7m.o(.text)
    __aeabi_ldivmod                          0x00002a73   Thumb Code     0  llsdiv.o(.text)
    _ll_sdiv                                 0x00002a73   Thumb Code    72  llsdiv.o(.text)
    exit                                     0x00002abb   Thumb Code    18  exit.o(.text)
    __use_two_region_memory                  0x00002acd   Thumb Code     2  heapauxi.o(.text)
    __rt_heap_escrow$2region                 0x00002acf   Thumb Code     2  heapauxi.o(.text)
    __rt_heap_expand$2region                 0x00002ad1   Thumb Code     2  heapauxi.o(.text)
    _sys_exit                                0x00002ad5   Thumb Code     8  sys_exit.o(.text)
    __user_setup_stackheap                   0x00002ae1   Thumb Code    74  sys_stackheap_outer.o(.text)
    __I$use$semihosting                      0x00002b2b   Thumb Code     0  use_no_semi.o(.text)
    __use_no_semihosting_swi                 0x00002b2b   Thumb Code     2  use_no_semi.o(.text)
    SVC_Count                                0x00002b2c   Data           4  svc_table.o(SVC_TABLE)
    __semihosting_library_function           0x00002b2d   Thumb Code     0  indicate_semi.o(.text)
    ADCIntClear                              0x00002b31   Thumb Code    10  adc.o(i.ADCIntClear)
    SVC_Table                                0x00002b30   Data           0  svc_table.o(SVC_TABLE)
    ADCIntStatus                             0x00002b3b   Thumb Code    52  adc.o(i.ADCIntStatus)
    ADCProcessorTrigger                      0x00002b6f   Thumb Code    26  adc.o(i.ADCProcessorTrigger)
    ADCSequenceConfigure                     0x00002b89   Thumb Code    96  adc.o(i.ADCSequenceConfigure)
    ADCSequenceDataGet                       0x00002be9   Thumb Code    36  adc.o(i.ADCSequenceDataGet)
    ADCSequenceEnable                        0x00002c0d   Thumb Code    14  adc.o(i.ADCSequenceEnable)
    ADCSequenceStepConfigure                 0x00002c1b   Thumb Code   154  adc.o(i.ADCSequenceStepConfigure)
    GPIODirModeSet                           0x00002cb5   Thumb Code    40  gpio.o(i.GPIODirModeSet)
    GPIOPadConfigSet                         0x00002cdd   Thumb Code   312  gpio.o(i.GPIOPadConfigSet)
    GPIOPinConfigure                         0x00002e15   Thumb Code    60  gpio.o(i.GPIOPinConfigure)
    GPIOPinRead                              0x00002e59   Thumb Code     6  gpio.o(i.GPIOPinRead)
    GPIOPinTypeADC                           0x00002e5f   Thumb Code    28  gpio.o(i.GPIOPinTypeADC)
    GPIOPinTypeGPIOInput                     0x00002e7b   Thumb Code    28  gpio.o(i.GPIOPinTypeGPIOInput)
    GPIOPinTypeI2C                           0x00002e97   Thumb Code    28  gpio.o(i.GPIOPinTypeI2C)
    GPIOPinTypeI2CSCL                        0x00002eb3   Thumb Code    28  gpio.o(i.GPIOPinTypeI2CSCL)
    GPIOPinTypePWM                           0x00002ecf   Thumb Code    28  gpio.o(i.GPIOPinTypePWM)
    GPIOPinTypeTimer                         0x00002eeb   Thumb Code    28  gpio.o(i.GPIOPinTypeTimer)
    GrCircleDraw                             0x00002f07   Thumb Code   514  circle.o(i.GrCircleDraw)
    GrCircleFill                             0x00003109   Thumb Code   294  circle.o(i.GrCircleFill)
    GrContextFontSet                         0x0000322f   Thumb Code     6  string.o(i.GrContextFontSet)
    GrContextInit                            0x00003235   Thumb Code    88  context.o(i.GrContextInit)
    GrDefaultStringRenderer                  0x00003299   Thumb Code   280  string.o(i.GrDefaultStringRenderer)
    GrFontGlyphDataGet                       0x000033b1   Thumb Code   166  string.o(i.GrFontGlyphDataGet)
    GrFontGlyphRender                        0x00003457   Thumb Code   648  string.o(i.GrFontGlyphRender)
    GrLineDrawH                              0x000036df   Thumb Code    76  line.o(i.GrLineDrawH)
    GrMapISO8859_1_Unicode                   0x0000372b   Thumb Code     8  charmap.o(i.GrMapISO8859_1_Unicode)
    GrStringDraw                             0x00003733   Thumb Code    32  string.o(i.GrStringDraw)
    I2CIntRegister                           0x00003755   Thumb Code    80  i2c.o(i.I2CIntRegister)
    I2CMasterBurstLengthSet                  0x000037b5   Thumb Code     4  i2c.o(i.I2CMasterBurstLengthSet)
    I2CMasterBusBusy                         0x000037b9   Thumb Code    12  i2c.o(i.I2CMasterBusBusy)
    I2CMasterBusy                            0x000037c5   Thumb Code    12  i2c.o(i.I2CMasterBusy)
    I2CMasterControl                         0x000037d1   Thumb Code     4  i2c.o(i.I2CMasterControl)
    I2CMasterDataGet                         0x000037d5   Thumb Code     4  i2c.o(i.I2CMasterDataGet)
    I2CMasterDataPut                         0x000037d9   Thumb Code     4  i2c.o(i.I2CMasterDataPut)
    I2CMasterEnable                          0x000037dd   Thumb Code    10  i2c.o(i.I2CMasterEnable)
    I2CMasterErr                             0x000037e7   Thumb Code    24  i2c.o(i.I2CMasterErr)
    I2CMasterGlitchFilterConfigSet           0x00003801   Thumb Code    74  i2c.o(i.I2CMasterGlitchFilterConfigSet)
    I2CMasterInitExpClk                      0x00003855   Thumb Code    72  i2c.o(i.I2CMasterInitExpClk)
    I2CMasterIntClear                        0x000038a9   Thumb Code     8  i2c.o(i.I2CMasterIntClear)
    I2CMasterIntClearEx                      0x000038b1   Thumb Code     4  i2c.o(i.I2CMasterIntClearEx)
    I2CMasterIntEnableEx                     0x000038b5   Thumb Code     8  i2c.o(i.I2CMasterIntEnableEx)
    I2CMasterSlaveAddrSet                    0x000038bd   Thumb Code     8  i2c.o(i.I2CMasterSlaveAddrSet)
    I2CMasterTimeoutSet                      0x000038c5   Thumb Code     4  i2c.o(i.I2CMasterTimeoutSet)
    IntEnable                                0x000038c9   Thumb Code    92  interrupt.o(i.IntEnable)
    IntRegister                              0x0000392d   Thumb Code    44  interrupt.o(i.IntRegister)
    PWMClockSet                              0x00003961   Thumb Code    20  pwm.o(i.PWMClockSet)
    PWMGenConfigure                          0x00003975   Thumb Code    38  pwm.o(i.PWMGenConfigure)
    PWMGenDisable                            0x0000399b   Thumb Code    10  pwm.o(i.PWMGenDisable)
    PWMGenEnable                             0x000039a5   Thumb Code    10  pwm.o(i.PWMGenEnable)
    PWMGenPeriodGet                          0x000039af   Thumb Code    18  pwm.o(i.PWMGenPeriodGet)
    PWMGenPeriodSet                          0x000039c1   Thumb Code    18  pwm.o(i.PWMGenPeriodSet)
    PWMOutputInvert                          0x000039d3   Thumb Code    16  pwm.o(i.PWMOutputInvert)
    PWMOutputState                           0x000039e3   Thumb Code    16  pwm.o(i.PWMOutputState)
    PWMPulseWidthSet                         0x000039f3   Thumb Code    32  pwm.o(i.PWMPulseWidthSet)
    SysCtlClockFreqSet                       0x00003a15   Thumb Code   706  sysctl.o(i.SysCtlClockFreqSet)
    SysCtlPeripheralEnable                   0x00003d01   Thumb Code    36  sysctl.o(i.SysCtlPeripheralEnable)
    SysCtlPeripheralReady                    0x00003d29   Thumb Code    40  sysctl.o(i.SysCtlPeripheralReady)
    SysCtlPeripheralReset                    0x00003d55   Thumb Code    56  sysctl.o(i.SysCtlPeripheralReset)
    TimerClockSourceSet                      0x00003d91   Thumb Code     6  timer.o(i.TimerClockSourceSet)
    TimerConfigure                           0x00003d99   Thumb Code    88  timer.o(i.TimerConfigure)
    TimerControlLevel                        0x00003df9   Thumb Code    22  timer.o(i.TimerControlLevel)
    TimerEnable                              0x00003e0f   Thumb Code    14  timer.o(i.TimerEnable)
    TimerLoadSet                             0x00003e1d   Thumb Code    18  timer.o(i.TimerLoadSet)
    TimerMatchSet                            0x00003e2f   Thumb Code    18  timer.o(i.TimerMatchSet)
    TimerPrescaleSet                         0x00003e41   Thumb Code    18  timer.o(i.TimerPrescaleSet)
    TimerUpdateMode                          0x00003e53   Thumb Code    42  timer.o(i.TimerUpdateMode)
    _init_box                                0x00003ee9   Thumb Code    70  rt_membox.o(i._init_box)
    dbg_init                                 0x00003f31   Thumb Code    34  hal_cm.o(i.dbg_init)
    dbg_task_notify                          0x00003f61   Thumb Code    32  hal_cm.o(i.dbg_task_notify)
    dbg_task_switch                          0x00003f81   Thumb Code    16  hal_cm.o(i.dbg_task_switch)
    isrMessageGet                            0x00003f91   Thumb Code    42  rt_cmsis.o(i.isrMessageGet)
    isrMessagePut                            0x00003fbb   Thumb Code    44  rt_cmsis.o(i.isrMessagePut)
    isr_mbx_receive                          0x00003fe9   Thumb Code    86  rt_mailbox.o(i.isr_mbx_receive)
    isr_mbx_send                             0x0000403f   Thumb Code    14  rt_mailbox.o(i.isr_mbx_send)
    osDelay                                  0x0000404d   Thumb Code    18  rt_cmsis.o(i.osDelay)
    osKernelInitialize                       0x00004065   Thumb Code    30  rt_cmsis.o(i.osKernelInitialize)
    osKernelStart                            0x00004089   Thumb Code    98  rt_cmsis.o(i.osKernelStart)
    osMessageGet                             0x000040f5   Thumb Code    18  rt_cmsis.o(i.osMessageGet)
    osThreadCreate                           0x0000410d   Thumb Code    36  rt_cmsis.o(i.osThreadCreate)
    osThreadExit                             0x00004139   Thumb Code    14  rt_cmsis.o(i.osThreadExit)
    osTimerCall                              0x00004151   Thumb Code     8  rt_cmsis.o(i.osTimerCall)
    osTimerThread                            0x0000415d   Thumb Code    38  rt_cmsis.o(i.osTimerThread)
    os_tick_init                             0x00004189   Thumb Code    32  rt_system.o(i.os_tick_init)
    os_tick_irqack                           0x000041b1   Thumb Code     2  rt_system.o(i.os_tick_irqack)
    rt_alloc_box                             0x000041b3   Thumb Code    26  rt_membox.o(i.rt_alloc_box)
    rt_alloc_mem                             0x000041cd   Thumb Code    62  rt_memory.o(i.rt_alloc_mem)
    rt_block                                 0x0000420d   Thumb Code    48  rt_task.o(i.rt_block)
    rt_chk_robin                             0x00004245   Thumb Code    60  rt_robin.o(i.rt_chk_robin)
    rt_dec_dly                               0x0000428d   Thumb Code   102  rt_list.o(i.rt_dec_dly)
    rt_dispatch                              0x000042fd   Thumb Code    60  rt_task.o(i.rt_dispatch)
    rt_dly_wait                              0x00004341   Thumb Code     6  rt_time.o(i.rt_dly_wait)
    rt_evt_psh                               0x00004349   Thumb Code    76  rt_event.o(i.rt_evt_psh)
    rt_free_box                              0x00004399   Thumb Code    44  rt_membox.o(i.rt_free_box)
    rt_free_mem                              0x000043c5   Thumb Code    40  rt_memory.o(i.rt_free_mem)
    rt_get_first                             0x000043ed   Thumb Code    40  rt_list.o(i.rt_get_first)
    rt_init_mem                              0x00004465   Thumb Code    26  rt_memory.o(i.rt_init_mem)
    rt_init_robin                            0x00004481   Thumb Code    14  rt_robin.o(i.rt_init_robin)
    rt_init_stack                            0x00004499   Thumb Code   118  hal_cm.o(i.rt_init_stack)
    rt_mbx_check                             0x00004519   Thumb Code     8  rt_mailbox.o(i.rt_mbx_check)
    rt_mbx_init                              0x00004521   Thumb Code    26  rt_mailbox.o(i.rt_mbx_init)
    rt_mbx_psh                               0x0000453d   Thumb Code   236  rt_mailbox.o(i.rt_mbx_psh)
    rt_mbx_wait                              0x0000462d   Thumb Code   174  rt_mailbox.o(i.rt_mbx_wait)
    rt_mut_init                              0x00004725   Thumb Code    16  rt_mutex.o(i.rt_mut_init)
    rt_mut_release                           0x00004735   Thumb Code   208  rt_mutex.o(i.rt_mut_release)
    rt_mut_wait                              0x0000480d   Thumb Code   114  rt_mutex.o(i.rt_mut_wait)
    rt_pop_req                               0x00004885   Thumb Code   112  rt_system.o(i.rt_pop_req)
    rt_psh_req                               0x00004901   Thumb Code    22  rt_system.o(i.rt_psh_req)
    rt_psq_enq                               0x00004921   Thumb Code    88  rt_list.o(i.rt_psq_enq)
    rt_put_dly                               0x0000497d   Thumb Code    68  rt_list.o(i.rt_put_dly)
    rt_put_prio                              0x000049c5   Thumb Code    54  rt_list.o(i.rt_put_prio)
    rt_put_rdy_first                         0x000049fd   Thumb Code    14  rt_list.o(i.rt_put_rdy_first)
    rt_resort_prio                           0x00004a11   Thumb Code    46  rt_list.o(i.rt_resort_prio)
    rt_ret_val                               0x00004a55   Thumb Code    12  hal_cm.o(i.rt_ret_val)
    rt_ret_val2                              0x00004a61   Thumb Code    16  hal_cm.o(i.rt_ret_val2)
    rt_rmv_dly                               0x00004a71   Thumb Code    40  rt_list.o(i.rt_rmv_dly)
    rt_rmv_list                              0x00004a99   Thumb Code    44  rt_list.o(i.rt_rmv_list)
    rt_sem_psh                               0x00004ac9   Thumb Code    48  rt_semaphore.o(i.rt_sem_psh)
    rt_stk_check                             0x00004afd   Thumb Code    28  rt_system.o(i.rt_stk_check)
    rt_switch_req                            0x00004b21   Thumb Code    30  rt_task.o(i.rt_switch_req)
    rt_sys_init                              0x00004b49   Thumb Code   138  rt_task.o(i.rt_sys_init)
    rt_sys_start                             0x00004c15   Thumb Code   110  rt_task.o(i.rt_sys_start)
    rt_systick                               0x00004c8d   Thumb Code    50  rt_system.o(i.rt_systick)
    rt_tsk_create                            0x00004d15   Thumb Code   118  rt_task.o(i.rt_tsk_create)
    rt_tsk_delete                            0x00004d9d   Thumb Code   352  rt_task.o(i.rt_tsk_delete)
    rt_tsk_prio                              0x00004f19   Thumb Code   108  rt_task.o(i.rt_tsk_prio)
    rt_tsk_self                              0x00004f95   Thumb Code    12  rt_task.o(i.rt_tsk_self)
    svcDelay                                 0x00004fa5   Thumb Code    18  rt_cmsis.o(i.svcDelay)
    svcKernelInitialize                      0x00004fb9   Thumb Code    80  rt_cmsis.o(i.svcKernelInitialize)
    svcKernelStart                           0x00005029   Thumb Code    62  rt_cmsis.o(i.svcKernelStart)
    svcMessageCreate                         0x00005071   Thumb Code    36  rt_cmsis.o(i.svcMessageCreate)
    svcMessageGet                            0x00005095   Thumb Code    58  rt_cmsis.o(i.svcMessageGet)
    svcThreadCreate                          0x000050d1   Thumb Code    96  rt_cmsis.o(i.svcThreadCreate)
    svcThreadGetId                           0x0000513d   Thumb Code    22  rt_cmsis.o(i.svcThreadGetId)
    svcThreadTerminate                       0x00005159   Thumb Code    50  rt_cmsis.o(i.svcThreadTerminate)
    svcTimerCall                             0x00005191   Thumb Code    24  rt_cmsis.o(i.svcTimerCall)
    sysTimerTick                             0x000051a9   Thumb Code    84  rt_cmsis.o(i.sysTimerTick)
    __aeabi_dadd                             0x00005205   Thumb Code     0  daddsub_clz.o(x$fpl$dadd)
    _dadd                                    0x00005205   Thumb Code   332  daddsub_clz.o(x$fpl$dadd)
    __aeabi_d2uiz                            0x00005355   Thumb Code     0  dfixu.o(x$fpl$dfixu)
    _dfixu                                   0x00005355   Thumb Code    90  dfixu.o(x$fpl$dfixu)
    __aeabi_ui2d                             0x000053af   Thumb Code     0  dflt_clz.o(x$fpl$dfltu)
    _dfltu                                   0x000053af   Thumb Code    38  dflt_clz.o(x$fpl$dfltu)
    __aeabi_dmul                             0x000053d5   Thumb Code     0  dmul.o(x$fpl$dmul)
    _dmul                                    0x000053d5   Thumb Code   332  dmul.o(x$fpl$dmul)
    __fpl_dnaninf                            0x00005529   Thumb Code   156  dnaninf.o(x$fpl$dnaninf)
    __fpl_dretinf                            0x000055c5   Thumb Code    12  dretinf.o(x$fpl$dretinf)
    __aeabi_dsub                             0x000055d1   Thumb Code     0  daddsub_clz.o(x$fpl$dsub)
    _dsub                                    0x000055d1   Thumb Code   464  daddsub_clz.o(x$fpl$dsub)
    _fp_init                                 0x000057a5   Thumb Code    10  fpinit.o(x$fpl$fpinit)
    __fplib_config_fpu_vfp                   0x000057ad   Thumb Code     0  fpinit.o(x$fpl$fpinit)
    __fplib_config_pureend_doubles           0x000057ad   Thumb Code     0  fpinit.o(x$fpl$fpinit)
    Background                               0x000057ae   Data       49206  background.o(.constdata)
    __I$use$fp                               0x000057ae   Number         0  usenofp.o(x$fpl$usenofp)
    Background_start                         0x000117e4   Data           4  background.o(.constdata)
    g_sCfaf128x128x16                        0x000117e8   Data          40  cfaf128x128x16.o(.constdata)
    led_mask                                 0x00011810   Data          16  led.o(.constdata)
    Eddie                                    0x00011820   Data         372  eddiev3.o(.constdata)
    Eddie_start                              0x00011994   Data           4  eddiev3.o(.constdata)
    os_maxtaskrun                            0x00011998   Data           2  rtx_conf_cm.o(.constdata)
    os_stackinfo                             0x0001199c   Data           4  rtx_conf_cm.o(.constdata)
    os_rrobin                                0x000119a0   Data           4  rtx_conf_cm.o(.constdata)
    os_trv                                   0x000119a4   Data           4  rtx_conf_cm.o(.constdata)
    os_flags                                 0x000119a8   Data           1  rtx_conf_cm.o(.constdata)
    CMSIS_RTOS_API_Version                   0x000119ac   Data           4  rtx_conf_cm.o(.constdata)
    CMSIS_RTOS_RTX_Version                   0x000119b0   Data           4  rtx_conf_cm.o(.constdata)
    os_clockrate                             0x000119b4   Data           4  rtx_conf_cm.o(.constdata)
    os_timernum                              0x000119b8   Data           4  rtx_conf_cm.o(.constdata)
    mp_tcb_size                              0x000119bc   Data           2  rtx_conf_cm.o(.constdata)
    mp_stk_size                              0x000119c0   Data           4  rtx_conf_cm.o(.constdata)
    os_stack_sz                              0x000119c4   Data           4  rtx_conf_cm.o(.constdata)
    os_fifo_size                             0x000119c8   Data           1  rtx_conf_cm.o(.constdata)
    os_thread_def_osTimerThread              0x000119cc   Data          16  rtx_conf_cm.o(.constdata)
    os_messageQ_def_osTimerMessageQ          0x000119dc   Data           8  rtx_conf_cm.o(.constdata)
    mp_tmr_size                              0x000119e4   Data           2  rtx_conf_cm.o(.constdata)
    os_thread_def_main                       0x000119e8   Data          16  rtx_conf_cm.o(.constdata)
    g_psDefaultCodePointMapTable             0x00012000   Data          16  context.o(.constdata)
    g_sFontFixed6x8                          0x00012308   Data         200  fontfixed6x8.o(.constdata)
    Region$$Table$$Base                      0x000123f8   Number         0  anon$$obj.o(Region$$Table)
    Region$$Table$$Limit                     0x00012418   Number         0  anon$$obj.o(Region$$Table)
    may_go_up                                0x20000000   Data           1  exemplotiva.o(.data)
    may_go_down                              0x20000001   Data           1  exemplotiva.o(.data)
    going_up                                 0x20000002   Data           1  exemplotiva.o(.data)
    going_up_counter                         0x20000003   Data           1  exemplotiva.o(.data)
    going_down                               0x20000004   Data           1  exemplotiva.o(.data)
    going_down_counter                       0x20000005   Data           1  exemplotiva.o(.data)
    jumping                                  0x20000006   Data           1  exemplotiva.o(.data)
    jumping_counter                          0x20000007   Data           1  exemplotiva.o(.data)
    jumping_side                             0x20000008   Data           1  exemplotiva.o(.data)
    level                                    0x20000009   Data           1  exemplotiva.o(.data)
    Eddie_x                                  0x20000010   Data           4  exemplotiva.o(.data)
    Eddie_y                                  0x20000014   Data           4  exemplotiva.o(.data)
    Eddie_last_x                             0x20000018   Data           4  exemplotiva.o(.data)
    Eddie_last_y                             0x2000001c   Data           4  exemplotiva.o(.data)
    m_tmr                                    0x2000005c   Data           4  rtx_conf_cm.o(.data)
    osThreadId_osTimerThread                 0x20000060   Data           4  rtx_conf_cm.o(.data)
    osMessageQId_osTimerMessageQ             0x20000064   Data           4  rtx_conf_cm.o(.data)
    SystemCoreClock                          0x2000006c   Data           4  system_tm4c129.o(.data)
    os_initialized                           0x20000074   Data           1  rt_cmsis.o(.data)
    os_running                               0x20000075   Data           1  rt_cmsis.o(.data)
    os_timer_head                            0x20000078   Data           4  rt_cmsis.o(.data)
    os_tsk                                   0x2000007c   Data           8  rt_task.o(.data)
    os_tick_irqn                             0x20000088   Data           4  rt_system.o(.data)
    os_time                                  0x2000008c   Data           4  rt_time.o(.data)
    os_robin                                 0x20000090   Data           8  rt_robin.o(.data)
    dbg_msg                                  0x20000098   Data           1  hal_cm.o(.data)
    sContext                                 0x2000066c   Data          44  exemplotiva.o(.bss)
    escadas_x                                0x20000698   Data          16  exemplotiva.o(.bss)
    escadas_y                                0x200006a8   Data          16  exemplotiva.o(.bss)
    os_messageQ_q_osTimerMessageQ            0x200006b8   Data          32  rtx_conf_cm.o(.bss)
    mp_tcb                                   0x200006d8   Data         480  rtx_conf_cm.o(.bss)
    mp_stk                                   0x200008b8   Data        6416  rtx_conf_cm.o(.bss)
    os_stack_mem                             0x200021c8   Data        1032  rtx_conf_cm.o(.bss)
    os_fifo                                  0x200025d0   Data         132  rtx_conf_cm.o(.bss)
    os_active_TCB                            0x20002654   Data          36  rtx_conf_cm.o(.bss)
    os_idle_TCB                              0x20002a58   Data          52  rt_task.o(.bss)
    os_rdy                                   0x20002a8c   Data          24  rt_list.o(.bss)
    os_dly                                   0x20002aa4   Data          24  rt_list.o(.bss)
    __libspace_start                         0x20002abc   Data          96  libspace.o(.bss)
    __temporary_stack_top$libspace           0x20002b1c   Data           0  libspace.o(.bss)



==============================================================================

Memory Map of the image

  Image Entry point : 0x00000201

  Load Region LR_IROM1 (Base: 0x00000000, Size: 0x00012a84, Max: 0x00100000, ABSOLUTE, COMPRESSED[0x00012430])

    Execution Region ER_IROM1 (Exec base: 0x00000000, Load base: 0x00000000, Size: 0x00012418, Max: 0x00100000, ABSOLUTE)

    Exec Addr    Load Addr    Size         Type   Attr      Idx    E Section Name        Object

    0x00000000   0x00000000   0x00000200   Data   RO          438    RESET               startup_tm4c129.o
    0x00000200   0x00000200   0x00000008   Code   RO         3946  * !!!main             c_w.l(__main.o)
    0x00000208   0x00000208   0x00000034   Code   RO         4132    !!!scatter          c_w.l(__scatter.o)
    0x0000023c   0x0000023c   0x0000003a   Code   RO         4130    !!dczerorl          c_w.l(__dczerorl.o)
    0x00000276   0x00000276   0x00000002   PAD
    0x00000278   0x00000278   0x0000001c   Code   RO         4134    !!handler_zi        c_w.l(__scatter_zi.o)
    0x00000294   0x00000294   0x00000002   Code   RO         4016    .ARM.Collect$$libinit$$00000000  c_w.l(libinit.o)
    0x00000296   0x00000296   0x00000004   Code   RO         4027    .ARM.Collect$$libinit$$00000001  c_w.l(libinit2.o)
    0x0000029a   0x0000029a   0x00000000   Code   RO         4030    .ARM.Collect$$libinit$$00000004  c_w.l(libinit2.o)
    0x0000029a   0x0000029a   0x00000000   Code   RO         4033    .ARM.Collect$$libinit$$0000000A  c_w.l(libinit2.o)
    0x0000029a   0x0000029a   0x00000000   Code   RO         4035    .ARM.Collect$$libinit$$0000000C  c_w.l(libinit2.o)
    0x0000029a   0x0000029a   0x00000000   Code   RO         4037    .ARM.Collect$$libinit$$0000000E  c_w.l(libinit2.o)
    0x0000029a   0x0000029a   0x00000000   Code   RO         4040    .ARM.Collect$$libinit$$00000011  c_w.l(libinit2.o)
    0x0000029a   0x0000029a   0x00000000   Code   RO         4042    .ARM.Collect$$libinit$$00000013  c_w.l(libinit2.o)
    0x0000029a   0x0000029a   0x00000000   Code   RO         4044    .ARM.Collect$$libinit$$00000015  c_w.l(libinit2.o)
    0x0000029a   0x0000029a   0x00000000   Code   RO         4046    .ARM.Collect$$libinit$$00000017  c_w.l(libinit2.o)
    0x0000029a   0x0000029a   0x00000000   Code   RO         4048    .ARM.Collect$$libinit$$00000019  c_w.l(libinit2.o)
    0x0000029a   0x0000029a   0x00000000   Code   RO         4050    .ARM.Collect$$libinit$$0000001B  c_w.l(libinit2.o)
    0x0000029a   0x0000029a   0x00000000   Code   RO         4052    .ARM.Collect$$libinit$$0000001D  c_w.l(libinit2.o)
    0x0000029a   0x0000029a   0x00000000   Code   RO         4054    .ARM.Collect$$libinit$$0000001F  c_w.l(libinit2.o)
    0x0000029a   0x0000029a   0x00000000   Code   RO         4056    .ARM.Collect$$libinit$$00000021  c_w.l(libinit2.o)
    0x0000029a   0x0000029a   0x00000000   Code   RO         4058    .ARM.Collect$$libinit$$00000023  c_w.l(libinit2.o)
    0x0000029a   0x0000029a   0x00000000   Code   RO         4060    .ARM.Collect$$libinit$$00000025  c_w.l(libinit2.o)
    0x0000029a   0x0000029a   0x00000000   Code   RO         4064    .ARM.Collect$$libinit$$0000002C  c_w.l(libinit2.o)
    0x0000029a   0x0000029a   0x00000000   Code   RO         4066    .ARM.Collect$$libinit$$0000002E  c_w.l(libinit2.o)
    0x0000029a   0x0000029a   0x00000000   Code   RO         4068    .ARM.Collect$$libinit$$00000030  c_w.l(libinit2.o)
    0x0000029a   0x0000029a   0x00000000   Code   RO         4070    .ARM.Collect$$libinit$$00000032  c_w.l(libinit2.o)
    0x0000029a   0x0000029a   0x00000002   Code   RO         4071    .ARM.Collect$$libinit$$00000033  c_w.l(libinit2.o)
    0x0000029c   0x0000029c   0x00000002   Code   RO         4017    .ARM.Collect$$libshutdown$$00000000  c_w.l(libshutdown.o)
    0x0000029e   0x0000029e   0x00000000   Code   RO         4073    .ARM.Collect$$libshutdown$$00000002  c_w.l(libshutdown2.o)
    0x0000029e   0x0000029e   0x00000000   Code   RO         4075    .ARM.Collect$$libshutdown$$00000004  c_w.l(libshutdown2.o)
    0x0000029e   0x0000029e   0x00000000   Code   RO         4078    .ARM.Collect$$libshutdown$$00000007  c_w.l(libshutdown2.o)
    0x0000029e   0x0000029e   0x00000000   Code   RO         4081    .ARM.Collect$$libshutdown$$0000000A  c_w.l(libshutdown2.o)
    0x0000029e   0x0000029e   0x00000000   Code   RO         4083    .ARM.Collect$$libshutdown$$0000000C  c_w.l(libshutdown2.o)
    0x0000029e   0x0000029e   0x00000000   Code   RO         4086    .ARM.Collect$$libshutdown$$0000000F  c_w.l(libshutdown2.o)
    0x0000029e   0x0000029e   0x00000002   Code   RO         4087    .ARM.Collect$$libshutdown$$00000010  c_w.l(libshutdown2.o)
    0x000002a0   0x000002a0   0x00000000   Code   RO         3966    .ARM.Collect$$rtentry$$00000000  c_w.l(__rtentry.o)
    0x000002a0   0x000002a0   0x00000000   Code   RO         3979    .ARM.Collect$$rtentry$$00000002  c_w.l(__rtentry2.o)
    0x000002a0   0x000002a0   0x00000006   Code   RO         3991    .ARM.Collect$$rtentry$$00000004  c_w.l(__rtentry4.o)
    0x000002a6   0x000002a6   0x00000000   Code   RO         3981    .ARM.Collect$$rtentry$$00000009  c_w.l(__rtentry2.o)
    0x000002a6   0x000002a6   0x00000004   Code   RO         3982    .ARM.Collect$$rtentry$$0000000A  c_w.l(__rtentry2.o)
    0x000002aa   0x000002aa   0x00000008   Code   RO         3983    .ARM.Collect$$rtentry$$0000000B  c_w.l(__rtentry2.o)
    0x000002b2   0x000002b2   0x00000008   Code   RO         3985    .ARM.Collect$$rtentry$$0000000D  c_w.l(__rtentry2.o)
    0x000002ba   0x000002ba   0x00000002   Code   RO         3967    .ARM.Collect$$rtexit$$00000000  c_w.l(rtexit.o)
    0x000002bc   0x000002bc   0x00000000   Code   RO         3994    .ARM.Collect$$rtexit$$00000002  c_w.l(rtexit2.o)
    0x000002bc   0x000002bc   0x00000004   Code   RO         3995    .ARM.Collect$$rtexit$$00000003  c_w.l(rtexit2.o)
    0x000002c0   0x000002c0   0x00000006   Code   RO         3996    .ARM.Collect$$rtexit$$00000004  c_w.l(rtexit2.o)
    0x000002c6   0x000002c6   0x00000002   PAD
    0x000002c8   0x000002c8   0x0000001c   Code   RO          382    .emb_text           rtx_conf_cm.o
    0x000002e4   0x000002e4   0x00000006   Code   RO         1744    .emb_text           driverlib.lib(sysctl.o)
    0x000002ea   0x000002ea   0x00000002   PAD
    0x000002ec   0x000002ec   0x00000198   Code   RO         3920    .emb_text           RTX_CM4.lib(hal_cm4.o)
    0x00000484   0x00000484   0x0000097c   Code   RO            4    .text               exemplotiva.o
    0x00000e00   0x00000e00   0x00000154   Code   RO          129    .text               buzzer.o
    0x00000f54   0x00000f54   0x000000a4   Code   RO          167    .text               accel.o
    0x00000ff8   0x00000ff8   0x0000005c   Code   RO          185    .text               buttons.o
    0x00001054   0x00001054   0x000006fc   Code   RO          200    .text               cfaf128x128x16.o
    0x00001750   0x00001750   0x0000011c   Code   RO          240    .text               led.o
    0x0000186c   0x0000186c   0x00000094   Code   RO          267    .text               mic.o
    0x00001900   0x00001900   0x00000570   Code   RO          279    .text               opt.o
    0x00001e70   0x00001e70   0x00000254   Code   RO          308    .text               rgb.o
    0x000020c4   0x000020c4   0x000000e4   Code   RO          322    .text               servo.o
    0x000021a8   0x000021a8   0x000000d0   Code   RO          339    .text               joy.o
    0x00002278   0x00002278   0x00000524   Code   RO          351    .text               temp.o
    0x0000279c   0x0000279c   0x0000008c   Code   RO          383    .text               rtx_conf_cm.o
    0x00002828   0x00002828   0x0000012c   Code   RO          439    .text               startup_tm4c129.o
    0x00002954   0x00002954   0x00000028   Code   RO          446    .text               system_tm4c129.o
    0x0000297c   0x0000297c   0x00000008   Code   RO         3935    .text               c_w.l(libspace.o)
    0x00002984   0x00002984   0x000000ee   Code   RO         3938    .text               c_w.l(lludivv7m.o)
    0x00002a72   0x00002a72   0x00000048   Code   RO         3940    .text               c_w.l(llsdiv.o)
    0x00002aba   0x00002aba   0x00000012   Code   RO         3942    .text               c_w.l(exit.o)
    0x00002acc   0x00002acc   0x00000006   Code   RO         3944    .text               c_w.l(heapauxi.o)
    0x00002ad2   0x00002ad2   0x00000002   PAD
    0x00002ad4   0x00002ad4   0x0000000c   Code   RO         4002    .text               c_w.l(sys_exit.o)
    0x00002ae0   0x00002ae0   0x0000004a   Code   RO         4004    .text               c_w.l(sys_stackheap_outer.o)
    0x00002b2a   0x00002b2a   0x00000002   Code   RO         4018    .text               c_w.l(use_no_semi.o)
    0x00002b2c   0x00002b2c   0x00000000   Code   RO         4020    .text               c_w.l(indicate_semi.o)
    0x00002b2c   0x00002b2c   0x00000004   Code   RO         3930    SVC_TABLE           RTX_CM4.lib(svc_table.o)
    0x00002b30   0x00002b30   0x0000000a   Code   RO          484    i.ADCIntClear       driverlib.lib(adc.o)
    0x00002b3a   0x00002b3a   0x00000034   Code   RO          491    i.ADCIntStatus      driverlib.lib(adc.o)
    0x00002b6e   0x00002b6e   0x0000001a   Code   RO          496    i.ADCProcessorTrigger  driverlib.lib(adc.o)
    0x00002b88   0x00002b88   0x00000060   Code   RO          499    i.ADCSequenceConfigure  driverlib.lib(adc.o)
    0x00002be8   0x00002be8   0x00000024   Code   RO          502    i.ADCSequenceDataGet  driverlib.lib(adc.o)
    0x00002c0c   0x00002c0c   0x0000000e   Code   RO          504    i.ADCSequenceEnable  driverlib.lib(adc.o)
    0x00002c1a   0x00002c1a   0x0000009a   Code   RO          507    i.ADCSequenceStepConfigure  driverlib.lib(adc.o)
    0x00002cb4   0x00002cb4   0x00000028   Code   RO          756    i.GPIODirModeSet    driverlib.lib(gpio.o)
    0x00002cdc   0x00002cdc   0x00000138   Code   RO          768    i.GPIOPadConfigSet  driverlib.lib(gpio.o)
    0x00002e14   0x00002e14   0x00000044   Code   RO          769    i.GPIOPinConfigure  driverlib.lib(gpio.o)
    0x00002e58   0x00002e58   0x00000006   Code   RO          770    i.GPIOPinRead       driverlib.lib(gpio.o)
    0x00002e5e   0x00002e5e   0x0000001c   Code   RO          771    i.GPIOPinTypeADC    driverlib.lib(gpio.o)
    0x00002e7a   0x00002e7a   0x0000001c   Code   RO          779    i.GPIOPinTypeGPIOInput  driverlib.lib(gpio.o)
    0x00002e96   0x00002e96   0x0000001c   Code   RO          783    i.GPIOPinTypeI2C    driverlib.lib(gpio.o)
    0x00002eb2   0x00002eb2   0x0000001c   Code   RO          784    i.GPIOPinTypeI2CSCL  driverlib.lib(gpio.o)
    0x00002ece   0x00002ece   0x0000001c   Code   RO          787    i.GPIOPinTypePWM    driverlib.lib(gpio.o)
    0x00002eea   0x00002eea   0x0000001c   Code   RO          790    i.GPIOPinTypeTimer  driverlib.lib(gpio.o)
    0x00002f06   0x00002f06   0x00000202   Code   RO         2334    i.GrCircleDraw      grlib.lib(circle.o)
    0x00003108   0x00003108   0x00000126   Code   RO         2335    i.GrCircleFill      grlib.lib(circle.o)
    0x0000322e   0x0000322e   0x00000006   Code   RO         2402    i.GrContextFontSet  grlib.lib(string.o)
    0x00003234   0x00003234   0x00000064   Code   RO         2360    i.GrContextInit     grlib.lib(context.o)
    0x00003298   0x00003298   0x00000118   Code   RO         2403    i.GrDefaultStringRenderer  grlib.lib(string.o)
    0x000033b0   0x000033b0   0x000000a6   Code   RO         2407    i.GrFontGlyphDataGet  grlib.lib(string.o)
    0x00003456   0x00003456   0x00000288   Code   RO         2408    i.GrFontGlyphRender  grlib.lib(string.o)
    0x000036de   0x000036de   0x0000004c   Code   RO         3438    i.GrLineDrawH       grlib.lib(line.o)
    0x0000372a   0x0000372a   0x00000008   Code   RO         3285    i.GrMapISO8859_1_Unicode  grlib.lib(charmap.o)
    0x00003732   0x00003732   0x00000020   Code   RO         2414    i.GrStringDraw      grlib.lib(string.o)
    0x00003752   0x00003752   0x00000002   PAD
    0x00003754   0x00003754   0x00000060   Code   RO         1063    i.I2CIntRegister    driverlib.lib(i2c.o)
    0x000037b4   0x000037b4   0x00000004   Code   RO         1067    i.I2CMasterBurstLengthSet  driverlib.lib(i2c.o)
    0x000037b8   0x000037b8   0x0000000c   Code   RO         1068    i.I2CMasterBusBusy  driverlib.lib(i2c.o)
    0x000037c4   0x000037c4   0x0000000c   Code   RO         1069    i.I2CMasterBusy     driverlib.lib(i2c.o)
    0x000037d0   0x000037d0   0x00000004   Code   RO         1070    i.I2CMasterControl  driverlib.lib(i2c.o)
    0x000037d4   0x000037d4   0x00000004   Code   RO         1071    i.I2CMasterDataGet  driverlib.lib(i2c.o)
    0x000037d8   0x000037d8   0x00000004   Code   RO         1072    i.I2CMasterDataPut  driverlib.lib(i2c.o)
    0x000037dc   0x000037dc   0x0000000a   Code   RO         1074    i.I2CMasterEnable   driverlib.lib(i2c.o)
    0x000037e6   0x000037e6   0x00000018   Code   RO         1075    i.I2CMasterErr      driverlib.lib(i2c.o)
    0x000037fe   0x000037fe   0x00000002   PAD
    0x00003800   0x00003800   0x00000054   Code   RO         1076    i.I2CMasterGlitchFilterConfigSet  driverlib.lib(i2c.o)
    0x00003854   0x00003854   0x00000054   Code   RO         1077    i.I2CMasterInitExpClk  driverlib.lib(i2c.o)
    0x000038a8   0x000038a8   0x00000008   Code   RO         1078    i.I2CMasterIntClear  driverlib.lib(i2c.o)
    0x000038b0   0x000038b0   0x00000004   Code   RO         1079    i.I2CMasterIntClearEx  driverlib.lib(i2c.o)
    0x000038b4   0x000038b4   0x00000008   Code   RO         1083    i.I2CMasterIntEnableEx  driverlib.lib(i2c.o)
    0x000038bc   0x000038bc   0x00000008   Code   RO         1087    i.I2CMasterSlaveAddrSet  driverlib.lib(i2c.o)
    0x000038c4   0x000038c4   0x00000004   Code   RO         1088    i.I2CMasterTimeoutSet  driverlib.lib(i2c.o)
    0x000038c8   0x000038c8   0x00000064   Code   RO         1396    i.IntEnable         driverlib.lib(interrupt.o)
    0x0000392c   0x0000392c   0x00000034   Code   RO         1408    i.IntRegister       driverlib.lib(interrupt.o)
    0x00003960   0x00003960   0x00000014   Code   RO         1512    i.PWMClockSet       driverlib.lib(pwm.o)
    0x00003974   0x00003974   0x00000026   Code   RO         1519    i.PWMGenConfigure   driverlib.lib(pwm.o)
    0x0000399a   0x0000399a   0x0000000a   Code   RO         1520    i.PWMGenDisable     driverlib.lib(pwm.o)
    0x000039a4   0x000039a4   0x0000000a   Code   RO         1521    i.PWMGenEnable      driverlib.lib(pwm.o)
    0x000039ae   0x000039ae   0x00000012   Code   RO         1533    i.PWMGenPeriodGet   driverlib.lib(pwm.o)
    0x000039c0   0x000039c0   0x00000012   Code   RO         1534    i.PWMGenPeriodSet   driverlib.lib(pwm.o)
    0x000039d2   0x000039d2   0x00000010   Code   RO         1540    i.PWMOutputInvert   driverlib.lib(pwm.o)
    0x000039e2   0x000039e2   0x00000010   Code   RO         1541    i.PWMOutputState    driverlib.lib(pwm.o)
    0x000039f2   0x000039f2   0x00000020   Code   RO         1544    i.PWMPulseWidthSet  driverlib.lib(pwm.o)
    0x00003a12   0x00003a12   0x00000002   PAD
    0x00003a14   0x00003a14   0x000002ec   Code   RO         1746    i.SysCtlClockFreqSet  driverlib.lib(sysctl.o)
    0x00003d00   0x00003d00   0x00000028   Code   RO         1778    i.SysCtlPeripheralEnable  driverlib.lib(sysctl.o)
    0x00003d28   0x00003d28   0x0000002c   Code   RO         1782    i.SysCtlPeripheralReady  driverlib.lib(sysctl.o)
    0x00003d54   0x00003d54   0x0000003c   Code   RO         1783    i.SysCtlPeripheralReset  driverlib.lib(sysctl.o)
    0x00003d90   0x00003d90   0x00000006   Code   RO         2095    i.TimerClockSourceSet  driverlib.lib(timer.o)
    0x00003d96   0x00003d96   0x00000002   PAD
    0x00003d98   0x00003d98   0x00000060   Code   RO         2096    i.TimerConfigure    driverlib.lib(timer.o)
    0x00003df8   0x00003df8   0x00000016   Code   RO         2098    i.TimerControlLevel  driverlib.lib(timer.o)
    0x00003e0e   0x00003e0e   0x0000000e   Code   RO         2105    i.TimerEnable       driverlib.lib(timer.o)
    0x00003e1c   0x00003e1c   0x00000012   Code   RO         2114    i.TimerLoadSet      driverlib.lib(timer.o)
    0x00003e2e   0x00003e2e   0x00000012   Code   RO         2118    i.TimerMatchSet     driverlib.lib(timer.o)
    0x00003e40   0x00003e40   0x00000012   Code   RO         2123    i.TimerPrescaleSet  driverlib.lib(timer.o)
    0x00003e52   0x00003e52   0x0000002a   Code   RO         2127    i.TimerUpdateMode   driverlib.lib(timer.o)
    0x00003e7c   0x00003e7c   0x0000006c   Code   RO         2420    i.UpdateContextCharMapping  grlib.lib(string.o)
    0x00003ee8   0x00003ee8   0x00000046   Code   RO         3814    i._init_box         RTX_CM4.lib(rt_membox.o)
    0x00003f2e   0x00003f2e   0x00000002   PAD
    0x00003f30   0x00003f30   0x00000030   Code   RO         3867    i.dbg_init          RTX_CM4.lib(hal_cm.o)
    0x00003f60   0x00003f60   0x00000020   Code   RO         3868    i.dbg_task_notify   RTX_CM4.lib(hal_cm.o)
    0x00003f80   0x00003f80   0x00000010   Code   RO         3869    i.dbg_task_switch   RTX_CM4.lib(hal_cm.o)
    0x00003f90   0x00003f90   0x0000002a   Code   RO         2532    i.isrMessageGet     RTX_CM4.lib(rt_cmsis.o)
    0x00003fba   0x00003fba   0x0000002c   Code   RO         2533    i.isrMessagePut     RTX_CM4.lib(rt_cmsis.o)
    0x00003fe6   0x00003fe6   0x00000002   PAD
    0x00003fe8   0x00003fe8   0x00000056   Code   RO         3669    i.isr_mbx_receive   RTX_CM4.lib(rt_mailbox.o)
    0x0000403e   0x0000403e   0x0000000e   Code   RO         3670    i.isr_mbx_send      RTX_CM4.lib(rt_mailbox.o)
    0x0000404c   0x0000404c   0x00000018   Code   RO         2536    i.osDelay           RTX_CM4.lib(rt_cmsis.o)
    0x00004064   0x00004064   0x00000024   Code   RO         2537    i.osKernelInitialize  RTX_CM4.lib(rt_cmsis.o)
    0x00004088   0x00004088   0x0000006c   Code   RO         2539    i.osKernelStart     RTX_CM4.lib(rt_cmsis.o)
    0x000040f4   0x000040f4   0x00000018   Code   RO         2548    i.osMessageGet      RTX_CM4.lib(rt_cmsis.o)
    0x0000410c   0x0000410c   0x0000002c   Code   RO         2565    i.osThreadCreate    RTX_CM4.lib(rt_cmsis.o)
    0x00004138   0x00004138   0x00000018   Code   RO         2566    i.osThreadExit      RTX_CM4.lib(rt_cmsis.o)
    0x00004150   0x00004150   0x0000000c   Code   RO         2572    i.osTimerCall       RTX_CM4.lib(rt_cmsis.o)
    0x0000415c   0x0000415c   0x0000002c   Code   RO         2577    i.osTimerThread     RTX_CM4.lib(rt_cmsis.o)
    0x00004188   0x00004188   0x00000028   Code   RO         3461    i.os_tick_init      RTX_CM4.lib(rt_system.o)
    0x000041b0   0x000041b0   0x00000002   Code   RO         3462    i.os_tick_irqack    RTX_CM4.lib(rt_system.o)
    0x000041b2   0x000041b2   0x0000001a   Code   RO         3815    i.rt_alloc_box      RTX_CM4.lib(rt_membox.o)
    0x000041cc   0x000041cc   0x0000003e   Code   RO         3843    i.rt_alloc_mem      RTX_CM4.lib(rt_memory.o)
    0x0000420a   0x0000420a   0x00000002   PAD
    0x0000420c   0x0000420c   0x00000038   Code   RO         3151    i.rt_block          RTX_CM4.lib(rt_task.o)
    0x00004244   0x00004244   0x00000048   Code   RO         3792    i.rt_chk_robin      RTX_CM4.lib(rt_robin.o)
    0x0000428c   0x0000428c   0x00000070   Code   RO         3593    i.rt_dec_dly        RTX_CM4.lib(rt_list.o)
    0x000042fc   0x000042fc   0x00000044   Code   RO         3152    i.rt_dispatch       RTX_CM4.lib(rt_task.o)
    0x00004340   0x00004340   0x00000006   Code   RO         3759    i.rt_dly_wait       RTX_CM4.lib(rt_time.o)
    0x00004346   0x00004346   0x00000002   PAD
    0x00004348   0x00004348   0x00000050   Code   RO         3554    i.rt_evt_psh        RTX_CM4.lib(rt_event.o)
    0x00004398   0x00004398   0x0000002c   Code   RO         3816    i.rt_free_box       RTX_CM4.lib(rt_membox.o)
    0x000043c4   0x000043c4   0x00000028   Code   RO         3844    i.rt_free_mem       RTX_CM4.lib(rt_memory.o)
    0x000043ec   0x000043ec   0x00000028   Code   RO         3594    i.rt_get_first      RTX_CM4.lib(rt_list.o)
    0x00004414   0x00004414   0x00000008   Code   RO         2582    i.rt_id2obj         RTX_CM4.lib(rt_cmsis.o)
    0x0000441c   0x0000441c   0x00000048   Code   RO         3153    i.rt_init_context   RTX_CM4.lib(rt_task.o)
    0x00004464   0x00004464   0x0000001a   Code   RO         3845    i.rt_init_mem       RTX_CM4.lib(rt_memory.o)
    0x0000447e   0x0000447e   0x00000002   PAD
    0x00004480   0x00004480   0x00000018   Code   RO         3793    i.rt_init_robin     RTX_CM4.lib(rt_robin.o)
    0x00004498   0x00004498   0x00000080   Code   RO         3870    i.rt_init_stack     RTX_CM4.lib(hal_cm.o)
    0x00004518   0x00004518   0x00000008   Code   RO         3671    i.rt_mbx_check      RTX_CM4.lib(rt_mailbox.o)
    0x00004520   0x00004520   0x0000001a   Code   RO         3672    i.rt_mbx_init       RTX_CM4.lib(rt_mailbox.o)
    0x0000453a   0x0000453a   0x00000002   PAD
    0x0000453c   0x0000453c   0x000000f0   Code   RO         3673    i.rt_mbx_psh        RTX_CM4.lib(rt_mailbox.o)
    0x0000462c   0x0000462c   0x000000b4   Code   RO         3675    i.rt_mbx_wait       RTX_CM4.lib(rt_mailbox.o)
    0x000046e0   0x000046e0   0x00000044   Code   RO         2583    i.rt_ms2tick        RTX_CM4.lib(rt_cmsis.o)
    0x00004724   0x00004724   0x00000010   Code   RO         3236    i.rt_mut_init       RTX_CM4.lib(rt_mutex.o)
    0x00004734   0x00004734   0x000000d8   Code   RO         3237    i.rt_mut_release    RTX_CM4.lib(rt_mutex.o)
    0x0000480c   0x0000480c   0x00000078   Code   RO         3238    i.rt_mut_wait       RTX_CM4.lib(rt_mutex.o)
    0x00004884   0x00004884   0x0000007c   Code   RO         3465    i.rt_pop_req        RTX_CM4.lib(rt_system.o)
    0x00004900   0x00004900   0x00000020   Code   RO         3466    i.rt_psh_req        RTX_CM4.lib(rt_system.o)
    0x00004920   0x00004920   0x0000005c   Code   RO         3596    i.rt_psq_enq        RTX_CM4.lib(rt_list.o)
    0x0000497c   0x0000497c   0x00000048   Code   RO         3597    i.rt_put_dly        RTX_CM4.lib(rt_list.o)
    0x000049c4   0x000049c4   0x00000036   Code   RO         3598    i.rt_put_prio       RTX_CM4.lib(rt_list.o)
    0x000049fa   0x000049fa   0x00000002   PAD
    0x000049fc   0x000049fc   0x00000014   Code   RO         3599    i.rt_put_rdy_first  RTX_CM4.lib(rt_list.o)
    0x00004a10   0x00004a10   0x00000034   Code   RO         3600    i.rt_resort_prio    RTX_CM4.lib(rt_list.o)
    0x00004a44   0x00004a44   0x00000010   Code   RO         3871    i.rt_ret_regs       RTX_CM4.lib(hal_cm.o)
    0x00004a54   0x00004a54   0x0000000c   Code   RO         3872    i.rt_ret_val        RTX_CM4.lib(hal_cm.o)
    0x00004a60   0x00004a60   0x00000010   Code   RO         3873    i.rt_ret_val2       RTX_CM4.lib(hal_cm.o)
    0x00004a70   0x00004a70   0x00000028   Code   RO         3601    i.rt_rmv_dly        RTX_CM4.lib(rt_list.o)
    0x00004a98   0x00004a98   0x00000030   Code   RO         3602    i.rt_rmv_list       RTX_CM4.lib(rt_list.o)
    0x00004ac8   0x00004ac8   0x00000034   Code   RO         3720    i.rt_sem_psh        RTX_CM4.lib(rt_semaphore.o)
    0x00004afc   0x00004afc   0x00000024   Code   RO         3468    i.rt_stk_check      RTX_CM4.lib(rt_system.o)
    0x00004b20   0x00004b20   0x00000028   Code   RO         3154    i.rt_switch_req     RTX_CM4.lib(rt_task.o)
    0x00004b48   0x00004b48   0x000000cc   Code   RO         3155    i.rt_sys_init       RTX_CM4.lib(rt_task.o)
    0x00004c14   0x00004c14   0x00000078   Code   RO         3156    i.rt_sys_start      RTX_CM4.lib(rt_task.o)
    0x00004c8c   0x00004c8c   0x00000040   Code   RO         3470    i.rt_systick        RTX_CM4.lib(rt_system.o)
    0x00004ccc   0x00004ccc   0x00000012   Code   RO         2584    i.rt_tid2ptcb       RTX_CM4.lib(rt_cmsis.o)
    0x00004cde   0x00004cde   0x00000002   PAD
    0x00004ce0   0x00004ce0   0x00000034   Code   RO         2585    i.rt_timer_insert   RTX_CM4.lib(rt_cmsis.o)
    0x00004d14   0x00004d14   0x00000088   Code   RO         3157    i.rt_tsk_create     RTX_CM4.lib(rt_task.o)
    0x00004d9c   0x00004d9c   0x0000017c   Code   RO         3158    i.rt_tsk_delete     RTX_CM4.lib(rt_task.o)
    0x00004f18   0x00004f18   0x0000007c   Code   RO         3160    i.rt_tsk_prio       RTX_CM4.lib(rt_task.o)
    0x00004f94   0x00004f94   0x00000010   Code   RO         3161    i.rt_tsk_self       RTX_CM4.lib(rt_task.o)
    0x00004fa4   0x00004fa4   0x00000012   Code   RO         2587    i.svcDelay          RTX_CM4.lib(rt_cmsis.o)
    0x00004fb6   0x00004fb6   0x00000002   PAD
    0x00004fb8   0x00004fb8   0x00000070   Code   RO         2588    i.svcKernelInitialize  RTX_CM4.lib(rt_cmsis.o)
    0x00005028   0x00005028   0x00000048   Code   RO         2590    i.svcKernelStart    RTX_CM4.lib(rt_cmsis.o)
    0x00005070   0x00005070   0x00000024   Code   RO         2593    i.svcMessageCreate  RTX_CM4.lib(rt_cmsis.o)
    0x00005094   0x00005094   0x0000003a   Code   RO         2594    i.svcMessageGet     RTX_CM4.lib(rt_cmsis.o)
    0x000050ce   0x000050ce   0x00000002   PAD
    0x000050d0   0x000050d0   0x0000006c   Code   RO         2608    i.svcThreadCreate   RTX_CM4.lib(rt_cmsis.o)
    0x0000513c   0x0000513c   0x0000001c   Code   RO         2609    i.svcThreadGetId    RTX_CM4.lib(rt_cmsis.o)
    0x00005158   0x00005158   0x00000038   Code   RO         2612    i.svcThreadTerminate  RTX_CM4.lib(rt_cmsis.o)
    0x00005190   0x00005190   0x00000018   Code   RO         2614    i.svcTimerCall      RTX_CM4.lib(rt_cmsis.o)
    0x000051a8   0x000051a8   0x0000005c   Code   RO         2623    i.sysTimerTick      RTX_CM4.lib(rt_cmsis.o)
    0x00005204   0x00005204   0x00000150   Code   RO         3948    x$fpl$dadd          fz_wm.l(daddsub_clz.o)
    0x00005354   0x00005354   0x0000005a   Code   RO         3954    x$fpl$dfixu         fz_wm.l(dfixu.o)
    0x000053ae   0x000053ae   0x00000026   Code   RO         3958    x$fpl$dfltu         fz_wm.l(dflt_clz.o)
    0x000053d4   0x000053d4   0x00000154   Code   RO         3964    x$fpl$dmul          fz_wm.l(dmul.o)
    0x00005528   0x00005528   0x0000009c   Code   RO         3973    x$fpl$dnaninf       fz_wm.l(dnaninf.o)
    0x000055c4   0x000055c4   0x0000000c   Code   RO         3975    x$fpl$dretinf       fz_wm.l(dretinf.o)
    0x000055d0   0x000055d0   0x000001d4   Code   RO         3950    x$fpl$dsub          fz_wm.l(daddsub_clz.o)
    0x000057a4   0x000057a4   0x0000000a   Code   RO         4094    x$fpl$fpinit        fz_wm.l(fpinit.o)
    0x000057ae   0x000057ae   0x00000000   Code   RO         3977    x$fpl$usenofp       fz_wm.l(usenofp.o)
    0x000057ae   0x000057ae   0x0000c036   Data   RO          116    .constdata          background.o
    0x000117e4   0x000117e4   0x00000004   Data   RO          118    .constdata          background.o
    0x000117e8   0x000117e8   0x00000028   Data   RO          213    .constdata          cfaf128x128x16.o
    0x00011810   0x00011810   0x00000010   Data   RO          241    .constdata          led.o
    0x00011820   0x00011820   0x00000174   Data   RO          369    .constdata          eddiev3.o
    0x00011994   0x00011994   0x00000004   Data   RO          371    .constdata          eddiev3.o
    0x00011998   0x00011998   0x00000002   Data   RO          391    .constdata          rtx_conf_cm.o
    0x0001199a   0x0001199a   0x00000002   PAD
    0x0001199c   0x0001199c   0x00000004   Data   RO          392    .constdata          rtx_conf_cm.o
    0x000119a0   0x000119a0   0x00000004   Data   RO          393    .constdata          rtx_conf_cm.o
    0x000119a4   0x000119a4   0x00000004   Data   RO          397    .constdata          rtx_conf_cm.o
    0x000119a8   0x000119a8   0x00000001   Data   RO          398    .constdata          rtx_conf_cm.o
    0x000119a9   0x000119a9   0x00000003   PAD
    0x000119ac   0x000119ac   0x00000010   Data   RO          399    .constdata          rtx_conf_cm.o
    0x000119bc   0x000119bc   0x00000002   Data   RO          400    .constdata          rtx_conf_cm.o
    0x000119be   0x000119be   0x00000002   PAD
    0x000119c0   0x000119c0   0x00000004   Data   RO          401    .constdata          rtx_conf_cm.o
    0x000119c4   0x000119c4   0x00000004   Data   RO          402    .constdata          rtx_conf_cm.o
    0x000119c8   0x000119c8   0x00000001   Data   RO          403    .constdata          rtx_conf_cm.o
    0x000119c9   0x000119c9   0x00000003   PAD
    0x000119cc   0x000119cc   0x00000010   Data   RO          404    .constdata          rtx_conf_cm.o
    0x000119dc   0x000119dc   0x00000008   Data   RO          405    .constdata          rtx_conf_cm.o
    0x000119e4   0x000119e4   0x00000002   Data   RO          406    .constdata          rtx_conf_cm.o
    0x000119e6   0x000119e6   0x00000002   PAD
    0x000119e8   0x000119e8   0x00000010   Data   RO          407    .constdata          rtx_conf_cm.o
    0x000119f8   0x000119f8   0x00000228   Data   RO          800    .constdata          driverlib.lib(gpio.o)
    0x00011c20   0x00011c20   0x00000080   Data   RO         1112    .constdata          driverlib.lib(i2c.o)
    0x00011ca0   0x00011ca0   0x0000010c   Data   RO         1412    .constdata          driverlib.lib(interrupt.o)
    0x00011dac   0x00011dac   0x00000254   Data   RO         1800    .constdata          driverlib.lib(sysctl.o)
    0x00012000   0x00012000   0x00000010   Data   RO         2362    .constdata          grlib.lib(context.o)
    0x00012010   0x00012010   0x000002f8   Data   RO         2387    .constdata          grlib.lib(fontfixed6x8.o)
    0x00012308   0x00012308   0x000000c8   Data   RO         2388    .constdata          grlib.lib(fontfixed6x8.o)
    0x000123d0   0x000123d0   0x00000025   Data   RO            6    .conststring        exemplotiva.o
    0x000123f5   0x000123f5   0x00000003   PAD
    0x000123f8   0x000123f8   0x00000020   Data   RO         4128    Region$$Table       anon$$obj.o


    Execution Region RW_IRAM1 (Exec base: 0x20000000, Load base: 0x00012418, Size: 0x00002d20, Max: 0x00040000, ABSOLUTE, COMPRESSED[0x00000018])

    Exec Addr    Load Addr    Size         Type   Attr      Idx    E Section Name        Object

    0x20000000   COMPRESSED   0x00000020   Data   RW            7    .data               exemplotiva.o
    0x20000020   COMPRESSED   0x0000000c   Data   RW          130    .data               buzzer.o
    0x2000002c   COMPRESSED   0x00000008   Data   RW          214    .data               cfaf128x128x16.o
    0x20000034   COMPRESSED   0x0000000c   Data   RW          280    .data               opt.o
    0x20000040   COMPRESSED   0x00000008   Data   RW          309    .data               rgb.o
    0x20000048   COMPRESSED   0x00000008   Data   RW          323    .data               servo.o
    0x20000050   COMPRESSED   0x0000000c   Data   RW          352    .data               temp.o
    0x2000005c   COMPRESSED   0x00000004   Data   RW          409    .data               rtx_conf_cm.o
    0x20000060   COMPRESSED   0x00000004   Data   RW          410    .data               rtx_conf_cm.o
    0x20000064   COMPRESSED   0x00000004   Data   RW          411    .data               rtx_conf_cm.o
    0x20000068   COMPRESSED   0x00000004   Data   RW          412    .data               rtx_conf_cm.o
    0x2000006c   COMPRESSED   0x00000004   Data   RW          447    .data               system_tm4c129.o
    0x20000070   COMPRESSED   0x00000004   Data   RW         2363    .data               grlib.lib(context.o)
    0x20000074   COMPRESSED   0x00000008   Data   RW         2626    .data               RTX_CM4.lib(rt_cmsis.o)
    0x2000007c   COMPRESSED   0x00000008   Data   RW         3163    .data               RTX_CM4.lib(rt_task.o)
    0x20000084   COMPRESSED   0x00000008   Data   RW         3473    .data               RTX_CM4.lib(rt_system.o)
    0x2000008c   COMPRESSED   0x00000004   Data   RW         3763    .data               RTX_CM4.lib(rt_time.o)
    0x20000090   COMPRESSED   0x00000008   Data   RW         3794    .data               RTX_CM4.lib(rt_robin.o)
    0x20000098   COMPRESSED   0x00000001   Data   RW         3874    .data               RTX_CM4.lib(hal_cm.o)
    0x20000099   COMPRESSED   0x00000367   PAD
    0x20000400   COMPRESSED   0x0000026c   Data   RW         1413    vtable              driverlib.lib(interrupt.o)
    0x2000066c        -       0x0000004c   Zero   RW            5    .bss                exemplotiva.o
    0x200006b8        -       0x00000020   Zero   RW          384    .bss                rtx_conf_cm.o
    0x200006d8        -       0x000001e0   Zero   RW          385    .bss                rtx_conf_cm.o
    0x200008b8        -       0x00001910   Zero   RW          386    .bss                rtx_conf_cm.o
    0x200021c8        -       0x00000408   Zero   RW          387    .bss                rtx_conf_cm.o
    0x200025d0        -       0x00000084   Zero   RW          388    .bss                rtx_conf_cm.o
    0x20002654        -       0x00000024   Zero   RW          389    .bss                rtx_conf_cm.o
    0x20002678        -       0x000003e0   Zero   RW          390    .bss                rtx_conf_cm.o
    0x20002a58        -       0x00000034   Zero   RW         3162    .bss                RTX_CM4.lib(rt_task.o)
    0x20002a8c        -       0x00000030   Zero   RW         3603    .bss                RTX_CM4.lib(rt_list.o)
    0x20002abc        -       0x00000060   Zero   RW         3936    .bss                c_w.l(libspace.o)
    0x20002b1c   COMPRESSED   0x00000004   PAD
    0x20002b20        -       0x00000000   Zero   RW          437    HEAP                startup_tm4c129.o
    0x20002b20        -       0x00000200   Zero   RW          436    STACK               startup_tm4c129.o


==============================================================================

Image component sizes


      Code (inc. data)   RO Data    RW Data    ZI Data      Debug   Object Name

       164         18          0          0          0       1168   accel.o
         0          0      49210          0          0        949   background.o
        92         10          0          0          0        888   buttons.o
       340         36          0         12          0       2341   buzzer.o
      1788         94         40          8          0      10758   cfaf128x128x16.o
         0          0        376          0          0        816   eddiev3.o
      2428        184         37         32         76      38967   exemplotiva.o
       208         22          0          0          0       1253   joy.o
       284         34         16          0          0       1811   led.o
       148         18          0          0          0        928   mic.o
      1392         74          0         12          0       5217   opt.o
       596         42          0          8          0       1941   rgb.o
       168         36         84         16       9120       8993   rtx_conf_cm.o
       228         38          0          8          0        973   servo.o
       300         22        512          0        512       6048   startup_tm4c129.o
        40         14          0          4          0        917   system_tm4c129.o
      1316         62          0         12          0       5060   temp.o

    ----------------------------------------------------------------------
      9492        704      50322        112       9708      89028   Object Totals
         0          0         32          0          0          0   (incl. Generated)
         0          0         15          0          0          0   (incl. Padding)

    ----------------------------------------------------------------------

      Code (inc. data)   RO Data    RW Data    ZI Data      Debug   Library Member Name

       268         24          0          1          0       4524   hal_cm.o
       408         34          0          0          0        824   hal_cm4.o
      1152        144          0          8          0      35658   rt_cmsis.o
        80          4          0          0          0        709   rt_event.o
       530         34          0          0         48       8685   rt_list.o
       554         10          0          0          0       4237   rt_mailbox.o
       140          0          0          0          0       2069   rt_membox.o
       128          0          0          0          0       2451   rt_memory.o
       352         14          0          0          0       2249   rt_mutex.o
        96         22          0          8          0       1254   rt_robin.o
        52          4          0          0          0        621   rt_semaphore.o
       298         52          0          8          0       6511   rt_system.o
      1216        174          0          8         52      10129   rt_task.o
         6          0          0          4          0        700   rt_time.o
         4          4          0          0          0        208   svc_table.o
        58          0          0          0          0          0   __dczerorl.o
         8          0          0          0          0         68   __main.o
         0          0          0          0          0          0   __rtentry.o
        20          0          0          0          0          0   __rtentry2.o
         6          0          0          0          0          0   __rtentry4.o
        52          8          0          0          0          0   __scatter.o
        28          0          0          0          0          0   __scatter_zi.o
        18          0          0          0          0         80   exit.o
         6          0          0          0          0        152   heapauxi.o
         0          0          0          0          0          0   indicate_semi.o
         2          0          0          0          0          0   libinit.o
         6          0          0          0          0          0   libinit2.o
         2          0          0          0          0          0   libshutdown.o
         2          0          0          0          0          0   libshutdown2.o
         8          4          0          0         96         68   libspace.o
        72          0          0          0          0         76   llsdiv.o
       238          0          0          0          0        100   lludivv7m.o
         2          0          0          0          0          0   rtexit.o
        10          0          0          0          0          0   rtexit2.o
        12          4          0          0          0         68   sys_exit.o
        74          0          0          0          0         80   sys_stackheap_outer.o
         2          0          0          0          0         68   use_no_semi.o
       388          0          0          0          0       8694   adc.o
       594          8        552          0          0       7550   gpio.o
       370         38        128          0          0      10349   i2c.o
       152         16        268        620          0       2298   interrupt.o
       178          0          0          0          0       5153   pwm.o
       898         54        596          0          0       6458   sysctl.o
       234          8          0          0          0       4761   timer.o
       804         16          0          0          0        368   daddsub_clz.o
        90          4          0          0          0        140   dfixu.o
        38          0          0          0          0        116   dflt_clz.o
       340         12          0          0          0        152   dmul.o
       156          4          0          0          0        140   dnaninf.o
        12          0          0          0          0        116   dretinf.o
        10          0          0          0          0        116   fpinit.o
         0          0          0          0          0          0   usenofp.o
         8          0          0          0          0       1494   charmap.o
       808          0          0          0          0      28562   circle.o
       100         12         16          4          0       1387   context.o
         0          0        960          0          0      25662   fontfixed6x8.o
        76          0          0          0          0       1522   line.o
      1240          0          0          0          0       9079   string.o

    ----------------------------------------------------------------------
     12442        708       2520       1532        200     195706   Library Totals
        36          0          0        871          4          0   (incl. Padding)

    ----------------------------------------------------------------------

      Code (inc. data)   RO Data    RW Data    ZI Data      Debug   Library Name

      5284        520          0         37        100      80829   RTX_CM4.lib
       626         16          0          0         96        760   c_w.l
      2814        124       1544        620          0      45263   driverlib.lib
      1450         36          0          0          0       1148   fz_wm.l
      2232         12        976          4          0      67706   grlib.lib

    ----------------------------------------------------------------------
     12442        708       2520       1532        200     195706   Library Totals

    ----------------------------------------------------------------------

==============================================================================


      Code (inc. data)   RO Data    RW Data    ZI Data      Debug   

     21934       1412      52842       1644       9908     268274   Grand Totals
     21934       1412      52842         24       9908     268274   ELF Image Totals (compressed)
     21934       1412      52842         24          0          0   ROM Totals

==============================================================================

    Total RO  Size (Code + RO Data)                74776 (  73.02kB)
    Total RW  Size (RW Data + ZI Data)             11552 (  11.28kB)
    Total ROM Size (Code + RO Data + RW Data)      74800 (  73.05kB)

==============================================================================

