Component: ARM Compiler 5.06 update 6 (build 750) Tool: armlink [4d35ed]

==============================================================================

Section Cross References

    exemplotiva.o(.text) refers to buttons.o(.text) for button_read_s1
    exemplotiva.o(.text) refers to string.o(i.GrStringDraw) for GrStringDraw
    exemplotiva.o(.text) refers to context.o(i.GrContextInit) for GrContextInit
    exemplotiva.o(.text) refers to string.o(i.GrContextFontSet) for GrContextFontSet
    exemplotiva.o(.text) refers to cfaf128x128x16.o(.text) for cfaf128x128x16Init
    exemplotiva.o(.text) refers to joy.o(.text) for joy_init
    exemplotiva.o(.text) refers to accel.o(.text) for accel_init
    exemplotiva.o(.text) refers to buzzer.o(.text) for buzzer_init
    exemplotiva.o(.text) refers to mic.o(.text) for mic_init
    exemplotiva.o(.text) refers to rgb.o(.text) for rgb_init
    exemplotiva.o(.text) refers to servo.o(.text) for servo_init
    exemplotiva.o(.text) refers to temp.o(.text) for temp_init
    exemplotiva.o(.text) refers to opt.o(.text) for opt_init
    exemplotiva.o(.text) refers to led.o(.text) for led_init
    exemplotiva.o(.text) refers to rt_cmsis.o(i.osKernelInitialize) for osKernelInitialize
    exemplotiva.o(.text) refers to rt_cmsis.o(i.osTimerCreate) for osTimerCreate
    exemplotiva.o(.text) refers to rt_cmsis.o(i.osThreadCreate) for osThreadCreate
    exemplotiva.o(.text) refers to rt_cmsis.o(i.osTimerStart) for osTimerStart
    exemplotiva.o(.text) refers to rt_cmsis.o(i.osKernelStart) for osKernelStart
    exemplotiva.o(.text) refers to rt_cmsis.o(i.osDelay) for osDelay
    exemplotiva.o(.text) refers to llsdiv.o(.text) for __aeabi_ldivmod
    exemplotiva.o(.text) refers to exemplotiva.o(.bss) for .bss
    exemplotiva.o(.text) refers to exemplotiva.o(.data) for .data
    exemplotiva.o(.text) refers to background2.o(.constdata) for Background2_start
    exemplotiva.o(.text) refers to background2.o(.constdata) for Background2
    exemplotiva.o(.text) refers to background.o(.constdata) for Background_start
    exemplotiva.o(.text) refers to background.o(.constdata) for Background
    exemplotiva.o(.text) refers to cfaf128x128x16.o(.constdata) for g_sCfaf128x128x16
    exemplotiva.o(.text) refers to fontfixed6x8.o(.constdata) for g_sFontFixed6x8
    exemplotiva.o(.text) refers to exemplotiva.o(.constdata) for .constdata
    exemplotiva.o(.text) refers to eddiev3.o(.constdata) for Eddie_start
    exemplotiva.o(.text) refers to eddiev3.o(.constdata) for Eddie
    exemplotiva.o(.text) refers to circle.o(i.GrCircleDraw) for GrCircleDraw
    exemplotiva.o(.text) refers to circle.o(i.GrCircleFill) for GrCircleFill
    exemplotiva.o(.text) refers to inimigo.o(.constdata) for inimigo_start
    exemplotiva.o(.text) refers to inimigo.o(.constdata) for inimigo
    exemplotiva.o(.text) refers to boss.o(.constdata) for boss_start
    exemplotiva.o(.text) refers to boss.o(.constdata) for boss
    exemplotiva.o(.text) refers to point.o(.constdata) for point_start
    exemplotiva.o(.text) refers to point.o(.constdata) for point
    exemplotiva.o(.text) refers to key.o(.constdata) for key_start
    exemplotiva.o(.text) refers to key.o(.constdata) for key
    exemplotiva.o(.text) refers to dflt_clz.o(x$fpl$dfltu) for __aeabi_ui2d
    exemplotiva.o(.text) refers to dmul.o(x$fpl$dmul) for __aeabi_dmul
    exemplotiva.o(.text) refers to dfixu.o(x$fpl$dfixu) for __aeabi_d2uiz
    exemplotiva.o(.text) refers to daddsub_clz.o(x$fpl$dadd) for __aeabi_dadd
    exemplotiva.o(.text) refers to rt_cmsis.o(i.osTimerStop) for osTimerStop
    exemplotiva.o(.constdata) refers to exemplotiva.o(.text) for EddieController
    exemplotiva.o(.constdata) refers to exemplotiva.o(.bss) for os_timer_cb_timer_eddie
    exemplotiva.o(.constdata) refers to exemplotiva.o(.bss) for os_timer_cb_timer_enemies
    exemplotiva.o(.constdata) refers to exemplotiva.o(.bss) for os_timer_cb_timer_points
    exemplotiva.o(.constdata) refers to exemplotiva.o(.bss) for os_timer_cb_timer_boss
    exemplotiva.o(.data) refers to exemplotiva.o(.conststring) for .conststring
    buzzer.o(.text) refers to pwm.o(i.PWMClockSet) for PWMClockSet
    buzzer.o(.text) refers to pwm.o(i.PWMOutputState) for PWMOutputState
    buzzer.o(.text) refers to pwm.o(i.PWMGenPeriodGet) for PWMGenPeriodGet
    buzzer.o(.text) refers to pwm.o(i.PWMPulseWidthSet) for PWMPulseWidthSet
    buzzer.o(.text) refers to pwm.o(i.PWMGenPeriodSet) for PWMGenPeriodSet
    buzzer.o(.text) refers to sysctl.o(i.SysCtlPeripheralEnable) for SysCtlPeripheralEnable
    buzzer.o(.text) refers to sysctl.o(i.SysCtlPeripheralReady) for SysCtlPeripheralReady
    buzzer.o(.text) refers to gpio.o(i.GPIOPinTypePWM) for GPIOPinTypePWM
    buzzer.o(.text) refers to gpio.o(i.GPIOPinConfigure) for GPIOPinConfigure
    buzzer.o(.text) refers to pwm.o(i.PWMGenConfigure) for PWMGenConfigure
    buzzer.o(.text) refers to pwm.o(i.PWMOutputInvert) for PWMOutputInvert
[...]
    PendSV_Handler                           0x0000040d   Thumb Code    96  hal_cm4.o(.emb_text)
    SysTick_Handler                          0x00000471   Thumb Code     8  hal_cm4.o(.emb_text)
    OS_Tick_Handler                          0x00000479   Thumb Code    12  hal_cm4.o(.emb_text)
    __RL_RTX_VER                             0x00000482   Number         0  rt_system.o ABSOLUTE
    draw_pixel                               0x00000485   Thumb Code    60  exemplotiva.o(.text)
    InitializeBackGround                     0x000004c1   Thumb Code   154  exemplotiva.o(.text)
    button_read_debounce                     0x0000055b   Thumb Code    26  exemplotiva.o(.text)
    OnPause                                  0x00000575   Thumb Code    74  exemplotiva.o(.text)
    Initialize                               0x000005bf   Thumb Code   216  exemplotiva.o(.text)
    init_all                                 0x00000697   Thumb Code    50  exemplotiva.o(.text)
    main                                     0x000006c9   Thumb Code   114  exemplotiva.o(.text)
    draw_Eddie                               0x00000801   Thumb Code   168  exemplotiva.o(.text)
    draw_Enemy                               0x000008a9   Thumb Code   108  exemplotiva.o(.text)
    draw_Boss                                0x00000915   Thumb Code   122  exemplotiva.o(.text)
    draw_Point                               0x0000098f   Thumb Code   108  exemplotiva.o(.text)
    draw_Key                                 0x000009fb   Thumb Code   108  exemplotiva.o(.text)
    drawBack                                 0x00000a67   Thumb Code   192  exemplotiva.o(.text)
    draw                                     0x00000b27   Thumb Code   172  exemplotiva.o(.text)
    draw_circle                              0x00000bd3   Thumb Code    40  exemplotiva.o(.text)
    fill_circle                              0x00000bfb   Thumb Code    42  exemplotiva.o(.text)
    saturate                                 0x00000c25   Thumb Code   114  exemplotiva.o(.text)
    InitializeBacKGround                     0x00000c97   Thumb Code   134  exemplotiva.o(.text)
    collisionStairsControllerUp              0x00000d1d   Thumb Code    68  exemplotiva.o(.text)
    collisionStairsControllerDown            0x00000d61   Thumb Code    66  exemplotiva.o(.text)
    EddieController                          0x00000da3   Thumb Code   382  exemplotiva.o(.text)
    EnemiesController                        0x00000f21   Thumb Code   128  exemplotiva.o(.text)
    PointsController                         0x00000fa1   Thumb Code   106  exemplotiva.o(.text)
    BossController                           0x0000100b   Thumb Code    98  exemplotiva.o(.text)
    collisionEnemyController                 0x0000106d   Thumb Code    66  exemplotiva.o(.text)
    collisionPointController                 0x000010af   Thumb Code    66  exemplotiva.o(.text)
    collisionKeyController                   0x000010f1   Thumb Code    80  exemplotiva.o(.text)
    collisionBossController                  0x00001141   Thumb Code    62  exemplotiva.o(.text)
    ResetEddie                               0x0000117f   Thumb Code    48  exemplotiva.o(.text)
    newPointPosition                         0x000011af   Thumb Code    92  exemplotiva.o(.text)
    newEnemyPosition                         0x0000120b   Thumb Code    80  exemplotiva.o(.text)
    InitializeNewLevel                       0x0000125b   Thumb Code   126  exemplotiva.o(.text)
    GameOver                                 0x000012d9   Thumb Code   268  exemplotiva.o(.text)
    GameWon                                  0x000013e5   Thumb Code   236  exemplotiva.o(.text)
    NextLevel                                0x000014d1   Thumb Code   390  exemplotiva.o(.text)
    GameController                           0x00001657   Thumb Code   448  exemplotiva.o(.text)
    buzzer_write                             0x000018b1   Thumb Code    14  buzzer.o(.text)
    buzzer_vol_set                           0x000018bf   Thumb Code    54  buzzer.o(.text)
    buzzer_per_set                           0x000018f5   Thumb Code    48  buzzer.o(.text)
    buzzer_init                              0x00001925   Thumb Code   120  buzzer.o(.text)
    accel_init                               0x000019b9   Thumb Code    18  accel.o(.text)
    accel_read_x                             0x00001a33   Thumb Code     8  accel.o(.text)
    accel_read_y                             0x00001a3b   Thumb Code     8  accel.o(.text)
    accel_read_z                             0x00001a43   Thumb Code     8  accel.o(.text)
    button_init                              0x00001a5d   Thumb Code    42  buttons.o(.text)
    button_read_s1                           0x00001a87   Thumb Code    20  buttons.o(.text)
    button_read_s2                           0x00001a9b   Thumb Code    20  buttons.o(.text)
    cfaf128x128x16Rect                       0x00001c49   Thumb Code   100  cfaf128x128x16.o(.text)
    cfaf128x128x16LineVer                    0x00001cad   Thumb Code    22  cfaf128x128x16.o(.text)
    cfaf128x128x16LineHor                    0x00001cc3   Thumb Code    16  cfaf128x128x16.o(.text)
    cfaf128x128x16Dot                        0x00001cd3   Thumb Code    22  cfaf128x128x16.o(.text)
    cfaf128x128x16SetOrientation             0x00001f2d   Thumb Code    70  cfaf128x128x16.o(.text)
    cfaf128x128x16ClearColor                 0x00001f73   Thumb Code    36  cfaf128x128x16.o(.text)
    cfaf128x128x16Clear                      0x00001f97   Thumb Code     4  cfaf128x128x16.o(.text)
    InitSSICom                               0x00001f9b   Thumb Code   138  cfaf128x128x16.o(.text)
    cfaf128x128x16Init                       0x00002025   Thumb Code   322  cfaf128x128x16.o(.text)
    led_init                                 0x000021b5   Thumb Code    52  led.o(.text)
    led_on                                   0x000021e9   Thumb Code    80  led.o(.text)
    led_off                                  0x00002239   Thumb Code    80  led.o(.text)
    led_write                                0x00002289   Thumb Code    38  led.o(.text)
    mic_init                                 0x000022d1   Thumb Code    18  mic.o(.text)
    mic_read                                 0x0000234b   Thumb Code     8  mic.o(.text)
    opt_read                                 0x00002733   Thumb Code     4  opt.o(.text)
    opt_read_lux                             0x00002759   Thumb Code    82  opt.o(.text)
    opt_init                                 0x000027ab   Thumb Code   244  opt.o(.text)
    rgb_write_r                              0x000028d5   Thumb Code    82  rgb.o(.text)
    rgb_write_g                              0x00002927   Thumb Code    82  rgb.o(.text)
    rgb_write_b                              0x00002979   Thumb Code    82  rgb.o(.text)
    rgb_write                                0x000029cb   Thumb Code    24  rgb.o(.text)
    rgb_write_color                          0x000029e3   Thumb Code    12  rgb.o(.text)
    rgb_init                                 0x000029ef   Thumb Code   272  rgb.o(.text)
    servo_write                              0x00002b29   Thumb Code    26  servo.o(.text)
    servo_init                               0x00002b43   Thumb Code   164  servo.o(.text)
    joy_init                                 0x00002c0d   Thumb Code    46  joy.o(.text)
    joy_read_center                          0x00002ca3   Thumb Code    20  joy.o(.text)
    joy_read_x                               0x00002cb7   Thumb Code     8  joy.o(.text)
    joy_read_y                               0x00002cbf   Thumb Code     8  joy.o(.text)
    temp_read                                0x000030ab   Thumb Code    12  temp.o(.text)
    temp_read_voltage                        0x000030b7   Thumb Code    22  temp.o(.text)
    temp_init                                0x000030e7   Thumb Code   230  temp.o(.text)
    os_idle_demon                            0x00003201   Thumb Code     2  rtx_conf_cm.o(.text)
    os_error                                 0x00003203   Thumb Code     2  rtx_conf_cm.o(.text)
    __user_perthread_libspace                0x00003205   Thumb Code    32  rtx_conf_cm.o(.text)
    _mutex_initialize                        0x00003225   Thumb Code    34  rtx_conf_cm.o(.text)
    _mutex_acquire                           0x00003247   Thumb Code    22  rtx_conf_cm.o(.text)
    _mutex_release                           0x0000325d   Thumb Code    18  rtx_conf_cm.o(.text)
    Reset_Handler                            0x0000328d   Thumb Code     8  startup_tm4c129.o(.text)
    NMI_Handler                              0x00003295   Thumb Code     2  startup_tm4c129.o(.text)
    HardFault_Handler                        0x00003297   Thumb Code     2  startup_tm4c129.o(.text)
    MemManage_Handler                        0x00003299   Thumb Code     2  startup_tm4c129.o(.text)
    BusFault_Handler                         0x0000329b   Thumb Code     2  startup_tm4c129.o(.text)
    UsageFault_Handler                       0x0000329d   Thumb Code     2  startup_tm4c129.o(.text)
    DebugMon_Handler                         0x000032a1   Thumb Code     2  startup_tm4c129.o(.text)
    GPIOA_Handler                            0x000032a7   Thumb Code     2  startup_tm4c129.o(.text)
    GPIOB_Handler                            0x000032a9   Thumb Code     2  startup_tm4c129.o(.text)
    GPIOC_Handler                            0x000032ab   Thumb Code     2  startup_tm4c129.o(.text)
    GPIOD_Handler                            0x000032ad   Thumb Code     2  startup_tm4c129.o(.text)
    GPIOE_Handler                            0x000032af   Thumb Code     2  startup_tm4c129.o(.text)
    UART0_Handler                            0x000032b1   Thumb Code     2  startup_tm4c129.o(.text)
    UART1_Handler                            0x000032b3   Thumb Code     2  startup_tm4c129.o(.text)
    SSI0_Handler                             0x000032b5   Thumb Code     2  startup_tm4c129.o(.text)
    I2C0_Handler                             0x000032b7   Thumb Code     2  startup_tm4c129.o(.text)
    PMW0_FAULT_Handler                       0x000032b9   Thumb Code     2  startup_tm4c129.o(.text)
    PWM0_0_Handler                           0x000032bb   Thumb Code     2  startup_tm4c129.o(.text)
    PWM0_1_Handler                           0x000032bd   Thumb Code     2  startup_tm4c129.o(.text)
    PWM0_2_Handler                           0x000032bf   Thumb Code     2  startup_tm4c129.o(.text)
    QEI0_Handler                             0x000032c1   Thumb Code     2  startup_tm4c129.o(.text)
    ADC0SS0_Handler                          0x000032c3   Thumb Code     2  startup_tm4c129.o(.text)
    ADC0SS1_Handler                          0x000032c5   Thumb Code     2  startup_tm4c129.o(.text)
    ADC0SS2_Handler                          0x000032c7   Thumb Code     2  startup_tm4c129.o(.text)
    ADC0SS3_Handler                          0x000032c9   Thumb Code     2  startup_tm4c129.o(.text)
    WDT0_Handler                             0x000032cb   Thumb Code     2  startup_tm4c129.o(.text)
    TIMER0A_Handler                          0x000032cd   Thumb Code     2  startup_tm4c129.o(.text)
    TIMER0B_Handler                          0x000032cf   Thumb Code     2  startup_tm4c129.o(.text)
    TIMER1A_Handler                          0x000032d1   Thumb Code     2  startup_tm4c129.o(.text)
    TIMER1B_Handler                          0x000032d3   Thumb Code     2  startup_tm4c129.o(.text)
    TIMER2A_Handler                          0x000032d5   Thumb Code     2  startup_tm4c129.o(.text)
    TIMER2B_Handler                          0x000032d7   Thumb Code     2  startup_tm4c129.o(.text)
    COMP0_Handler                            0x000032d9   Thumb Code     2  startup_tm4c129.o(.text)
    COMP1_Handler                            0x000032db   Thumb Code     2  startup_tm4c129.o(.text)
    COMP2_Handler                            0x000032dd   Thumb Code     2  startup_tm4c129.o(.text)
    SYSCTL_Handler                           0x000032df   Thumb Code     2  startup_tm4c129.o(.text)
    FLASH_Handler                            0x000032e1   Thumb Code     2  startup_tm4c129.o(.text)
    GPIOF_Handler                            0x000032e3   Thumb Code     2  startup_tm4c129.o(.text)
    GPIOG_Handler                            0x000032e5   Thumb Code     2  startup_tm4c129.o(.text)
    GPIOH_Handler                            0x000032e7   Thumb Code     2  startup_tm4c129.o(.text)
    UART2_Handler                            0x000032e9   Thumb Code     2  startup_tm4c129.o(.text)
    SSI1_Handler                             0x000032eb   Thumb Code     2  startup_tm4c129.o(.text)
    TIMER3A_Handler                          0x000032ed   Thumb Code     2  startup_tm4c129.o(.text)
    TIMER3B_Handler                          0x000032ef   Thumb Code     2  startup_tm4c129.o(.text)
    I2C1_Handler                             0x000032f1   Thumb Code     2  startup_tm4c129.o(.text)
    CAN0_Handler                             0x000032f3   Thumb Code     2  startup_tm4c129.o(.text)
    CAN1_Handler                             0x000032f5   Thumb Code     2  startup_tm4c129.o(.text)
    ETH_Handler                              0x000032f7   Thumb Code     2  startup_tm4c129.o(.text)
    HIB_Handler                              0x000032f9   Thumb Code     2  startup_tm4c129.o(.text)
    USB0_Handler                             0x000032fb   Thumb Code     2  startup_tm4c129.o(.text)
    PWM0_3_Handler                           0x000032fd   Thumb Code     2  startup_tm4c129.o(.text)
    UDMA_Handler                             0x000032ff   Thumb Code     2  startup_tm4c129.o(.text)
    UDMAERR_Handler                          0x00003301   Thumb Code     2  startup_tm4c129.o(.text)
    ADC1SS0_Handler                          0x00003303   Thumb Code     2  startup_tm4c129.o(.text)
    ADC1SS1_Handler                          0x00003305   Thumb Code     2  startup_tm4c129.o(.text)
    ADC1SS2_Handler                          0x00003307   Thumb Code     2  startup_tm4c129.o(.text)
    ADC1SS3_Handler                          0x00003309   Thumb Code     2  startup_tm4c129.o(.text)
    EBI0_Handler                             0x0000330b   Thumb Code     2  startup_tm4c129.o(.text)
    GPIOJ_Handler                            0x0000330d   Thumb Code     2  startup_tm4c129.o(.text)
    GPIOK_Handler                            0x0000330f   Thumb Code     2  startup_tm4c129.o(.text)
    GPIOL_Handler                            0x00003311   Thumb Code     2  startup_tm4c129.o(.text)
    SSI2_Handler                             0x00003313   Thumb Code     2  startup_tm4c129.o(.text)
    SSI3_Handler                             0x00003315   Thumb Code     2  startup_tm4c129.o(.text)
    UART3_Handler                            0x00003317   Thumb Code     2  startup_tm4c129.o(.text)
    UART4_Handler                            0x00003319   Thumb Code     2  startup_tm4c129.o(.text)
    UART5_Handler                            0x0000331b   Thumb Code     2  startup_tm4c129.o(.text)
    UART6_Handler                            0x0000331d   Thumb Code     2  startup_tm4c129.o(.text)
    UART7_Handler                            0x0000331f   Thumb Code     2  startup_tm4c129.o(.text)
    I2C2_Handler                             0x00003321   Thumb Code     2  startup_tm4c129.o(.text)
    I2C3_Handler                             0x00003323   Thumb Code     2  startup_tm4c129.o(.text)
    TIMER4A_Handler                          0x00003325   Thumb Code     2  startup_tm4c129.o(.text)
    TIMER4B_Handler                          0x00003327   Thumb Code     2  startup_tm4c129.o(.text)
    TIMER5A_Handler                          0x00003329   Thumb Code     2  startup_tm4c129.o(.text)
    TIMER5B_Handler                          0x0000332b   Thumb Code     2  startup_tm4c129.o(.text)
    WTIMER0A_Handler                         0x0000332d   Thumb Code     2  startup_tm4c129.o(.text)
    WTIMER0B_Handler                         0x0000332f   Thumb Code     2  startup_tm4c129.o(.text)
    WTIMER1A_Handler                         0x00003331   Thumb Code     2  startup_tm4c129.o(.text)
    WTIMER1B_Handler                         0x00003333   Thumb Code     2  startup_tm4c129.o(.text)
    WTIMER2A_Handler                         0x00003335   Thumb Code     2  startup_tm4c129.o(.text)
    WTIMER2B_Handler                         0x00003337   Thumb Code     2  startup_tm4c129.o(.text)
    WTIMER3A_Handler                         0x00003339   Thumb Code     2  startup_tm4c129.o(.text)
    WTIMER3B_Handler                         0x0000333b   Thumb Code     2  startup_tm4c129.o(.text)
    WTIMER4A_Handler                         0x0000333d   Thumb Code     2  startup_tm4c129.o(.text)
    WTIMER4B_Handler                         0x0000333f   Thumb Code     2  startup_tm4c129.o(.text)
    WTIMER5A_Handler                         0x00003341   Thumb Code     2  startup_tm4c129.o(.text)
    WTIMER5B_Handler                         0x00003343   Thumb Code     2  startup_tm4c129.o(.text)
    FPU_Handler                              0x00003345   Thumb Code     2  startup_tm4c129.o(.text)
    I2C4_Handler                             0x00003347   Thumb Code     2  startup_tm4c129.o(.text)
    I2C5_Handler                             0x00003349   Thumb Code     2  startup_tm4c129.o(.text)
    GPIOM_Handler                            0x0000334b   Thumb Code     2  startup_tm4c129.o(.text)
    GPION_Handler                            0x0000334d   Thumb Code     2  startup_tm4c129.o(.text)
    TAMPER_Handler                           0x0000334f   Thumb Code     2  startup_tm4c129.o(.text)
    GPIOP0_Handler                           0x00003351   Thumb Code     2  startup_tm4c129.o(.text)
    GPIOP1_Handler                           0x00003353   Thumb Code     2  startup_tm4c129.o(.text)
    GPIOP2_Handler                           0x00003355   Thumb Code     2  startup_tm4c129.o(.text)
    GPIOP3_Handler                           0x00003357   Thumb Code     2  startup_tm4c129.o(.text)
    GPIOP4_Handler                           0x00003359   Thumb Code     2  startup_tm4c129.o(.text)
    GPIOP5_Handler                           0x0000335b   Thumb Code     2  startup_tm4c129.o(.text)
    GPIOP6_Handler                           0x0000335d   Thumb Code     2  startup_tm4c129.o(.text)
    GPIOP7_Handler                           0x0000335f   Thumb Code     2  startup_tm4c129.o(.text)
    GPIOQ0_Handler                           0x00003361   Thumb Code     2  startup_tm4c129.o(.text)
    GPIOQ1_Handler                           0x00003363   Thumb Code     2  startup_tm4c129.o(.text)
    GPIOQ2_Handler                           0x00003365   Thumb Code     2  startup_tm4c129.o(.text)
    GPIOQ3_Handler                           0x00003367   Thumb Code     2  startup_tm4c129.o(.text)
    GPIOQ4_Handler                           0x00003369   Thumb Code     2  startup_tm4c129.o(.text)
    GPIOQ5_Handler                           0x0000336b   Thumb Code     2  startup_tm4c129.o(.text)
    GPIOQ6_Handler                           0x0000336d   Thumb Code     2  startup_tm4c129.o(.text)
    GPIOQ7_Handler                           0x0000336f   Thumb Code     2  startup_tm4c129.o(.text)
    GPIOR_Handler                            0x00003371   Thumb Code     2  startup_tm4c129.o(.text)
    GPIOS_Handler                            0x00003373   Thumb Code     2  startup_tm4c129.o(.text)
    SHAMD5_Handler                           0x00003375   Thumb Code     2  startup_tm4c129.o(.text)
    AES_Handler                              0x00003377   Thumb Code     2  startup_tm4c129.o(.text)
    DES3DES_Handler                          0x00003379   Thumb Code     2  startup_tm4c129.o(.text)
    LCDCONTROLLER_Handler                    0x0000337b   Thumb Code     2  startup_tm4c129.o(.text)
    TIMER6A_Handler                          0x0000337d   Thumb Code     2  startup_tm4c129.o(.text)
    TIMER6B_Handler                          0x0000337f   Thumb Code     2  startup_tm4c129.o(.text)
    TIMER7A_Handler                          0x00003381   Thumb Code     2  startup_tm4c129.o(.text)
    TIMER7B_Handler                          0x00003383   Thumb Code     2  startup_tm4c129.o(.text)
    I2C6_Handler                             0x00003385   Thumb Code     2  startup_tm4c129.o(.text)
    I2C7_Handler                             0x00003387   Thumb Code     2  startup_tm4c129.o(.text)
    HIMSCANKEYBOARD_Handler                  0x00003389   Thumb Code     2  startup_tm4c129.o(.text)
    ONEWIRE_Handler                          0x0000338b   Thumb Code     2  startup_tm4c129.o(.text)
    HIMPS2_Handler                           0x0000338d   Thumb Code     2  startup_tm4c129.o(.text)
    HIMLEDSEQUENCER_Handler                  0x0000338f   Thumb Code     2  startup_tm4c129.o(.text)
    HIMCONSUMERIR_Handler                    0x00003391   Thumb Code     2  startup_tm4c129.o(.text)
    I2C8_Handler                             0x00003393   Thumb Code     2  startup_tm4c129.o(.text)
    I2C9_Handler                             0x00003395   Thumb Code     2  startup_tm4c129.o(.text)
    GPIOT_Handler                            0x00003397   Thumb Code     2  startup_tm4c129.o(.text)
    __user_initial_stackheap                 0x00003399   Thumb Code     0  startup_tm4c129.o(.text)
    SystemCoreClockUpdate                    0x000033b9   Thumb Code     8  system_tm4c129.o(.text)
    SystemInit                               0x000033c1   Thumb Code    18  system_tm4c129.o(.text)
    __user_libspace                          0x000033e1   Thumb Code     8  libspace.o(.text)
    __user_perproc_libspace                  0x000033e1   Thumb Code     0  libspace.o(.text)
    __aeabi_uldivmod                         0x000033e9   Thumb Code     0  lludivv7m.o(.text)
    _ll_udiv                                 0x000033e9   Thumb Code   238  lludivv7m.o(.text)
    __aeabi_ldivmod                          0x000034d7   Thumb Code     0  llsdiv.o(.text)
    _ll_sdiv                                 0x000034d7   Thumb Code    72  llsdiv.o(.text)
    exit                                     0x0000351f   Thumb Code    18  exit.o(.text)
    __use_two_region_memory                  0x00003531   Thumb Code     2  heapauxi.o(.text)
    __rt_heap_escrow$2region                 0x00003533   Thumb Code     2  heapauxi.o(.text)
    __rt_heap_expand$2region                 0x00003535   Thumb Code     2  heapauxi.o(.text)
    _sys_exit                                0x00003539   Thumb Code     8  sys_exit.o(.text)
    __user_setup_stackheap                   0x00003545   Thumb Code    74  sys_stackheap_outer.o(.text)
    __I$use$semihosting                      0x0000358f   Thumb Code     0  use_no_semi.o(.text)
    __use_no_semihosting_swi                 0x0000358f   Thumb Code     2  use_no_semi.o(.text)
    SVC_Count                                0x00003590   Data           4  svc_table.o(SVC_TABLE)
    __semihosting_library_function           0x00003591   Thumb Code     0  indicate_semi.o(.text)
    ADCIntClear                              0x00003595   Thumb Code    10  adc.o(i.ADCIntClear)
    SVC_Table                                0x00003594   Data           0  svc_table.o(SVC_TABLE)
    ADCIntStatus                             0x0000359f   Thumb Code    52  adc.o(i.ADCIntStatus)
    ADCProcessorTrigger                      0x000035d3   Thumb Code    26  adc.o(i.ADCProcessorTrigger)
    ADCSequenceConfigure                     0x000035ed   Thumb Code    96  adc.o(i.ADCSequenceConfigure)
    ADCSequenceDataGet                       0x0000364d   Thumb Code    36  adc.o(i.ADCSequenceDataGet)
    ADCSequenceEnable                        0x00003671   Thumb Code    14  adc.o(i.ADCSequenceEnable)
    ADCSequenceStepConfigure                 0x0000367f   Thumb Code   154  adc.o(i.ADCSequenceStepConfigure)
    GPIODirModeSet                           0x00003719   Thumb Code    40  gpio.o(i.GPIODirModeSet)
    GPIOPadConfigSet                         0x00003741   Thumb Code   312  gpio.o(i.GPIOPadConfigSet)
    GPIOPinConfigure                         0x00003879   Thumb Code    60  gpio.o(i.GPIOPinConfigure)
    GPIOPinRead                              0x000038bd   Thumb Code     6  gpio.o(i.GPIOPinRead)
    GPIOPinTypeADC                           0x000038c3   Thumb Code    28  gpio.o(i.GPIOPinTypeADC)
    GPIOPinTypeGPIOInput                     0x000038df   Thumb Code    28  gpio.o(i.GPIOPinTypeGPIOInput)
    GPIOPinTypeI2C                           0x000038fb   Thumb Code    28  gpio.o(i.GPIOPinTypeI2C)
    GPIOPinTypeI2CSCL                        0x00003917   Thumb Code    28  gpio.o(i.GPIOPinTypeI2CSCL)
    GPIOPinTypePWM                           0x00003933   Thumb Code    28  gpio.o(i.GPIOPinTypePWM)
    GPIOPinTypeTimer                         0x0000394f   Thumb Code    28  gpio.o(i.GPIOPinTypeTimer)
    GrCircleDraw                             0x0000396b   Thumb Code   514  circle.o(i.GrCircleDraw)
    GrCircleFill                             0x00003b6d   Thumb Code   294  circle.o(i.GrCircleFill)
    GrContextFontSet                         0x00003c93   Thumb Code     6  string.o(i.GrContextFontSet)
    GrContextInit                            0x00003c99   Thumb Code    88  context.o(i.GrContextInit)
    GrDefaultStringRenderer                  0x00003cfd   Thumb Code   280  string.o(i.GrDefaultStringRenderer)
    GrFontGlyphDataGet                       0x00003e15   Thumb Code   166  string.o(i.GrFontGlyphDataGet)
    GrFontGlyphRender                        0x00003ebb   Thumb Code   648  string.o(i.GrFontGlyphRender)
    GrLineDrawH                              0x00004143   Thumb Code    76  line.o(i.GrLineDrawH)
    GrMapISO8859_1_Unicode                   0x0000418f   Thumb Code     8  charmap.o(i.GrMapISO8859_1_Unicode)
    GrStringDraw                             0x00004197   Thumb Code    32  string.o(i.GrStringDraw)
    I2CIntRegister                           0x000041b9   Thumb Code    80  i2c.o(i.I2CIntRegister)
    I2CMasterBurstLengthSet                  0x00004219   Thumb Code     4  i2c.o(i.I2CMasterBurstLengthSet)
    I2CMasterBusBusy                         0x0000421d   Thumb Code    12  i2c.o(i.I2CMasterBusBusy)
    I2CMasterBusy                            0x00004229   Thumb Code    12  i2c.o(i.I2CMasterBusy)
    I2CMasterControl                         0x00004235   Thumb Code     4  i2c.o(i.I2CMasterControl)
    I2CMasterDataGet                         0x00004239   Thumb Code     4  i2c.o(i.I2CMasterDataGet)
    I2CMasterDataPut                         0x0000423d   Thumb Code     4  i2c.o(i.I2CMasterDataPut)
    I2CMasterEnable                          0x00004241   Thumb Code    10  i2c.o(i.I2CMasterEnable)
    I2CMasterErr                             0x0000424b   Thumb Code    24  i2c.o(i.I2CMasterErr)
    I2CMasterGlitchFilterConfigSet           0x00004265   Thumb Code    74  i2c.o(i.I2CMasterGlitchFilterConfigSet)
    I2CMasterInitExpClk                      0x000042b9   Thumb Code    72  i2c.o(i.I2CMasterInitExpClk)
    I2CMasterIntClear                        0x0000430d   Thumb Code     8  i2c.o(i.I2CMasterIntClear)
    I2CMasterIntClearEx                      0x00004315   Thumb Code     4  i2c.o(i.I2CMasterIntClearEx)
    I2CMasterIntEnableEx                     0x00004319   Thumb Code     8  i2c.o(i.I2CMasterIntEnableEx)
    I2CMasterSlaveAddrSet                    0x00004321   Thumb Code     8  i2c.o(i.I2CMasterSlaveAddrSet)
    I2CMasterTimeoutSet                      0x00004329   Thumb Code     4  i2c.o(i.I2CMasterTimeoutSet)
    IntEnable                                0x0000432d   Thumb Code    92  interrupt.o(i.IntEnable)
    IntRegister                              0x00004391   Thumb Code    44  interrupt.o(i.IntRegister)
    PWMClockSet                              0x000043c5   Thumb Code    20  pwm.o(i.PWMClockSet)
    PWMGenConfigure                          0x000043d9   Thumb Code    38  pwm.o(i.PWMGenConfigure)
    PWMGenDisable                            0x000043ff   Thumb Code    10  pwm.o(i.PWMGenDisable)
    PWMGenEnable                             0x00004409   Thumb Code    10  pwm.o(i.PWMGenEnable)
    PWMGenPeriodGet                          0x00004413   Thumb Code    18  pwm.o(i.PWMGenPeriodGet)
    PWMGenPeriodSet                          0x00004425   Thumb Code    18  pwm.o(i.PWMGenPeriodSet)
    PWMOutputInvert                          0x00004437   Thumb Code    16  pwm.o(i.PWMOutputInvert)
    PWMOutputState                           0x00004447   Thumb Code    16  pwm.o(i.PWMOutputState)
    PWMPulseWidthSet                         0x00004457   Thumb Code    32  pwm.o(i.PWMPulseWidthSet)
    SysCtlClockFreqSet                       0x00004479   Thumb Code   706  sysctl.o(i.SysCtlClockFreqSet)
    SysCtlPeripheralEnable                   0x00004765   Thumb Code    36  sysctl.o(i.SysCtlPeripheralEnable)
    SysCtlPeripheralReady                    0x0000478d   Thumb Code    40  sysctl.o(i.SysCtlPeripheralReady)
    SysCtlPeripheralReset                    0x000047b9   Thumb Code    56  sysctl.o(i.SysCtlPeripheralReset)
    TimerClockSourceSet                      0x000047f5   Thumb Code     6  timer.o(i.TimerClockSourceSet)
    TimerConfigure                           0x000047fd   Thumb Code    88  timer.o(i.TimerConfigure)
    TimerControlLevel                        0x0000485d   Thumb Code    22  timer.o(i.TimerControlLevel)
    TimerEnable                              0x00004873   Thumb Code    14  timer.o(i.TimerEnable)
    TimerLoadSet                             0x00004881   Thumb Code    18  timer.o(i.TimerLoadSet)
    TimerMatchSet                            0x00004893   Thumb Code    18  timer.o(i.TimerMatchSet)
    TimerPrescaleSet                         0x000048a5   Thumb Code    18  timer.o(i.TimerPrescaleSet)
    TimerUpdateMode                          0x000048b7   Thumb Code    42  timer.o(i.TimerUpdateMode)
    _init_box                                0x0000494d   Thumb Code    70  rt_membox.o(i._init_box)
    dbg_init                                 0x00004995   Thumb Code    34  hal_cm.o(i.dbg_init)
    dbg_task_notify                          0x000049c5   Thumb Code    32  hal_cm.o(i.dbg_task_notify)
    dbg_task_switch                          0x000049e5   Thumb Code    16  hal_cm.o(i.dbg_task_switch)
    isrMessageGet                            0x000049f5   Thumb Code    42  rt_cmsis.o(i.isrMessageGet)
    isrMessagePut                            0x00004a1f   Thumb Code    44  rt_cmsis.o(i.isrMessagePut)
    isr_mbx_receive                          0x00004a4d   Thumb Code    86  rt_mailbox.o(i.isr_mbx_receive)
    isr_mbx_send                             0x00004aa3   Thumb Code    14  rt_mailbox.o(i.isr_mbx_send)
    osDelay                                  0x00004ab1   Thumb Code    18  rt_cmsis.o(i.osDelay)
    osKernelInitialize                       0x00004ac9   Thumb Code    30  rt_cmsis.o(i.osKernelInitialize)
    osKernelStart                            0x00004aed   Thumb Code    98  rt_cmsis.o(i.osKernelStart)
    osMessageGet                             0x00004b59   Thumb Code    18  rt_cmsis.o(i.osMessageGet)
    osThreadCreate                           0x00004b71   Thumb Code    36  rt_cmsis.o(i.osThreadCreate)
    osThreadExit                             0x00004b9d   Thumb Code    14  rt_cmsis.o(i.osThreadExit)
    osTimerCall                              0x00004bb5   Thumb Code     8  rt_cmsis.o(i.osTimerCall)
    osTimerCreate                            0x00004bc1   Thumb Code    36  rt_cmsis.o(i.osTimerCreate)
    osTimerStart                             0x00004bed   Thumb Code    18  rt_cmsis.o(i.osTimerStart)
    osTimerStop                              0x00004c05   Thumb Code    18  rt_cmsis.o(i.osTimerStop)
    osTimerThread                            0x00004c1d   Thumb Code    38  rt_cmsis.o(i.osTimerThread)
    os_tick_init                             0x00004c49   Thumb Code    32  rt_system.o(i.os_tick_init)
    os_tick_irqack                           0x00004c71   Thumb Code     2  rt_system.o(i.os_tick_irqack)
    rt_alloc_box                             0x00004c73   Thumb Code    26  rt_membox.o(i.rt_alloc_box)
    rt_alloc_mem                             0x00004c8d   Thumb Code    62  rt_memory.o(i.rt_alloc_mem)
    rt_block                                 0x00004ccd   Thumb Code    48  rt_task.o(i.rt_block)
    rt_chk_robin                             0x00004d05   Thumb Code    60  rt_robin.o(i.rt_chk_robin)
    rt_dec_dly                               0x00004d4d   Thumb Code   102  rt_list.o(i.rt_dec_dly)
    rt_dispatch                              0x00004dbd   Thumb Code    60  rt_task.o(i.rt_dispatch)
    rt_dly_wait                              0x00004e01   Thumb Code     6  rt_time.o(i.rt_dly_wait)
    rt_evt_psh                               0x00004e09   Thumb Code    76  rt_event.o(i.rt_evt_psh)
    rt_free_box                              0x00004e59   Thumb Code    44  rt_membox.o(i.rt_free_box)
    rt_free_mem                              0x00004e85   Thumb Code    40  rt_memory.o(i.rt_free_mem)
    rt_get_first                             0x00004ead   Thumb Code    40  rt_list.o(i.rt_get_first)
    rt_init_mem                              0x00004f25   Thumb Code    26  rt_memory.o(i.rt_init_mem)
    rt_init_robin                            0x00004f41   Thumb Code    14  rt_robin.o(i.rt_init_robin)
    rt_init_stack                            0x00004f59   Thumb Code   118  hal_cm.o(i.rt_init_stack)
    rt_mbx_check                             0x00004fd9   Thumb Code     8  rt_mailbox.o(i.rt_mbx_check)
    rt_mbx_init                              0x00004fe1   Thumb Code    26  rt_mailbox.o(i.rt_mbx_init)
    rt_mbx_psh                               0x00004ffd   Thumb Code   236  rt_mailbox.o(i.rt_mbx_psh)
    rt_mbx_wait                              0x000050ed   Thumb Code   174  rt_mailbox.o(i.rt_mbx_wait)
    rt_mut_init                              0x000051e5   Thumb Code    16  rt_mutex.o(i.rt_mut_init)
    rt_mut_release                           0x000051f5   Thumb Code   208  rt_mutex.o(i.rt_mut_release)
    rt_mut_wait                              0x000052cd   Thumb Code   114  rt_mutex.o(i.rt_mut_wait)
    rt_pop_req                               0x00005345   Thumb Code   112  rt_system.o(i.rt_pop_req)
    rt_psh_req                               0x000053c1   Thumb Code    22  rt_system.o(i.rt_psh_req)
    rt_psq_enq                               0x000053e1   Thumb Code    88  rt_list.o(i.rt_psq_enq)
    rt_put_dly                               0x0000543d   Thumb Code    68  rt_list.o(i.rt_put_dly)
    rt_put_prio                              0x00005485   Thumb Code    54  rt_list.o(i.rt_put_prio)
    rt_put_rdy_first                         0x000054bd   Thumb Code    14  rt_list.o(i.rt_put_rdy_first)
    rt_resort_prio                           0x000054d1   Thumb Code    46  rt_list.o(i.rt_resort_prio)
    rt_ret_val                               0x00005515   Thumb Code    12  hal_cm.o(i.rt_ret_val)
    rt_ret_val2                              0x00005521   Thumb Code    16  hal_cm.o(i.rt_ret_val2)
    rt_rmv_dly                               0x00005531   Thumb Code    40  rt_list.o(i.rt_rmv_dly)
    rt_rmv_list                              0x00005559   Thumb Code    44  rt_list.o(i.rt_rmv_list)
    rt_sem_psh                               0x00005589   Thumb Code    48  rt_semaphore.o(i.rt_sem_psh)
    rt_stk_check                             0x000055bd   Thumb Code    28  rt_system.o(i.rt_stk_check)
    rt_switch_req                            0x000055e1   Thumb Code    30  rt_task.o(i.rt_switch_req)
    rt_sys_init                              0x00005609   Thumb Code   138  rt_task.o(i.rt_sys_init)
    rt_sys_start                             0x000056d5   Thumb Code   110  rt_task.o(i.rt_sys_start)
    rt_systick                               0x0000574d   Thumb Code    50  rt_system.o(i.rt_systick)
    rt_tsk_create                            0x00005811   Thumb Code   118  rt_task.o(i.rt_tsk_create)
    rt_tsk_delete                            0x00005899   Thumb Code   352  rt_task.o(i.rt_tsk_delete)
    rt_tsk_prio                              0x00005a15   Thumb Code   108  rt_task.o(i.rt_tsk_prio)
    rt_tsk_self                              0x00005a91   Thumb Code    12  rt_task.o(i.rt_tsk_self)
    svcDelay                                 0x00005aa1   Thumb Code    18  rt_cmsis.o(i.svcDelay)
    svcKernelInitialize                      0x00005ab5   Thumb Code    80  rt_cmsis.o(i.svcKernelInitialize)
    svcKernelStart                           0x00005b25   Thumb Code    62  rt_cmsis.o(i.svcKernelStart)
    svcMessageCreate                         0x00005b6d   Thumb Code    36  rt_cmsis.o(i.svcMessageCreate)
    svcMessageGet                            0x00005b91   Thumb Code    58  rt_cmsis.o(i.svcMessageGet)
    svcThreadCreate                          0x00005bcd   Thumb Code    96  rt_cmsis.o(i.svcThreadCreate)
    svcThreadGetId                           0x00005c39   Thumb Code    22  rt_cmsis.o(i.svcThreadGetId)
    svcThreadTerminate                       0x00005c55   Thumb Code    50  rt_cmsis.o(i.svcThreadTerminate)
    svcTimerCall                             0x00005c8d   Thumb Code    24  rt_cmsis.o(i.svcTimerCall)
    svcTimerCreate                           0x00005ca5   Thumb Code    52  rt_cmsis.o(i.svcTimerCreate)
    svcTimerStart                            0x00005cdd   Thumb Code    96  rt_cmsis.o(i.svcTimerStart)
    svcTimerStop                             0x00005d41   Thumb Code    36  rt_cmsis.o(i.svcTimerStop)
    sysTimerTick                             0x00005d65   Thumb Code    84  rt_cmsis.o(i.sysTimerTick)
    __aeabi_dadd                             0x00005dc1   Thumb Code     0  daddsub_clz.o(x$fpl$dadd)
    _dadd                                    0x00005dc1   Thumb Code   332  daddsub_clz.o(x$fpl$dadd)
    __aeabi_d2uiz                            0x00005f11   Thumb Code     0  dfixu.o(x$fpl$dfixu)
    _dfixu                                   0x00005f11   Thumb Code    90  dfixu.o(x$fpl$dfixu)
    __aeabi_ui2d                             0x00005f6b   Thumb Code     0  dflt_clz.o(x$fpl$dfltu)
    _dfltu                                   0x00005f6b   Thumb Code    38  dflt_clz.o(x$fpl$dfltu)
    __aeabi_dmul                             0x00005f91   Thumb Code     0  dmul.o(x$fpl$dmul)
    _dmul                                    0x00005f91   Thumb Code   332  dmul.o(x$fpl$dmul)
    __fpl_dnaninf                            0x000060e5   Thumb Code   156  dnaninf.o(x$fpl$dnaninf)
    __fpl_dretinf                            0x00006181   Thumb Code    12  dretinf.o(x$fpl$dretinf)
    __aeabi_dsub                             0x0000618d   Thumb Code     0  daddsub_clz.o(x$fpl$dsub)
    _dsub                                    0x0000618d   Thumb Code   464  daddsub_clz.o(x$fpl$dsub)
    _fp_init                                 0x00006361   Thumb Code    10  fpinit.o(x$fpl$fpinit)
    __fplib_config_fpu_vfp                   0x00006369   Thumb Code     0  fpinit.o(x$fpl$fpinit)
    __fplib_config_pureend_doubles           0x00006369   Thumb Code     0  fpinit.o(x$fpl$fpinit)
    __I$use$fp                               0x0000636a   Number         0  usenofp.o(x$fpl$usenofp)
    os_timer_def_timer_eddie                 0x0000636c   Data           8  exemplotiva.o(.constdata)
    os_timer_def_timer_enemies               0x00006374   Data           8  exemplotiva.o(.constdata)
    os_timer_def_timer_points                0x0000637c   Data           8  exemplotiva.o(.constdata)
    os_timer_def_timer_boss                  0x00006384   Data           8  exemplotiva.o(.constdata)
    os_thread_def_GameController             0x0000638c   Data          16  exemplotiva.o(.constdata)
    Background                               0x0000639c   Data       49206  background.o(.constdata)
    Background_start                         0x000123d4   Data           4  background.o(.constdata)
    inimigo                                  0x000123d8   Data          86  inimigo.o(.constdata)
    inimigo_start                            0x00012430   Data           4  inimigo.o(.constdata)
    boss                                     0x00012434   Data         146  boss.o(.constdata)
    boss_start                               0x000124c8   Data           4  boss.o(.constdata)
    point                                    0x000124cc   Data          86  point.o(.constdata)
    point_start                              0x00012524   Data           4  point.o(.constdata)
    key                                      0x00012528   Data          60  key.o(.constdata)
    key_start                                0x00012564   Data           4  key.o(.constdata)
    Background2                              0x00012568   Data       49167  background2.o(.constdata)
    Background2_start                        0x0001e578   Data           4  background2.o(.constdata)
    g_sCfaf128x128x16                        0x0001e57c   Data          40  cfaf128x128x16.o(.constdata)
    led_mask                                 0x0001e5a4   Data          16  led.o(.constdata)
    Eddie                                    0x0001e5b4   Data         372  eddiev3.o(.constdata)
    Eddie_start                              0x0001e728   Data           4  eddiev3.o(.constdata)
    os_maxtaskrun                            0x0001e72c   Data           2  rtx_conf_cm.o(.constdata)
    os_stackinfo                             0x0001e730   Data           4  rtx_conf_cm.o(.constdata)
    os_rrobin                                0x0001e734   Data           4  rtx_conf_cm.o(.constdata)
    os_trv                                   0x0001e738   Data           4  rtx_conf_cm.o(.constdata)
    os_flags                                 0x0001e73c   Data           1  rtx_conf_cm.o(.constdata)
    CMSIS_RTOS_API_Version                   0x0001e740   Data           4  rtx_conf_cm.o(.constdata)
    CMSIS_RTOS_RTX_Version                   0x0001e744   Data           4  rtx_conf_cm.o(.constdata)
    os_clockrate                             0x0001e748   Data           4  rtx_conf_cm.o(.constdata)
    os_timernum                              0x0001e74c   Data           4  rtx_conf_cm.o(.constdata)
    mp_tcb_size                              0x0001e750   Data           2  rtx_conf_cm.o(.constdata)
    mp_stk_size                              0x0001e754   Data           4  rtx_conf_cm.o(.constdata)
    os_stack_sz                              0x0001e758   Data           4  rtx_conf_cm.o(.constdata)
    os_fifo_size                             0x0001e75c   Data           1  rtx_conf_cm.o(.constdata)
    os_thread_def_osTimerThread              0x0001e760   Data          16  rtx_conf_cm.o(.constdata)
    os_messageQ_def_osTimerMessageQ          0x0001e770   Data           8  rtx_conf_cm.o(.constdata)
    mp_tmr_size                              0x0001e778   Data           2  rtx_conf_cm.o(.constdata)
    os_thread_def_main                       0x0001e77c   Data          16  rtx_conf_cm.o(.constdata)
    g_psDefaultCodePointMapTable             0x0001ed94   Data          16  context.o(.constdata)
    g_sFontFixed6x8                          0x0001f09c   Data         200  fontfixed6x8.o(.constdata)
    Region$$Table$$Base                      0x0001f18c   Number         0  anon$$obj.o(Region$$Table)
    Region$$Table$$Limit                     0x0001f1ac   Number         0  anon$$obj.o(Region$$Table)
    going_up                                 0x20000000   Data           1  exemplotiva.o(.data)
    going_up_counter                         0x20000001   Data           1  exemplotiva.o(.data)
    going_down                               0x20000002   Data           1  exemplotiva.o(.data)
    going_down_counter                       0x20000003   Data           1  exemplotiva.o(.data)
    jumping                                  0x20000004   Data           1  exemplotiva.o(.data)
    jumping_counter                          0x20000005   Data           1  exemplotiva.o(.data)
    jumping_side                             0x20000006   Data           1  exemplotiva.o(.data)
    Boss_side                                0x20000007   Data           1  exemplotiva.o(.data)
    level                                    0x20000008   Data           1  exemplotiva.o(.data)
    points                                   0x20000009   Data           1  exemplotiva.o(.data)
    boss_height                              0x2000000a   Data           1  exemplotiva.o(.data)
    lives                                    0x2000000b   Data           1  exemplotiva.o(.data)
    game_over                                0x2000000c   Data           1  exemplotiva.o(.data)
    game_won                                 0x2000000d   Data           1  exemplotiva.o(.data)
    points_move                              0x2000000e   Data           2  exemplotiva.o(.data)
    score                                    0x20000010   Data           2  exemplotiva.o(.data)
    Eddie_x                                  0x20000018   Data           4  exemplotiva.o(.data)
    Eddie_y                                  0x2000001c   Data           4  exemplotiva.o(.data)
    enemies_side                             0x20000020   Data           4  exemplotiva.o(.data)
    Boss_x                                   0x20000024   Data           4  exemplotiva.o(.data)
    Boss_y                                   0x20000028   Data           4  exemplotiva.o(.data)
    Key_y                                    0x2000002c   Data           4  exemplotiva.o(.data)
    t_eddie                                  0x20000030   Data           4  exemplotiva.o(.data)
    t_enemies                                0x20000034   Data           4  exemplotiva.o(.data)
    t_points                                 0x20000038   Data           4  exemplotiva.o(.data)
    t_boss                                   0x2000003c   Data           4  exemplotiva.o(.data)
    points_x                                 0x20000040   Data           8  exemplotiva.o(.data)
    points_y                                 0x20000048   Data           8  exemplotiva.o(.data)
    m_tmr                                    0x2000008c   Data           4  rtx_conf_cm.o(.data)
    osThreadId_osTimerThread                 0x20000090   Data           4  rtx_conf_cm.o(.data)
    osMessageQId_osTimerMessageQ             0x20000094   Data           4  rtx_conf_cm.o(.data)
    SystemCoreClock                          0x2000009c   Data           4  system_tm4c129.o(.data)
    os_initialized                           0x200000a4   Data           1  rt_cmsis.o(.data)
    os_running                               0x200000a5   Data           1  rt_cmsis.o(.data)
    os_timer_head                            0x200000a8   Data           4  rt_cmsis.o(.data)
    os_tsk                                   0x200000ac   Data           8  rt_task.o(.data)
    os_tick_irqn                             0x200000b8   Data           4  rt_system.o(.data)
    os_time                                  0x200000bc   Data           4  rt_time.o(.data)
    os_robin                                 0x200000c0   Data           8  rt_robin.o(.data)
    dbg_msg                                  0x200000c8   Data           1  hal_cm.o(.data)
    sContext                                 0x2000066c   Data          44  exemplotiva.o(.bss)
    escadas_x                                0x20000698   Data          16  exemplotiva.o(.bss)
    escadas_y                                0x200006a8   Data          16  exemplotiva.o(.bss)
    enemies_x                                0x200006b8   Data          16  exemplotiva.o(.bss)
    enemies_y                                0x200006c8   Data          16  exemplotiva.o(.bss)
    os_timer_cb_timer_eddie                  0x200006d8   Data          24  exemplotiva.o(.bss)
    os_timer_cb_timer_enemies                0x200006f0   Data          24  exemplotiva.o(.bss)
    os_timer_cb_timer_points                 0x20000708   Data          24  exemplotiva.o(.bss)
    os_timer_cb_timer_boss                   0x20000720   Data          24  exemplotiva.o(.bss)
    os_messageQ_q_osTimerMessageQ            0x20000738   Data          32  rtx_conf_cm.o(.bss)
    mp_tcb                                   0x20000758   Data         480  rtx_conf_cm.o(.bss)
    mp_stk                                   0x20000938   Data        6416  rtx_conf_cm.o(.bss)
    os_stack_mem                             0x20002248   Data        1032  rtx_conf_cm.o(.bss)
    os_fifo                                  0x20002650   Data         132  rtx_conf_cm.o(.bss)
    os_active_TCB                            0x200026d4   Data          36  rtx_conf_cm.o(.bss)
    os_idle_TCB                              0x20002ad8   Data          52  rt_task.o(.bss)
    os_rdy                                   0x20002b0c   Data          24  rt_list.o(.bss)
    os_dly                                   0x20002b24   Data          24  rt_list.o(.bss)
    __libspace_start                         0x20002b3c   Data          96  libspace.o(.bss)
    __temporary_stack_top$libspace           0x20002b9c   Data           0  libspace.o(.bss)



==============================================================================

Memory Map of the image

  Image Entry point : 0x00000201

  Load Region LR_IROM1 (Base: 0x00000000, Size: 0x0001f818, Max: 0x00100000, ABSOLUTE, COMPRESSED[0x0001f1c4])

    Execution Region ER_IROM1 (Exec base: 0x00000000, Load base: 0x00000000, Size: 0x0001f1ac, Max: 0x00100000, ABSOLUTE)

    Exec Addr    Load Addr    Size         Type   Attr      Idx    E Section Name        Object

    0x00000000   0x00000000   0x00000200   Data   RO          528    RESET               startup_tm4c129.o
    0x00000200   0x00000200   0x00000008   Code   RO         4039  * !!!main             c_w.l(__main.o)
    0x00000208   0x00000208   0x00000034   Code   RO         4225    !!!scatter          c_w.l(__scatter.o)
    0x0000023c   0x0000023c   0x0000003a   Code   RO         4223    !!dczerorl          c_w.l(__dczerorl.o)
    0x00000276   0x00000276   0x00000002   PAD
    0x00000278   0x00000278   0x0000001c   Code   RO         4227    !!handler_zi        c_w.l(__scatter_zi.o)
    0x00000294   0x00000294   0x00000002   Code   RO         4109    .ARM.Collect$$libinit$$00000000  c_w.l(libinit.o)
    0x00000296   0x00000296   0x00000004   Code   RO         4120    .ARM.Collect$$libinit$$00000001  c_w.l(libinit2.o)
    0x0000029a   0x0000029a   0x00000000   Code   RO         4123    .ARM.Collect$$libinit$$00000004  c_w.l(libinit2.o)
    0x0000029a   0x0000029a   0x00000000   Code   RO         4126    .ARM.Collect$$libinit$$0000000A  c_w.l(libinit2.o)
    0x0000029a   0x0000029a   0x00000000   Code   RO         4128    .ARM.Collect$$libinit$$0000000C  c_w.l(libinit2.o)
    0x0000029a   0x0000029a   0x00000000   Code   RO         4130    .ARM.Collect$$libinit$$0000000E  c_w.l(libinit2.o)
    0x0000029a   0x0000029a   0x00000000   Code   RO         4133    .ARM.Collect$$libinit$$00000011  c_w.l(libinit2.o)
    0x0000029a   0x0000029a   0x00000000   Code   RO         4135    .ARM.Collect$$libinit$$00000013  c_w.l(libinit2.o)
    0x0000029a   0x0000029a   0x00000000   Code   RO         4137    .ARM.Collect$$libinit$$00000015  c_w.l(libinit2.o)
    0x0000029a   0x0000029a   0x00000000   Code   RO         4139    .ARM.Collect$$libinit$$00000017  c_w.l(libinit2.o)
    0x0000029a   0x0000029a   0x00000000   Code   RO         4141    .ARM.Collect$$libinit$$00000019  c_w.l(libinit2.o)
    0x0000029a   0x0000029a   0x00000000   Code   RO         4143    .ARM.Collect$$libinit$$0000001B  c_w.l(libinit2.o)
    0x0000029a   0x0000029a   0x00000000   Code   RO         4145    .ARM.Collect$$libinit$$0000001D  c_w.l(libinit2.o)
    0x0000029a   0x0000029a   0x00000000   Code   RO         4147    .ARM.Collect$$libinit$$0000001F  c_w.l(libinit2.o)
    0x0000029a   0x0000029a   0x00000000   Code   RO         4149    .ARM.Collect$$libinit$$00000021  c_w.l(libinit2.o)
    0x0000029a   0x0000029a   0x00000000   Code   RO         4151    .ARM.Collect$$libinit$$00000023  c_w.l(libinit2.o)
    0x0000029a   0x0000029a   0x00000000   Code   RO         4153    .ARM.Collect$$libinit$$00000025  c_w.l(libinit2.o)
    0x0000029a   0x0000029a   0x00000000   Code   RO         4157    .ARM.Collect$$libinit$$0000002C  c_w.l(libinit2.o)
    0x0000029a   0x0000029a   0x00000000   Code   RO         4159    .ARM.Collect$$libinit$$0000002E  c_w.l(libinit2.o)
    0x0000029a   0x0000029a   0x00000000   Code   RO         4161    .ARM.Collect$$libinit$$00000030  c_w.l(libinit2.o)
    0x0000029a   0x0000029a   0x00000000   Code   RO         4163    .ARM.Collect$$libinit$$00000032  c_w.l(libinit2.o)
    0x0000029a   0x0000029a   0x00000002   Code   RO         4164    .ARM.Collect$$libinit$$00000033  c_w.l(libinit2.o)
    0x0000029c   0x0000029c   0x00000002   Code   RO         4110    .ARM.Collect$$libshutdown$$00000000  c_w.l(libshutdown.o)
    0x0000029e   0x0000029e   0x00000000   Code   RO         4166    .ARM.Collect$$libshutdown$$00000002  c_w.l(libshutdown2.o)
    0x0000029e   0x0000029e   0x00000000   Code   RO         4168    .ARM.Collect$$libshutdown$$00000004  c_w.l(libshutdown2.o)
    0x0000029e   0x0000029e   0x00000000   Code   RO         4171    .ARM.Collect$$libshutdown$$00000007  c_w.l(libshutdown2.o)
    0x0000029e   0x0000029e   0x00000000   Code   RO         4174    .ARM.Collect$$libshutdown$$0000000A  c_w.l(libshutdown2.o)
    0x0000029e   0x0000029e   0x00000000   Code   RO         4176    .ARM.Collect$$libshutdown$$0000000C  c_w.l(libshutdown2.o)
    0x0000029e   0x0000029e   0x00000000   Code   RO         4179    .ARM.Collect$$libshutdown$$0000000F  c_w.l(libshutdown2.o)
    0x0000029e   0x0000029e   0x00000002   Code   RO         4180    .ARM.Collect$$libshutdown$$00000010  c_w.l(libshutdown2.o)
    0x000002a0   0x000002a0   0x00000000   Code   RO         4059    .ARM.Collect$$rtentry$$00000000  c_w.l(__rtentry.o)
    0x000002a0   0x000002a0   0x00000000   Code   RO         4072    .ARM.Collect$$rtentry$$00000002  c_w.l(__rtentry2.o)
    0x000002a0   0x000002a0   0x00000006   Code   RO         4084    .ARM.Collect$$rtentry$$00000004  c_w.l(__rtentry4.o)
    0x000002a6   0x000002a6   0x00000000   Code   RO         4074    .ARM.Collect$$rtentry$$00000009  c_w.l(__rtentry2.o)
    0x000002a6   0x000002a6   0x00000004   Code   RO         4075    .ARM.Collect$$rtentry$$0000000A  c_w.l(__rtentry2.o)
    0x000002aa   0x000002aa   0x00000008   Code   RO         4076    .ARM.Collect$$rtentry$$0000000B  c_w.l(__rtentry2.o)
    0x000002b2   0x000002b2   0x00000008   Code   RO         4078    .ARM.Collect$$rtentry$$0000000D  c_w.l(__rtentry2.o)
    0x000002ba   0x000002ba   0x00000002   Code   RO         4060    .ARM.Collect$$rtexit$$00000000  c_w.l(rtexit.o)
    0x000002bc   0x000002bc   0x00000000   Code   RO         4087    .ARM.Collect$$rtexit$$00000002  c_w.l(rtexit2.o)
    0x000002bc   0x000002bc   0x00000004   Code   RO         4088    .ARM.Collect$$rtexit$$00000003  c_w.l(rtexit2.o)
    0x000002c0   0x000002c0   0x00000006   Code   RO         4089    .ARM.Collect$$rtexit$$00000004  c_w.l(rtexit2.o)
    0x000002c6   0x000002c6   0x00000002   PAD
    0x000002c8   0x000002c8   0x0000001c   Code   RO          472    .emb_text           rtx_conf_cm.o
    0x000002e4   0x000002e4   0x00000006   Code   RO         1834    .emb_text           driverlib.lib(sysctl.o)
    0x000002ea   0x000002ea   0x00000002   PAD
    0x000002ec   0x000002ec   0x00000198   Code   RO         4013    .emb_text           RTX_CM4.lib(hal_cm4.o)
    0x00000484   0x00000484   0x000013e0   Code   RO            4    .text               exemplotiva.o
    0x00001864   0x00001864   0x00000154   Code   RO          219    .text               buzzer.o
    0x000019b8   0x000019b8   0x000000a4   Code   RO          257    .text               accel.o
    0x00001a5c   0x00001a5c   0x0000005c   Code   RO          275    .text               buttons.o
    0x00001ab8   0x00001ab8   0x000006fc   Code   RO          290    .text               cfaf128x128x16.o
    0x000021b4   0x000021b4   0x0000011c   Code   RO          330    .text               led.o
    0x000022d0   0x000022d0   0x00000094   Code   RO          357    .text               mic.o
    0x00002364   0x00002364   0x00000570   Code   RO          369    .text               opt.o
    0x000028d4   0x000028d4   0x00000254   Code   RO          398    .text               rgb.o
    0x00002b28   0x00002b28   0x000000e4   Code   RO          412    .text               servo.o
    0x00002c0c   0x00002c0c   0x000000d0   Code   RO          429    .text               joy.o
    0x00002cdc   0x00002cdc   0x00000524   Code   RO          441    .text               temp.o
    0x00003200   0x00003200   0x0000008c   Code   RO          473    .text               rtx_conf_cm.o
    0x0000328c   0x0000328c   0x0000012c   Code   RO          529    .text               startup_tm4c129.o
    0x000033b8   0x000033b8   0x00000028   Code   RO          536    .text               system_tm4c129.o
    0x000033e0   0x000033e0   0x00000008   Code   RO         4028    .text               c_w.l(libspace.o)
    0x000033e8   0x000033e8   0x000000ee   Code   RO         4031    .text               c_w.l(lludivv7m.o)
    0x000034d6   0x000034d6   0x00000048   Code   RO         4033    .text               c_w.l(llsdiv.o)
    0x0000351e   0x0000351e   0x00000012   Code   RO         4035    .text               c_w.l(exit.o)
    0x00003530   0x00003530   0x00000006   Code   RO         4037    .text               c_w.l(heapauxi.o)
    0x00003536   0x00003536   0x00000002   PAD
    0x00003538   0x00003538   0x0000000c   Code   RO         4095    .text               c_w.l(sys_exit.o)
    0x00003544   0x00003544   0x0000004a   Code   RO         4097    .text               c_w.l(sys_stackheap_outer.o)
    0x0000358e   0x0000358e   0x00000002   Code   RO         4111    .text               c_w.l(use_no_semi.o)
    0x00003590   0x00003590   0x00000000   Code   RO         4113    .text               c_w.l(indicate_semi.o)
    0x00003590   0x00003590   0x00000004   Code   RO         4023    SVC_TABLE           RTX_CM4.lib(svc_table.o)
    0x00003594   0x00003594   0x0000000a   Code   RO          574    i.ADCIntClear       driverlib.lib(adc.o)
    0x0000359e   0x0000359e   0x00000034   Code   RO          581    i.ADCIntStatus      driverlib.lib(adc.o)
    0x000035d2   0x000035d2   0x0000001a   Code   RO          586    i.ADCProcessorTrigger  driverlib.lib(adc.o)
    0x000035ec   0x000035ec   0x00000060   Code   RO          589    i.ADCSequenceConfigure  driverlib.lib(adc.o)
    0x0000364c   0x0000364c   0x00000024   Code   RO          592    i.ADCSequenceDataGet  driverlib.lib(adc.o)
    0x00003670   0x00003670   0x0000000e   Code   RO          594    i.ADCSequenceEnable  driverlib.lib(adc.o)
    0x0000367e   0x0000367e   0x0000009a   Code   RO          597    i.ADCSequenceStepConfigure  driverlib.lib(adc.o)
    0x00003718   0x00003718   0x00000028   Code   RO          846    i.GPIODirModeSet    driverlib.lib(gpio.o)
    0x00003740   0x00003740   0x00000138   Code   RO          858    i.GPIOPadConfigSet  driverlib.lib(gpio.o)
    0x00003878   0x00003878   0x00000044   Code   RO          859    i.GPIOPinConfigure  driverlib.lib(gpio.o)
    0x000038bc   0x000038bc   0x00000006   Code   RO          860    i.GPIOPinRead       driverlib.lib(gpio.o)
    0x000038c2   0x000038c2   0x0000001c   Code   RO          861    i.GPIOPinTypeADC    driverlib.lib(gpio.o)
    0x000038de   0x000038de   0x0000001c   Code   RO          869    i.GPIOPinTypeGPIOInput  driverlib.lib(gpio.o)
    0x000038fa   0x000038fa   0x0000001c   Code   RO          873    i.GPIOPinTypeI2C    driverlib.lib(gpio.o)
    0x00003916   0x00003916   0x0000001c   Code   RO          874    i.GPIOPinTypeI2CSCL  driverlib.lib(gpio.o)
    0x00003932   0x00003932   0x0000001c   Code   RO          877    i.GPIOPinTypePWM    driverlib.lib(gpio.o)
    0x0000394e   0x0000394e   0x0000001c   Code   RO          880    i.GPIOPinTypeTimer  driverlib.lib(gpio.o)
    0x0000396a   0x0000396a   0x00000202   Code   RO         2424    i.GrCircleDraw      grlib.lib(circle.o)
    0x00003b6c   0x00003b6c   0x00000126   Code   RO         2425    i.GrCircleFill      grlib.lib(circle.o)
    0x00003c92   0x00003c92   0x00000006   Code   RO         2492    i.GrContextFontSet  grlib.lib(string.o)
    0x00003c98   0x00003c98   0x00000064   Code   RO         2450    i.GrContextInit     grlib.lib(context.o)
    0x00003cfc   0x00003cfc   0x00000118   Code   RO         2493    i.GrDefaultStringRenderer  grlib.lib(string.o)
    0x00003e14   0x00003e14   0x000000a6   Code   RO         2497    i.GrFontGlyphDataGet  grlib.lib(string.o)
    0x00003eba   0x00003eba   0x00000288   Code   RO         2498    i.GrFontGlyphRender  grlib.lib(string.o)
    0x00004142   0x00004142   0x0000004c   Code   RO         3531    i.GrLineDrawH       grlib.lib(line.o)
    0x0000418e   0x0000418e   0x00000008   Code   RO         3378    i.GrMapISO8859_1_Unicode  grlib.lib(charmap.o)
    0x00004196   0x00004196   0x00000020   Code   RO         2504    i.GrStringDraw      grlib.lib(string.o)
    0x000041b6   0x000041b6   0x00000002   PAD
    0x000041b8   0x000041b8   0x00000060   Code   RO         1153    i.I2CIntRegister    driverlib.lib(i2c.o)
    0x00004218   0x00004218   0x00000004   Code   RO         1157    i.I2CMasterBurstLengthSet  driverlib.lib(i2c.o)
    0x0000421c   0x0000421c   0x0000000c   Code   RO         1158    i.I2CMasterBusBusy  driverlib.lib(i2c.o)
    0x00004228   0x00004228   0x0000000c   Code   RO         1159    i.I2CMasterBusy     driverlib.lib(i2c.o)
    0x00004234   0x00004234   0x00000004   Code   RO         1160    i.I2CMasterControl  driverlib.lib(i2c.o)
    0x00004238   0x00004238   0x00000004   Code   RO         1161    i.I2CMasterDataGet  driverlib.lib(i2c.o)
    0x0000423c   0x0000423c   0x00000004   Code   RO         1162    i.I2CMasterDataPut  driverlib.lib(i2c.o)
    0x00004240   0x00004240   0x0000000a   Code   RO         1164    i.I2CMasterEnable   driverlib.lib(i2c.o)
    0x0000424a   0x0000424a   0x00000018   Code   RO         1165    i.I2CMasterErr      driverlib.lib(i2c.o)
    0x00004262   0x00004262   0x00000002   PAD
    0x00004264   0x00004264   0x00000054   Code   RO         1166    i.I2CMasterGlitchFilterConfigSet  driverlib.lib(i2c.o)
    0x000042b8   0x000042b8   0x00000054   Code   RO         1167    i.I2CMasterInitExpClk  driverlib.lib(i2c.o)
    0x0000430c   0x0000430c   0x00000008   Code   RO         1168    i.I2CMasterIntClear  driverlib.lib(i2c.o)
    0x00004314   0x00004314   0x00000004   Code   RO         1169    i.I2CMasterIntClearEx  driverlib.lib(i2c.o)
    0x00004318   0x00004318   0x00000008   Code   RO         1173    i.I2CMasterIntEnableEx  driverlib.lib(i2c.o)
    0x00004320   0x00004320   0x00000008   Code   RO         1177    i.I2CMasterSlaveAddrSet  driverlib.lib(i2c.o)
    0x00004328   0x00004328   0x00000004   Code   RO         1178    i.I2CMasterTimeoutSet  driverlib.lib(i2c.o)
    0x0000432c   0x0000432c   0x00000064   Code   RO         1486    i.IntEnable         driverlib.lib(interrupt.o)
    0x00004390   0x00004390   0x00000034   Code   RO         1498    i.IntRegister       driverlib.lib(interrupt.o)
    0x000043c4   0x000043c4   0x00000014   Code   RO         1602    i.PWMClockSet       driverlib.lib(pwm.o)
    0x000043d8   0x000043d8   0x00000026   Code   RO         1609    i.PWMGenConfigure   driverlib.lib(pwm.o)
    0x000043fe   0x000043fe   0x0000000a   Code   RO         1610    i.PWMGenDisable     driverlib.lib(pwm.o)
    0x00004408   0x00004408   0x0000000a   Code   RO         1611    i.PWMGenEnable      driverlib.lib(pwm.o)
    0x00004412   0x00004412   0x00000012   Code   RO         1623    i.PWMGenPeriodGet   driverlib.lib(pwm.o)
    0x00004424   0x00004424   0x00000012   Code   RO         1624    i.PWMGenPeriodSet   driverlib.lib(pwm.o)
    0x00004436   0x00004436   0x00000010   Code   RO         1630    i.PWMOutputInvert   driverlib.lib(pwm.o)
    0x00004446   0x00004446   0x00000010   Code   RO         1631    i.PWMOutputState    driverlib.lib(pwm.o)
    0x00004456   0x00004456   0x00000020   Code   RO         1634    i.PWMPulseWidthSet  driverlib.lib(pwm.o)
    0x00004476   0x00004476   0x00000002   PAD
    0x00004478   0x00004478   0x000002ec   Code   RO         1836    i.SysCtlClockFreqSet  driverlib.lib(sysctl.o)
    0x00004764   0x00004764   0x00000028   Code   RO         1868    i.SysCtlPeripheralEnable  driverlib.lib(sysctl.o)
    0x0000478c   0x0000478c   0x0000002c   Code   RO         1872    i.SysCtlPeripheralReady  driverlib.lib(sysctl.o)
    0x000047b8   0x000047b8   0x0000003c   Code   RO         1873    i.SysCtlPeripheralReset  driverlib.lib(sysctl.o)
    0x000047f4   0x000047f4   0x00000006   Code   RO         2185    i.TimerClockSourceSet  driverlib.lib(timer.o)
    0x000047fa   0x000047fa   0x00000002   PAD
    0x000047fc   0x000047fc   0x00000060   Code   RO         2186    i.TimerConfigure    driverlib.lib(timer.o)
    0x0000485c   0x0000485c   0x00000016   Code   RO         2188    i.TimerControlLevel  driverlib.lib(timer.o)
    0x00004872   0x00004872   0x0000000e   Code   RO         2195    i.TimerEnable       driverlib.lib(timer.o)
    0x00004880   0x00004880   0x00000012   Code   RO         2204    i.TimerLoadSet      driverlib.lib(timer.o)
    0x00004892   0x00004892   0x00000012   Code   RO         2208    i.TimerMatchSet     driverlib.lib(timer.o)
    0x000048a4   0x000048a4   0x00000012   Code   RO         2213    i.TimerPrescaleSet  driverlib.lib(timer.o)
    0x000048b6   0x000048b6   0x0000002a   Code   RO         2217    i.TimerUpdateMode   driverlib.lib(timer.o)
    0x000048e0   0x000048e0   0x0000006c   Code   RO         2510    i.UpdateContextCharMapping  grlib.lib(string.o)
    0x0000494c   0x0000494c   0x00000046   Code   RO         3907    i._init_box         RTX_CM4.lib(rt_membox.o)
    0x00004992   0x00004992   0x00000002   PAD
    0x00004994   0x00004994   0x00000030   Code   RO         3960    i.dbg_init          RTX_CM4.lib(hal_cm.o)
    0x000049c4   0x000049c4   0x00000020   Code   RO         3961    i.dbg_task_notify   RTX_CM4.lib(hal_cm.o)
    0x000049e4   0x000049e4   0x00000010   Code   RO         3962    i.dbg_task_switch   RTX_CM4.lib(hal_cm.o)
    0x000049f4   0x000049f4   0x0000002a   Code   RO         2622    i.isrMessageGet     RTX_CM4.lib(rt_cmsis.o)
    0x00004a1e   0x00004a1e   0x0000002c   Code   RO         2623    i.isrMessagePut     RTX_CM4.lib(rt_cmsis.o)
    0x00004a4a   0x00004a4a   0x00000002   PAD
    0x00004a4c   0x00004a4c   0x00000056   Code   RO         3762    i.isr_mbx_receive   RTX_CM4.lib(rt_mailbox.o)
    0x00004aa2   0x00004aa2   0x0000000e   Code   RO         3763    i.isr_mbx_send      RTX_CM4.lib(rt_mailbox.o)
    0x00004ab0   0x00004ab0   0x00000018   Code   RO         2626    i.osDelay           RTX_CM4.lib(rt_cmsis.o)
    0x00004ac8   0x00004ac8   0x00000024   Code   RO         2627    i.osKernelInitialize  RTX_CM4.lib(rt_cmsis.o)
    0x00004aec   0x00004aec   0x0000006c   Code   RO         2629    i.osKernelStart     RTX_CM4.lib(rt_cmsis.o)
    0x00004b58   0x00004b58   0x00000018   Code   RO         2638    i.osMessageGet      RTX_CM4.lib(rt_cmsis.o)
    0x00004b70   0x00004b70   0x0000002c   Code   RO         2655    i.osThreadCreate    RTX_CM4.lib(rt_cmsis.o)
    0x00004b9c   0x00004b9c   0x00000018   Code   RO         2656    i.osThreadExit      RTX_CM4.lib(rt_cmsis.o)
    0x00004bb4   0x00004bb4   0x0000000c   Code   RO         2662    i.osTimerCall       RTX_CM4.lib(rt_cmsis.o)
    0x00004bc0   0x00004bc0   0x0000002c   Code   RO         2663    i.osTimerCreate     RTX_CM4.lib(rt_cmsis.o)
    0x00004bec   0x00004bec   0x00000018   Code   RO         2665    i.osTimerStart      RTX_CM4.lib(rt_cmsis.o)
    0x00004c04   0x00004c04   0x00000018   Code   RO         2666    i.osTimerStop       RTX_CM4.lib(rt_cmsis.o)
    0x00004c1c   0x00004c1c   0x0000002c   Code   RO         2667    i.osTimerThread     RTX_CM4.lib(rt_cmsis.o)
    0x00004c48   0x00004c48   0x00000028   Code   RO         3554    i.os_tick_init      RTX_CM4.lib(rt_system.o)
    0x00004c70   0x00004c70   0x00000002   Code   RO         3555    i.os_tick_irqack    RTX_CM4.lib(rt_system.o)
    0x00004c72   0x00004c72   0x0000001a   Code   RO         3908    i.rt_alloc_box      RTX_CM4.lib(rt_membox.o)
    0x00004c8c   0x00004c8c   0x0000003e   Code   RO         3936    i.rt_alloc_mem      RTX_CM4.lib(rt_memory.o)
    0x00004cca   0x00004cca   0x00000002   PAD
    0x00004ccc   0x00004ccc   0x00000038   Code   RO         3244    i.rt_block          RTX_CM4.lib(rt_task.o)
    0x00004d04   0x00004d04   0x00000048   Code   RO         3885    i.rt_chk_robin      RTX_CM4.lib(rt_robin.o)
    0x00004d4c   0x00004d4c   0x00000070   Code   RO         3686    i.rt_dec_dly        RTX_CM4.lib(rt_list.o)
    0x00004dbc   0x00004dbc   0x00000044   Code   RO         3245    i.rt_dispatch       RTX_CM4.lib(rt_task.o)
    0x00004e00   0x00004e00   0x00000006   Code   RO         3852    i.rt_dly_wait       RTX_CM4.lib(rt_time.o)
    0x00004e06   0x00004e06   0x00000002   PAD
    0x00004e08   0x00004e08   0x00000050   Code   RO         3647    i.rt_evt_psh        RTX_CM4.lib(rt_event.o)
    0x00004e58   0x00004e58   0x0000002c   Code   RO         3909    i.rt_free_box       RTX_CM4.lib(rt_membox.o)
    0x00004e84   0x00004e84   0x00000028   Code   RO         3937    i.rt_free_mem       RTX_CM4.lib(rt_memory.o)
    0x00004eac   0x00004eac   0x00000028   Code   RO         3687    i.rt_get_first      RTX_CM4.lib(rt_list.o)
    0x00004ed4   0x00004ed4   0x00000008   Code   RO         2672    i.rt_id2obj         RTX_CM4.lib(rt_cmsis.o)
    0x00004edc   0x00004edc   0x00000048   Code   RO         3246    i.rt_init_context   RTX_CM4.lib(rt_task.o)
    0x00004f24   0x00004f24   0x0000001a   Code   RO         3938    i.rt_init_mem       RTX_CM4.lib(rt_memory.o)
    0x00004f3e   0x00004f3e   0x00000002   PAD
    0x00004f40   0x00004f40   0x00000018   Code   RO         3886    i.rt_init_robin     RTX_CM4.lib(rt_robin.o)
    0x00004f58   0x00004f58   0x00000080   Code   RO         3963    i.rt_init_stack     RTX_CM4.lib(hal_cm.o)
    0x00004fd8   0x00004fd8   0x00000008   Code   RO         3764    i.rt_mbx_check      RTX_CM4.lib(rt_mailbox.o)
    0x00004fe0   0x00004fe0   0x0000001a   Code   RO         3765    i.rt_mbx_init       RTX_CM4.lib(rt_mailbox.o)
    0x00004ffa   0x00004ffa   0x00000002   PAD
    0x00004ffc   0x00004ffc   0x000000f0   Code   RO         3766    i.rt_mbx_psh        RTX_CM4.lib(rt_mailbox.o)
    0x000050ec   0x000050ec   0x000000b4   Code   RO         3768    i.rt_mbx_wait       RTX_CM4.lib(rt_mailbox.o)
    0x000051a0   0x000051a0   0x00000044   Code   RO         2673    i.rt_ms2tick        RTX_CM4.lib(rt_cmsis.o)
    0x000051e4   0x000051e4   0x00000010   Code   RO         3329    i.rt_mut_init       RTX_CM4.lib(rt_mutex.o)
    0x000051f4   0x000051f4   0x000000d8   Code   RO         3330    i.rt_mut_release    RTX_CM4.lib(rt_mutex.o)
    0x000052cc   0x000052cc   0x00000078   Code   RO         3331    i.rt_mut_wait       RTX_CM4.lib(rt_mutex.o)
    0x00005344   0x00005344   0x0000007c   Code   RO         3558    i.rt_pop_req        RTX_CM4.lib(rt_system.o)
    0x000053c0   0x000053c0   0x00000020   Code   RO         3559    i.rt_psh_req        RTX_CM4.lib(rt_system.o)
    0x000053e0   0x000053e0   0x0000005c   Code   RO         3689    i.rt_psq_enq        RTX_CM4.lib(rt_list.o)
    0x0000543c   0x0000543c   0x00000048   Code   RO         3690    i.rt_put_dly        RTX_CM4.lib(rt_list.o)
    0x00005484   0x00005484   0x00000036   Code   RO         3691    i.rt_put_prio       RTX_CM4.lib(rt_list.o)
    0x000054ba   0x000054ba   0x00000002   PAD
    0x000054bc   0x000054bc   0x00000014   Code   RO         3692    i.rt_put_rdy_first  RTX_CM4.lib(rt_list.o)
    0x000054d0   0x000054d0   0x00000034   Code   RO         3693    i.rt_resort_prio    RTX_CM4.lib(rt_list.o)
    0x00005504   0x00005504   0x00000010   Code   RO         3964    i.rt_ret_regs       RTX_CM4.lib(hal_cm.o)
    0x00005514   0x00005514   0x0000000c   Code   RO         3965    i.rt_ret_val        RTX_CM4.lib(hal_cm.o)
    0x00005520   0x00005520   0x00000010   Code   RO         3966    i.rt_ret_val2       RTX_CM4.lib(hal_cm.o)
    0x00005530   0x00005530   0x00000028   Code   RO         3694    i.rt_rmv_dly        RTX_CM4.lib(rt_list.o)
    0x00005558   0x00005558   0x00000030   Code   RO         3695    i.rt_rmv_list       RTX_CM4.lib(rt_list.o)
    0x00005588   0x00005588   0x00000034   Code   RO         3813    i.rt_sem_psh        RTX_CM4.lib(rt_semaphore.o)
    0x000055bc   0x000055bc   0x00000024   Code   RO         3561    i.rt_stk_check      RTX_CM4.lib(rt_system.o)
    0x000055e0   0x000055e0   0x00000028   Code   RO         3247    i.rt_switch_req     RTX_CM4.lib(rt_task.o)
    0x00005608   0x00005608   0x000000cc   Code   RO         3248    i.rt_sys_init       RTX_CM4.lib(rt_task.o)
    0x000056d4   0x000056d4   0x00000078   Code   RO         3249    i.rt_sys_start      RTX_CM4.lib(rt_task.o)
    0x0000574c   0x0000574c   0x00000040   Code   RO         3563    i.rt_systick        RTX_CM4.lib(rt_system.o)
    0x0000578c   0x0000578c   0x00000012   Code   RO         2674    i.rt_tid2ptcb       RTX_CM4.lib(rt_cmsis.o)
    0x0000579e   0x0000579e   0x00000002   PAD
    0x000057a0   0x000057a0   0x00000034   Code   RO         2675    i.rt_timer_insert   RTX_CM4.lib(rt_cmsis.o)
    0x000057d4   0x000057d4   0x0000003c   Code   RO         2676    i.rt_timer_remove   RTX_CM4.lib(rt_cmsis.o)
    0x00005810   0x00005810   0x00000088   Code   RO         3250    i.rt_tsk_create     RTX_CM4.lib(rt_task.o)
    0x00005898   0x00005898   0x0000017c   Code   RO         3251    i.rt_tsk_delete     RTX_CM4.lib(rt_task.o)
    0x00005a14   0x00005a14   0x0000007c   Code   RO         3253    i.rt_tsk_prio       RTX_CM4.lib(rt_task.o)
    0x00005a90   0x00005a90   0x00000010   Code   RO         3254    i.rt_tsk_self       RTX_CM4.lib(rt_task.o)
    0x00005aa0   0x00005aa0   0x00000012   Code   RO         2677    i.svcDelay          RTX_CM4.lib(rt_cmsis.o)
    0x00005ab2   0x00005ab2   0x00000002   PAD
    0x00005ab4   0x00005ab4   0x00000070   Code   RO         2678    i.svcKernelInitialize  RTX_CM4.lib(rt_cmsis.o)
    0x00005b24   0x00005b24   0x00000048   Code   RO         2680    i.svcKernelStart    RTX_CM4.lib(rt_cmsis.o)
    0x00005b6c   0x00005b6c   0x00000024   Code   RO         2683    i.svcMessageCreate  RTX_CM4.lib(rt_cmsis.o)
    0x00005b90   0x00005b90   0x0000003a   Code   RO         2684    i.svcMessageGet     RTX_CM4.lib(rt_cmsis.o)
    0x00005bca   0x00005bca   0x00000002   PAD
    0x00005bcc   0x00005bcc   0x0000006c   Code   RO         2698    i.svcThreadCreate   RTX_CM4.lib(rt_cmsis.o)
    0x00005c38   0x00005c38   0x0000001c   Code   RO         2699    i.svcThreadGetId    RTX_CM4.lib(rt_cmsis.o)
    0x00005c54   0x00005c54   0x00000038   Code   RO         2702    i.svcThreadTerminate  RTX_CM4.lib(rt_cmsis.o)
    0x00005c8c   0x00005c8c   0x00000018   Code   RO         2704    i.svcTimerCall      RTX_CM4.lib(rt_cmsis.o)
    0x00005ca4   0x00005ca4   0x00000038   Code   RO         2705    i.svcTimerCreate    RTX_CM4.lib(rt_cmsis.o)
    0x00005cdc   0x00005cdc   0x00000064   Code   RO         2707    i.svcTimerStart     RTX_CM4.lib(rt_cmsis.o)
    0x00005d40   0x00005d40   0x00000024   Code   RO         2708    i.svcTimerStop      RTX_CM4.lib(rt_cmsis.o)
    0x00005d64   0x00005d64   0x0000005c   Code   RO         2713    i.sysTimerTick      RTX_CM4.lib(rt_cmsis.o)
    0x00005dc0   0x00005dc0   0x00000150   Code   RO         4041    x$fpl$dadd          fz_wm.l(daddsub_clz.o)
    0x00005f10   0x00005f10   0x0000005a   Code   RO         4047    x$fpl$dfixu         fz_wm.l(dfixu.o)
    0x00005f6a   0x00005f6a   0x00000026   Code   RO         4051    x$fpl$dfltu         fz_wm.l(dflt_clz.o)
    0x00005f90   0x00005f90   0x00000154   Code   RO         4057    x$fpl$dmul          fz_wm.l(dmul.o)
    0x000060e4   0x000060e4   0x0000009c   Code   RO         4066    x$fpl$dnaninf       fz_wm.l(dnaninf.o)
    0x00006180   0x00006180   0x0000000c   Code   RO         4068    x$fpl$dretinf       fz_wm.l(dretinf.o)
    0x0000618c   0x0000618c   0x000001d4   Code   RO         4043    x$fpl$dsub          fz_wm.l(daddsub_clz.o)
    0x00006360   0x00006360   0x0000000a   Code   RO         4187    x$fpl$fpinit        fz_wm.l(fpinit.o)
    0x0000636a   0x0000636a   0x00000000   Code   RO         4070    x$fpl$usenofp       fz_wm.l(usenofp.o)
    0x0000636a   0x0000636a   0x00000002   PAD
    0x0000636c   0x0000636c   0x00000030   Data   RO           10    .constdata          exemplotiva.o
    0x0000639c   0x0000639c   0x0000c036   Data   RO          141    .constdata          background.o
    0x000123d2   0x000123d2   0x00000002   PAD
    0x000123d4   0x000123d4   0x00000004   Data   RO          143    .constdata          background.o
    0x000123d8   0x000123d8   0x00000056   Data   RO          154    .constdata          inimigo.o
    0x0001242e   0x0001242e   0x00000002   PAD
    0x00012430   0x00012430   0x00000004   Data   RO          156    .constdata          inimigo.o
    0x00012434   0x00012434   0x00000092   Data   RO          167    .constdata          boss.o
    0x000124c6   0x000124c6   0x00000002   PAD
    0x000124c8   0x000124c8   0x00000004   Data   RO          169    .constdata          boss.o
    0x000124cc   0x000124cc   0x00000056   Data   RO          180    .constdata          point.o
    0x00012522   0x00012522   0x00000002   PAD
    0x00012524   0x00012524   0x00000004   Data   RO          182    .constdata          point.o
    0x00012528   0x00012528   0x0000003c   Data   RO          193    .constdata          key.o
    0x00012564   0x00012564   0x00000004   Data   RO          195    .constdata          key.o
    0x00012568   0x00012568   0x0000c00f   Data   RO          206    .constdata          background2.o
    0x0001e577   0x0001e577   0x00000001   PAD
    0x0001e578   0x0001e578   0x00000004   Data   RO          208    .constdata          background2.o
    0x0001e57c   0x0001e57c   0x00000028   Data   RO          303    .constdata          cfaf128x128x16.o
    0x0001e5a4   0x0001e5a4   0x00000010   Data   RO          331    .constdata          led.o
    0x0001e5b4   0x0001e5b4   0x00000174   Data   RO          459    .constdata          eddiev3.o
    0x0001e728   0x0001e728   0x00000004   Data   RO          461    .constdata          eddiev3.o
    0x0001e72c   0x0001e72c   0x00000002   Data   RO          481    .constdata          rtx_conf_cm.o
    0x0001e72e   0x0001e72e   0x00000002   PAD
    0x0001e730   0x0001e730   0x00000004   Data   RO          482    .constdata          rtx_conf_cm.o
    0x0001e734   0x0001e734   0x00000004   Data   RO          483    .constdata          rtx_conf_cm.o
    0x0001e738   0x0001e738   0x00000004   Data   RO          487    .constdata          rtx_conf_cm.o
    0x0001e73c   0x0001e73c   0x00000001   Data   RO          488    .constdata          rtx_conf_cm.o
    0x0001e73d   0x0001e73d   0x00000003   PAD
    0x0001e740   0x0001e740   0x00000010   Data   RO          489    .constdata          rtx_conf_cm.o
    0x0001e750   0x0001e750   0x00000002   Data   RO          490    .constdata          rtx_conf_cm.o
    0x0001e752   0x0001e752   0x00000002   PAD
    0x0001e754   0x0001e754   0x00000004   Data   RO          491    .constdata          rtx_conf_cm.o
    0x0001e758   0x0001e758   0x00000004   Data   RO          492    .constdata          rtx_conf_cm.o
    0x0001e75c   0x0001e75c   0x00000001   Data   RO          493    .constdata          rtx_conf_cm.o
    0x0001e75d   0x0001e75d   0x00000003   PAD
    0x0001e760   0x0001e760   0x00000010   Data   RO          494    .constdata          rtx_conf_cm.o
    0x0001e770   0x0001e770   0x00000008   Data   RO          495    .constdata          rtx_conf_cm.o
    0x0001e778   0x0001e778   0x00000002   Data   RO          496    .constdata          rtx_conf_cm.o
    0x0001e77a   0x0001e77a   0x00000002   PAD
    0x0001e77c   0x0001e77c   0x00000010   Data   RO          497    .constdata          rtx_conf_cm.o
    0x0001e78c   0x0001e78c   0x00000228   Data   RO          890    .constdata          driverlib.lib(gpio.o)
    0x0001e9b4   0x0001e9b4   0x00000080   Data   RO         1202    .constdata          driverlib.lib(i2c.o)
    0x0001ea34   0x0001ea34   0x0000010c   Data   RO         1502    .constdata          driverlib.lib(interrupt.o)
    0x0001eb40   0x0001eb40   0x00000254   Data   RO         1890    .constdata          driverlib.lib(sysctl.o)
    0x0001ed94   0x0001ed94   0x00000010   Data   RO         2452    .constdata          grlib.lib(context.o)
    0x0001eda4   0x0001eda4   0x000002f8   Data   RO         2477    .constdata          grlib.lib(fontfixed6x8.o)
    0x0001f09c   0x0001f09c   0x000000c8   Data   RO         2478    .constdata          grlib.lib(fontfixed6x8.o)
    0x0001f164   0x0001f164   0x00000025   Data   RO           11    .conststring        exemplotiva.o
    0x0001f189   0x0001f189   0x00000003   PAD
    0x0001f18c   0x0001f18c   0x00000020   Data   RO         4221    Region$$Table       anon$$obj.o


    Execution Region RW_IRAM1 (Exec base: 0x20000000, Load base: 0x0001f1ac, Size: 0x00002da0, Max: 0x00040000, ABSOLUTE, COMPRESSED[0x00000018])

    Exec Addr    Load Addr    Size         Type   Attr      Idx    E Section Name        Object

    0x20000000   COMPRESSED   0x00000050   Data   RW           12    .data               exemplotiva.o
    0x20000050   COMPRESSED   0x0000000c   Data   RW          220    .data               buzzer.o
    0x2000005c   COMPRESSED   0x00000008   Data   RW          304    .data               cfaf128x128x16.o
    0x20000064   COMPRESSED   0x0000000c   Data   RW          370    .data               opt.o
    0x20000070   COMPRESSED   0x00000008   Data   RW          399    .data               rgb.o
    0x20000078   COMPRESSED   0x00000008   Data   RW          413    .data               servo.o
    0x20000080   COMPRESSED   0x0000000c   Data   RW          442    .data               temp.o
    0x2000008c   COMPRESSED   0x00000004   Data   RW          499    .data               rtx_conf_cm.o
    0x20000090   COMPRESSED   0x00000004   Data   RW          500    .data               rtx_conf_cm.o
    0x20000094   COMPRESSED   0x00000004   Data   RW          501    .data               rtx_conf_cm.o
    0x20000098   COMPRESSED   0x00000004   Data   RW          502    .data               rtx_conf_cm.o
    0x2000009c   COMPRESSED   0x00000004   Data   RW          537    .data               system_tm4c129.o
    0x200000a0   COMPRESSED   0x00000004   Data   RW         2453    .data               grlib.lib(context.o)
    0x200000a4   COMPRESSED   0x00000008   Data   RW         2716    .data               RTX_CM4.lib(rt_cmsis.o)
    0x200000ac   COMPRESSED   0x00000008   Data   RW         3256    .data               RTX_CM4.lib(rt_task.o)
    0x200000b4   COMPRESSED   0x00000008   Data   RW         3566    .data               RTX_CM4.lib(rt_system.o)
    0x200000bc   COMPRESSED   0x00000004   Data   RW         3856    .data               RTX_CM4.lib(rt_time.o)
    0x200000c0   COMPRESSED   0x00000008   Data   RW         3887    .data               RTX_CM4.lib(rt_robin.o)
    0x200000c8   COMPRESSED   0x00000001   Data   RW         3967    .data               RTX_CM4.lib(hal_cm.o)
    0x200000c9   COMPRESSED   0x00000337   PAD
    0x20000400   COMPRESSED   0x0000026c   Data   RW         1503    vtable              driverlib.lib(interrupt.o)
    0x2000066c        -       0x0000006c   Zero   RW            5    .bss                exemplotiva.o
    0x200006d8        -       0x00000018   Zero   RW            6    .bss                exemplotiva.o
    0x200006f0        -       0x00000018   Zero   RW            7    .bss                exemplotiva.o
    0x20000708        -       0x00000018   Zero   RW            8    .bss                exemplotiva.o
    0x20000720        -       0x00000018   Zero   RW            9    .bss                exemplotiva.o
    0x20000738        -       0x00000020   Zero   RW          474    .bss                rtx_conf_cm.o
    0x20000758        -       0x000001e0   Zero   RW          475    .bss                rtx_conf_cm.o
    0x20000938        -       0x00001910   Zero   RW          476    .bss                rtx_conf_cm.o
    0x20002248        -       0x00000408   Zero   RW          477    .bss                rtx_conf_cm.o
    0x20002650        -       0x00000084   Zero   RW          478    .bss                rtx_conf_cm.o
    0x200026d4        -       0x00000024   Zero   RW          479    .bss                rtx_conf_cm.o
    0x200026f8        -       0x000003e0   Zero   RW          480    .bss                rtx_conf_cm.o
    0x20002ad8        -       0x00000034   Zero   RW         3255    .bss                RTX_CM4.lib(rt_task.o)
    0x20002b0c        -       0x00000030   Zero   RW         3696    .bss                RTX_CM4.lib(rt_list.o)
    0x20002b3c        -       0x00000060   Zero   RW         4029    .bss                c_w.l(libspace.o)
    0x20002b9c   COMPRESSED   0x00000004   PAD
    0x20002ba0        -       0x00000000   Zero   RW          527    HEAP                startup_tm4c129.o
    0x20002ba0        -       0x00000200   Zero   RW          526    STACK               startup_tm4c129.o


==============================================================================

Image component sizes


      Code (inc. data)   RO Data    RW Data    ZI Data      Debug   Object Name

       164         18          0          0          0       1232   accel.o
         0          0      49210          0          0       1025   background.o
         0          0      49171          0          0       1046   background2.o
         0          0        150          0          0        919   boss.o
        92         10          0          0          0        952   buttons.o
       340         36          0         12          0       2533   buzzer.o
      1788         94         40          8          0      10950   cfaf128x128x16.o
         0          0        376          0          0        944   eddiev3.o
      5088        330         85         80        204      52569   exemplotiva.o
         0          0         90          0          0        974   inimigo.o
       208         22          0          0          0       1317   joy.o
         0          0         64          0          0        906   key.o
       284         34         16          0          0       2003   led.o
       148         18          0          0          0        992   mic.o
      1392         74          0         12          0       5409   opt.o
         0          0         90          0          0        936   point.o
       596         42          0          8          0       2069   rgb.o
       168         36         84         16       9120       9185   rtx_conf_cm.o
       228         38          0          8          0       1101   servo.o
       300         22        512          0        512       6112   startup_tm4c129.o
        40         14          0          4          0       1045   system_tm4c129.o
      1316         62          0         12          0       5252   temp.o

    ----------------------------------------------------------------------
     12152        850      99944        160       9836     109471   Object Totals
         0          0         32          0          0          0   (incl. Generated)
         0          0         24          0          0          0   (incl. Padding)

    ----------------------------------------------------------------------

      Code (inc. data)   RO Data    RW Data    ZI Data      Debug   Library Member Name

       268         24          0          1          0       4472   hal_cm.o
       408         34          0          0          0        816   hal_cm4.o
      1496        176          0          8          0      40879   rt_cmsis.o
        80          4          0          0          0        701   rt_event.o
       530         34          0          0         48       8601   rt_list.o
       554         10          0          0          0       4189   rt_mailbox.o
       140          0          0          0          0       2045   rt_membox.o
       128          0          0          0          0       2419   rt_memory.o
       352         14          0          0          0       2229   rt_mutex.o
        96         22          0          8          0       1230   rt_robin.o
        52          4          0          0          0        613   rt_semaphore.o
       298         52          0          8          0       6439   rt_system.o
      1216        174          0          8         52      10045   rt_task.o
         6          0          0          4          0        692   rt_time.o
         4          4          0          0          0        200   svc_table.o
        58          0          0          0          0          0   __dczerorl.o
         8          0          0          0          0         68   __main.o
         0          0          0          0          0          0   __rtentry.o
        20          0          0          0          0          0   __rtentry2.o
         6          0          0          0          0          0   __rtentry4.o
        52          8          0          0          0          0   __scatter.o
        28          0          0          0          0          0   __scatter_zi.o
        18          0          0          0          0         80   exit.o
         6          0          0          0          0        152   heapauxi.o
         0          0          0          0          0          0   indicate_semi.o
         2          0          0          0          0          0   libinit.o
         6          0          0          0          0          0   libinit2.o
         2          0          0          0          0          0   libshutdown.o
         2          0          0          0          0          0   libshutdown2.o
         8          4          0          0         96         68   libspace.o
        72          0          0          0          0         76   llsdiv.o
       238          0          0          0          0        100   lludivv7m.o
         2          0          0          0          0          0   rtexit.o
        10          0          0          0          0          0   rtexit2.o
        12          4          0          0          0         68   sys_exit.o
        74          0          0          0          0         80   sys_stackheap_outer.o
         2          0          0          0          0         68   use_no_semi.o
       388          0          0          0          0       8694   adc.o
       594          8        552          0          0       7550   gpio.o
       370         38        128          0          0      10349   i2c.o
       152         16        268        620          0       2298   interrupt.o
       178          0          0          0          0       5153   pwm.o
       898         54        596          0          0       6458   sysctl.o
       234          8          0          0          0       4761   timer.o
       804         16          0          0          0        368   daddsub_clz.o
        90          4          0          0          0        140   dfixu.o
        38          0          0          0          0        116   dflt_clz.o
       340         12          0          0          0        152   dmul.o
       156          4          0          0          0        140   dnaninf.o
        12          0          0          0          0        116   dretinf.o
        10          0          0          0          0        116   fpinit.o
         0          0          0          0          0          0   usenofp.o
         8          0          0          0          0       1494   charmap.o
       808          0          0          0          0      28562   circle.o
       100         12         16          4          0       1387   context.o
         0          0        960          0          0      25662   fontfixed6x8.o
        76          0          0          0          0       1522   line.o
      1240          0          0          0          0       9079   string.o

    ----------------------------------------------------------------------
     12788        740       2520       1484        200     200447   Library Totals
        38          0          0        823          4          0   (incl. Padding)

    ----------------------------------------------------------------------

      Code (inc. data)   RO Data    RW Data    ZI Data      Debug   Library Name

      5628        552          0         37        100      85570   RTX_CM4.lib
       626         16          0          0         96        760   c_w.l
      2814        124       1544        620          0      45263   driverlib.lib
      1450         36          0          0          0       1148   fz_wm.l
      2232         12        976          4          0      67706   grlib.lib

    ----------------------------------------------------------------------
     12788        740       2520       1484        200     200447   Library Totals

    ----------------------------------------------------------------------

==============================================================================


      Code (inc. data)   RO Data    RW Data    ZI Data      Debug   

     24940       1590     102464       1644      10036     292758   Grand Totals
     24940       1590     102464         24      10036     292758   ELF Image Totals (compressed)
     24940       1590     102464         24          0          0   ROM Totals

==============================================================================

    Total RO  Size (Code + RO Data)               127404 ( 124.42kB)
    Total RW  Size (RW Data + ZI Data)             11680 (  11.41kB)
    Total ROM Size (Code + RO Data + RW Data)     127428 ( 124.44kB)

==============================================================================

