<html>
<body>
<pre>
<h1>µVision Build Log</h1>
<h2>Tool Versions:</h2>
IDE-Version: µVision V5.28.0.0
Copyright (C) 2019 ARM Ltd and ARM Germany GmbH. All rights reserved.
License Information: Matheus Fonseca, UTFPR, LIC=7YKZ9-46MB6-35CTX-HTGJ4-4XUR4-RIUSZ
 
Tool Versions:
Toolchain:       MDK-ARM Professional  Version: 5.28.0.0
Toolchain Path:  C:\Keil_v5\ARM\ARMCC\Bin
C Compiler:      Armcc.exe V5.06 update 6 (build 750)
Assembler:       Armasm.exe V5.06 update 6 (build 750)
Linker/Locator:  ArmLink.exe V5.06 update 6 (build 750)
Library Manager: ArmAr.exe V5.06 update 6 (build 750)
Hex Converter:   FromElf.exe V5.06 update 6 (build 750)
CPU DLL:         SARMCM3.DLL V5.28.0.0
Dialog DLL:      DCM.DLL V1.17.3.0
Target DLL:      lmidk-agdi.dll V???
Dialog DLL:      TCM.DLL V1.36.2.0
 
<h2>Project:</h2>
C:\Users\Matheus\Documents\GitHub\Embarcados_2019_2\Laboratório 5 - Maria e Matheus F\Laboratório 5 Embarcados\LAb5\ProjectFiles\base_project.uvprojx
Project File Date:  12/02/2019

<h2>Output:</h2>
*** Using Compiler 'V5.06 update 6 (build 750)', folder: 'C:\Keil_v5\ARM\ARMCC\Bin'
Rebuild Project 'base_project' - Target 'TM4C129 Flash'
compiling uart.c...
C:\Users\Matheus\Documents\GitHub\Embarcados_2019_2\Laboratório 5 - Maria e Matheus F\Laboratório 5 Embarcados\LAb5\ProjectFiles\uart.h(47): warning:  #1295-D: Deprecated declaration UART_printMenu - give arg types
  void UART_printMenu();
C:\Users\Matheus\Documents\GitHub\Embarcados_2019_2\Laboratório 5 - Maria e Matheus F\Laboratório 5 Embarcados\LAb5\ProjectFiles\uart.h(50): warning:  #1295-D: Deprecated declaration inicia_UART - give arg types
  void inicia_UART();
C:\Users\Matheus\Documents\GitHub\Embarcados_2019_2\Laboratório 5 - Maria e Matheus F\Laboratório 5 Embarcados\LAb5\ProjectFiles\uart.c(66): warning:  #223-D: function "UARTConfigSetExpClk" declared implicitly
      MAP_UARTConfigSetExpClk(g_ulBase, ui32SysClock, 115200,
C:\Users\Matheus\Documents\GitHub\Embarcados_2019_2\Laboratório 5 - Maria e Matheus F\Laboratório 5 Embarcados\LAb5\ProjectFiles\uart.c(77): warning:  #223-D: function "UARTEnable" declared implicitly
      MAP_UARTEnable(g_ulBase);
C:\Users\Matheus\Documents\GitHub\Embarcados_2019_2\Laboratório 5 - Maria e Matheus F\Laboratório 5 Embarcados\LAb5\ProjectFiles\uart.c(217): warning:  #1-D: last line of file ends without a newline
  }
uart.c: 5 warnings, 0 errors
compiling seg.c...
compiling teste.c...
C:\Users\Matheus\Documents\GitHub\Embarcados_2019_2\Laboratório 5 - Maria e Matheus F\Laboratório 5 Embarcados\LAb5\ProjectFiles\buttons.h(5): warning:  #1295-D: Deprecated declaration button_init - give arg types
  extern void button_init();
C:\Users\Matheus\Documents\GitHub\Embarcados_2019_2\Laboratório 5 - Maria e Matheus F\Laboratório 5 Embarcados\LAb5\ProjectFiles\buttons.h(6): warning:  #1295-D: Deprecated declaration button_read_s1 - give arg types
  extern bool button_read_s1();
C:\Users\Matheus\Documents\GitHub\Embarcados_2019_2\Laboratório 5 - Maria e Matheus F\Laboratório 5 Embarcados\LAb5\ProjectFiles\buttons.h(7): warning:  #1295-D: Deprecated declaration button_read_s2 - give arg types
  extern bool button_read_s2();
C:\Users\Matheus\Documents\GitHub\Embarcados_2019_2\Laboratório 5 - Maria e Matheus F\Laboratório 5 Embarcados\LAb5\ProjectFiles\teste.c(177): warning:  #177-D: variable "i"  was declared but never referenced
        uint8_t i;
teste.c: 4 warnings, 0 errors
compiling buttons.c...
C:\Users\Matheus\Documents\GitHub\Embarcados_2019_2\Laboratório 5 - Maria e Matheus F\Laboratório 5 Embarcados\LAb5\ProjectFiles\buttons.h(5): warning:  #1295-D: Deprecated declaration button_init - give arg types
  extern void button_init();
C:\Users\Matheus\Documents\GitHub\Embarcados_2019_2\Laboratório 5 - Maria e Matheus F\Laboratório 5 Embarcados\LAb5\ProjectFiles\buttons.h(6): warning:  #1295-D: Deprecated declaration button_read_s1 - give arg types
  extern bool button_read_s1();
C:\Users\Matheus\Documents\GitHub\Embarcados_2019_2\Laboratório 5 - Maria e Matheus F\Laboratório 5 Embarcados\LAb5\ProjectFiles\buttons.h(7): warning:  #1295-D: Deprecated declaration button_read_s2 - give arg types
  extern bool button_read_s2();
buttons.c: 3 warnings, 0 errors
compiling led.c...
compiling opt.c...
C:\Users\Matheus\Documents\GitHub\Embarcados_2019_2\Laboratório 5 - Maria e Matheus F\Laboratório 5 Embarcados\LAb5\ProjectFiles\opt.h(20): warning:  #1295-D: Deprecated declaration opt_init - give arg types
  extern void  opt_init();
C:\Users\Matheus\Documents\GitHub\Embarcados_2019_2\Laboratório 5 - Maria e Matheus F\Laboratório 5 Embarcados\LAb5\ProjectFiles\opt.h(21): warning:  #1295-D: Deprecated declaration opt_read - give arg types
  extern uint16_t opt_read();
C:\Users\Matheus\Documents\GitHub\Embarcados_2019_2\Laboratório 5 - Maria e Matheus F\Laboratório 5 Embarcados\LAb5\ProjectFiles\opt.h(22): warning:  #1295-D: Deprecated declaration opt_read_lux - give arg types
  extern uint32_t opt_read_lux();
C:\Users\Matheus\Documents\GitHub\Embarcados_2019_2\Laboratório 5 - Maria e Matheus F\Laboratório 5 Embarcados\LAb5\ProjectFiles\opt.h(24): warning:  #1-D: last line of file ends without a newline
  #endif //__OPT_H__
C:\Users\Matheus\Documents\GitHub\Embarcados_2019_2\Laboratório 5 - Maria e Matheus F\Laboratório 5 Embarcados\LAb5\ProjectFiles\opt.c(149): warning:  #128-D: loop is not reachable
                while(i < n){
C:\Users\Matheus\Documents\GitHub\Embarcados_2019_2\Laboratório 5 - Maria e Matheus F\Laboratório 5 Embarcados\LAb5\ProjectFiles\opt.c(195): warning:  #128-D: loop is not reachable
                while(i < n-1){
C:\Users\Matheus\Documents\GitHub\Embarcados_2019_2\Laboratório 5 - Maria e Matheus F\Laboratório 5 Embarcados\LAb5\ProjectFiles\opt.c(330): warning:  #177-D: variable "temp"  was declared but never referenced
                uint64_t temp = 0;
C:\Users\Matheus\Documents\GitHub\Embarcados_2019_2\Laboratório 5 - Maria e Matheus F\Laboratório 5 Embarcados\LAb5\ProjectFiles\opt.c(60): warning:  #550-D: variable "mid"  was set but never used
  static uint16_t mid, did;
C:\Users\Matheus\Documents\GitHub\Embarcados_2019_2\Laboratório 5 - Maria e Matheus F\Laboratório 5 Embarcados\LAb5\ProjectFiles\opt.c(60): warning:  #550-D: variable "did"  was set but never used
  static uint16_t mid, did;
C:\Users\Matheus\Documents\GitHub\Embarcados_2019_2\Laboratório 5 - Maria e Matheus F\Laboratório 5 Embarcados\LAb5\ProjectFiles\opt.c(86): warning:  #177-D: variable "g_mid"  was declared but never referenced
  static uint16_t g_mid, g_did, g_timeout_count;
C:\Users\Matheus\Documents\GitHub\Embarcados_2019_2\Laboratório 5 - Maria e Matheus F\Laboratório 5 Embarcados\LAb5\ProjectFiles\opt.c(86): warning:  #177-D: variable "g_did"  was declared but never referenced
  static uint16_t g_mid, g_did, g_timeout_count;
opt.c: 11 warnings, 0 errors
compiling cfaf128x128x16.c...
C:\Users\Matheus\Documents\GitHub\Embarcados_2019_2\Laboratório 5 - Maria e Matheus F\Laboratório 5 Embarcados\LAb5\ProjectFiles\cfaf128x128x16.c(770): warning:  #177-D: function "ssiSetDataMode"  was declared but never referenced
  ssiSetDataMode(uint8_t mode) {
C:\Users\Matheus\Documents\GitHub\Embarcados_2019_2\Laboratório 5 - Maria e Matheus F\Laboratório 5 Embarcados\LAb5\ProjectFiles\cfaf128x128x16.c(777): warning:  #177-D: function "ssiSetClockDivider"  was declared but never referenced
  ssiSetClockDivider(uint8_t divider){
cfaf128x128x16.c: 2 warnings, 0 errors
compiling RTX_Conf_CM.c...
assembling startup_TM4C129.s...
compiling system_TM4C129.c...
linking...
Program Size: Code=14696 RO-data=2324 RW-data=88 ZI-data=13688  
".\Flash\base_project.axf" - 0 Error(s), 25 Warning(s).

<h2>Software Packages used:</h2>

Package Vendor: ARM
                http://www.keil.com/pack/ARM.CMSIS.5.6.0.pack
                ARM.CMSIS.5.6.0
                CMSIS (Cortex Microcontroller Software Interface Standard)
   * Component: RTOS Version: 1.0.0
   * Component: CORE Version: 5.3.0
   * Component: Keil RTX Version: 4.82.0

Package Vendor: Keil
                http://www.keil.com/pack/Keil.TM4C_DFP.1.1.0.pack
                Keil.TM4C_DFP.1.1.0
                Texas Instruments Tiva C Series Device Support and Examples
   * Component: Startup Version: 1.0.0

<h2>Collection of Component include folders:</h2>
  .\RTE\_TM4C129_Flash
  C:\Keil_v5\ARM\PACK\ARM\CMSIS\5.6.0\CMSIS\Core\Include
  C:\Keil_v5\ARM\PACK\ARM\CMSIS\5.6.0\CMSIS\RTOS\RTX\INC
  C:\Keil_v5\ARM\PACK\Keil\TM4C_DFP\1.1.0\Device\Include\TM4C129

<h2>Collection of Component Files used:</h2>

   * Component: ::CMSIS:RTOS:1.0.0 (API)

   * Component: ARM::CMSIS:CORE:5.3.0

   * Component: ARM::CMSIS:RTOS:Keil RTX:4.82.0
      Include file:  CMSIS\RTOS\RTX\UserCodeTemplates\osObjects.h
      Include file:  CMSIS\RTOS\RTX\INC\cmsis_os.h
      Source file:   CMSIS\RTOS\RTX\UserCodeTemplates\Thread.c
      Source file:   CMSIS\RTOS\RTX\UserCodeTemplates\MsgQueue.c
      Source file:   CMSIS\RTOS\RTX\UserCodeTemplates\Semaphore.c
      Source file:   CMSIS\RTOS\RTX\Templates\RTX_Conf_CM.c
      Source file:   CMSIS\RTOS\RTX\UserCodeTemplates\main.c
      Source file:   CMSIS\RTOS\RTX\UserCodeTemplates\MailQueue.c
      Source file:   CMSIS\RTOS\RTX\UserCodeTemplates\Mutex.c
      Source file:   CMSIS\RTOS\RTX\SRC\ARM\SVC_Table.s
      Source file:   CMSIS\RTOS\RTX\UserCodeTemplates\MemPool.c
      Source file:   CMSIS\RTOS\RTX\UserCodeTemplates\Timer.c
      Library file:  CMSIS\RTOS\RTX\LIB\ARM\RTX_CM4.lib

   * Component: Keil::Device:Startup:1.0.0
      Include file:  Device\Include\TM4C129\TM4C129.h
      Source file:   Device\Source\ARM\startup_TM4C129.s
      Source file:   Device\Source\system_TM4C129.c
Build Time Elapsed:  00:00:06
</pre>
</body>
</html>
