Component: ARM Compiler 5.06 update 6 (build 750) Tool: armlink [4d35ed]

==============================================================================

Section Cross References

    uart.o(.text) refers to sysctl.o(i.SysCtlClockFreqSet) for SysCtlClockFreqSet
    uart.o(.text) refers to sysctl.o(i.SysCtlPeripheralEnable) for SysCtlPeripheralEnable
    uart.o(.text) refers to sysctl.o(.emb_text) for SysCtlDelay
    uart.o(.text) refers to gpio.o(i.GPIOPinConfigure) for GPIOPinConfigure
    uart.o(.text) refers to gpio.o(i.GPIOPinTypeUART) for GPIOPinTypeUART
    uart.o(.text) refers to uart.o(i.UARTConfigSetExpClk) for UARTConfigSetExpClk
    uart.o(.text) refers to uart.o(i.UARTEnable) for UARTEnable
    uart.o(.text) refers to uart.o(.conststring) for .conststring
    uart.o(.text) refers to uart.o(.constdata) for g_ulUARTBase
    uart.o(.text) refers to uart.o(.data) for g_ulBase
    seg.o(.text) refers to rt_cmsis.o(i.osSignalSet) for osSignalSet
    seg.o(.text) refers to llsdiv.o(.text) for __aeabi_ldivmod
    seg.o(.text) refers to ffixll.o(x$fpl$llsfromf) for __aeabi_f2lz
    seg.o(.text) refers to cfaf128x128x16.o(.text) for cfaf128x128x16Init
    seg.o(.text) refers to context.o(i.GrContextInit) for GrContextInit
    seg.o(.text) refers to string.o(i.GrContextFontSet) for GrContextFontSet
    seg.o(.text) refers to seg.o(.data) for thread_scheduler_id
    seg.o(.text) refers to seg.o(.bss) for task_a
    seg.o(.text) refers to cfaf128x128x16.o(.constdata) for g_sCfaf128x128x16
    seg.o(.text) refers to fontfixed6x8.o(.constdata) for g_sFontFixed6x8
    seg.o(.text) refers to string.o(i.GrStringDraw) for GrStringDraw
    seg.o(.text) refers to rt_cmsis.o(i.osMailGet) for osMailGet
    seg.o(.text) refers to rt_cmsis.o(i.osKernelSysTick) for osKernelSysTick
    seg.o(.text) refers to rt_cmsis.o(i.osMutexWait) for osMutexWait
    seg.o(.text) refers to ffltll_clz.o(x$fpl$ffltll) for __aeabi_ul2f
    seg.o(.text) refers to rt_cmsis.o(i.osMutexRelease) for osMutexRelease
    seg.o(.text) refers to rt_cmsis.o(i.osMailFree) for osMailFree
    seg.o(.text) refers to rt_cmsis.o(i.osSignalWait) for osSignalWait
    seg.o(.text) refers to rt_cmsis.o(i.osMailAlloc) for osMailAlloc
    seg.o(.text) refers to rt_cmsis.o(i.osMailPut) for osMailPut
    seg.o(.text) refers to dflt_clz.o(x$fpl$dflt) for __aeabi_i2d
    seg.o(.text) refers to dflt_clz.o(x$fpl$dfltu) for __aeabi_ui2d
    seg.o(.text) refers to pow.o(i.__hardfp_pow) for __hardfp_pow
    seg.o(.text) refers to ddiv.o(x$fpl$ddiv) for __aeabi_ddiv
    seg.o(.text) refers to f2d.o(x$fpl$f2d) for __aeabi_f2d
    seg.o(.text) refers to daddsub_clz.o(x$fpl$dadd) for __aeabi_dadd
    seg.o(.text) refers to d2f.o(x$fpl$d2f) for __aeabi_d2f
    seg.o(.text) refers to dmul.o(x$fpl$dmul) for __aeabi_dmul
    seg.o(.text) refers to rt_cmsis.o(i.osKernelInitialize) for osKernelInitialize
    seg.o(.text) refers to rt_cmsis.o(i.osMutexCreate) for osMutexCreate
    seg.o(.text) refers to rt_cmsis.o(i.osMailCreate) for osMailCreate
    seg.o(.text) refers to rt_cmsis.o(i.osTimerCreate) for osTimerCreate
    seg.o(.text) refers to rt_cmsis.o(i.osThreadCreate) for osThreadCreate
    seg.o(.text) refers to rt_cmsis.o(i.osTimerStart) for osTimerStart
    seg.o(.text) refers to rt_cmsis.o(i.osKernelStart) for osKernelStart
    seg.o(.text) refers to rt_cmsis.o(i.osDelay) for osDelay
    seg.o(.text) refers to seg.o(.constdata) for os_mutex_def_mutex_display
    seg.o(.constdata) refers to seg.o(.bss) for os_mutex_cb_mutex_display
    seg.o(.constdata) refers to seg.o(.text) for preempt_callback
    seg.o(.constdata) refers to seg.o(.data) for os_mailQ_p_task_ready_q
    seg.o(.data) refers to seg.o(.bss) for os_mailQ_q_task_ready_q
    seg.o(.data) refers to seg.o(.conststring) for .conststring
    buttons.o(.text) refers to sysctl.o(i.SysCtlPeripheralEnable) for SysCtlPeripheralEnable
    buttons.o(.text) refers to sysctl.o(i.SysCtlPeripheralReady) for SysCtlPeripheralReady
    buttons.o(.text) refers to gpio.o(i.GPIOPinTypeGPIOInput) for GPIOPinTypeGPIOInput
    buttons.o(.text) refers to gpio.o(i.GPIOPinRead) for GPIOPinRead
    led.o(.text) refers to led.o(.constdata) for led_mask
    opt.o(.text) refers to i2c.o(i.I2CMasterSlaveAddrSet) for I2CMasterSlaveAddrSet
    opt.o(.text) refers to i2c.o(i.I2CMasterDataPut) for I2CMasterDataPut
    opt.o(.text) refers to i2c.o(i.I2CMasterBusBusy) for I2CMasterBusBusy
    opt.o(.text) refers to sysctl.o(.emb_text) for SysCtlDelay
    opt.o(.text) refers to i2c.o(i.I2CMasterControl) for I2CMasterControl
    opt.o(.text) refers to i2c.o(i.I2CMasterBusy) for I2CMasterBusy
    opt.o(.text) refers to i2c.o(i.I2CMasterErr) for I2CMasterErr
    opt.o(.text) refers to i2c.o(i.I2CMasterDataGet) for I2CMasterDataGet
    opt.o(.text) refers to i2c.o(i.I2CMasterBurstLengthSet) for I2CMasterBurstLengthSet
    opt.o(.text) refers to opt.o(.data) for g_sentFlag
    opt.o(.text) refers to i2c.o(i.I2CMasterIntClearEx) for I2CMasterIntClearEx
[...]
    os_lock                                  0x2000006c   Data           1  rt_system.o(.data)
    os_psh_flag                              0x2000006d   Data           1  rt_system.o(.data)
    pend_flags                               0x2000006e   Data           1  rt_system.o(.data)
    .data                                    0x20000074   Section        4  rt_time.o(.data)
    .data                                    0x20000078   Section        8  rt_robin.o(.data)
    .data                                    0x20000080   Section        1  hal_cm.o(.data)
    .bss                                     0x20000088   Section      428  seg.o(.bss)
    .bss                                     0x20000238   Section    12928  rtx_conf_cm.o(.bss)
    std_libspace                             0x20002f58   Data        1248  rtx_conf_cm.o(.bss)
    std_libmutex                             0x20003438   Data         128  rtx_conf_cm.o(.bss)
    .bss                                     0x200034b8   Section       52  rt_task.o(.bss)
    .bss                                     0x200034ec   Section       48  rt_list.o(.bss)
    .bss                                     0x2000351c   Section       96  libspace.o(.bss)
    HEAP                                     0x20003580   Section        0  startup_tm4c129.o(HEAP)
    STACK                                    0x20003580   Section      512  startup_tm4c129.o(STACK)
    Heap_Mem                                 0x20003580   Data           0  startup_tm4c129.o(HEAP)
    Stack_Mem                                0x20003580   Data         512  startup_tm4c129.o(STACK)
    __initial_sp                             0x20003780   Data           0  startup_tm4c129.o(STACK)

    Global Symbols

    Symbol Name                              Value     Ov Type        Size  Object(Section)

    BuildAttributes$$THM_ISAv4$E$P$D$K$B$S$7EM$VFPi3$EXTD16$VFPS$VFMA$PE$A:L22UL41UL21$X:L11$S22US41US21$IEEE1$IW$USESV6$~STKCKD$USESV7$~SHL$OTIME$ROPI$IEEEX$EBA8$UX$STANDARDLIB$REQ8$PRES8$EABIv2 0x00000000   Number         0  anon$$obj.o ABSOLUTE
    __ARM_use_no_argv                        0x00000000   Number         0  seg.o ABSOLUTE
    __Vectors                                0x00000000   Data           4  startup_tm4c129.o(RESET)
    __ARM_exceptions_init                     - Undefined Weak Reference
    __alloca_initialize                       - Undefined Weak Reference
    __arm_preinit_                            - Undefined Weak Reference
    __cpp_initialize__aeabi_                  - Undefined Weak Reference
    __cxa_finalize                            - Undefined Weak Reference
    __rt_locale                               - Undefined Weak Reference
    __sigvec_lookup                           - Undefined Weak Reference
    _atexit_init                              - Undefined Weak Reference
    _call_atexit_fns                          - Undefined Weak Reference
    _clock_init                               - Undefined Weak Reference
    _fp_trap_init                             - Undefined Weak Reference
    _fp_trap_shutdown                         - Undefined Weak Reference
    _get_lc_collate                           - Undefined Weak Reference
    _get_lc_ctype                             - Undefined Weak Reference
    _get_lc_monetary                          - Undefined Weak Reference
    _get_lc_numeric                           - Undefined Weak Reference
    _get_lc_time                              - Undefined Weak Reference
    _getenv_init                              - Undefined Weak Reference
    _handle_redirection                       - Undefined Weak Reference
    _init_alloc                               - Undefined Weak Reference
    _init_user_alloc                          - Undefined Weak Reference
    _initio                                   - Undefined Weak Reference
    _rand_init                                - Undefined Weak Reference
    _signal_finish                            - Undefined Weak Reference
    _signal_init                              - Undefined Weak Reference
    _terminate_alloc                          - Undefined Weak Reference
    _terminate_user_alloc                     - Undefined Weak Reference
    _terminateio                              - Undefined Weak Reference
    __Vectors_End                            0x00000200   Data           0  startup_tm4c129.o(RESET)
    __Vectors_Size                           0x00000200   Number         0  startup_tm4c129.o ABSOLUTE
    __main                                   0x00000201   Thumb Code     8  __main.o(!!!main)
    __scatterload                            0x00000209   Thumb Code     0  __scatter.o(!!!scatter)
    __scatterload_rt2                        0x00000209   Thumb Code    44  __scatter.o(!!!scatter)
    __scatterload_rt2_thumb_only             0x00000209   Thumb Code     0  __scatter.o(!!!scatter)
    __scatterload_null                       0x00000217   Thumb Code     0  __scatter.o(!!!scatter)
    __scatterload_copy                       0x0000023d   Thumb Code    26  __scatter_copy.o(!!handler_copy)
    __scatterload_zeroinit                   0x00000259   Thumb Code    28  __scatter_zi.o(!!handler_zi)
    __rt_lib_init                            0x00000275   Thumb Code     0  libinit.o(.ARM.Collect$$libinit$$00000000)
    __rt_lib_init_fp_1                       0x00000277   Thumb Code     0  libinit2.o(.ARM.Collect$$libinit$$00000001)
    __rt_lib_init_alloca_1                   0x0000027b   Thumb Code     0  libinit2.o(.ARM.Collect$$libinit$$0000002E)
    __rt_lib_init_argv_1                     0x0000027b   Thumb Code     0  libinit2.o(.ARM.Collect$$libinit$$0000002C)
    __rt_lib_init_atexit_1                   0x0000027b   Thumb Code     0  libinit2.o(.ARM.Collect$$libinit$$0000001B)
    __rt_lib_init_clock_1                    0x0000027b   Thumb Code     0  libinit2.o(.ARM.Collect$$libinit$$00000021)
    __rt_lib_init_cpp_1                      0x0000027b   Thumb Code     0  libinit2.o(.ARM.Collect$$libinit$$00000032)
    __rt_lib_init_exceptions_1               0x0000027b   Thumb Code     0  libinit2.o(.ARM.Collect$$libinit$$00000030)
    __rt_lib_init_fp_trap_1                  0x0000027b   Thumb Code     0  libinit2.o(.ARM.Collect$$libinit$$0000001F)
    __rt_lib_init_getenv_1                   0x0000027b   Thumb Code     0  libinit2.o(.ARM.Collect$$libinit$$00000023)
    __rt_lib_init_heap_1                     0x0000027b   Thumb Code     0  libinit2.o(.ARM.Collect$$libinit$$0000000A)
    __rt_lib_init_lc_collate_1               0x0000027b   Thumb Code     0  libinit2.o(.ARM.Collect$$libinit$$00000011)
    __rt_lib_init_lc_ctype_1                 0x0000027b   Thumb Code     0  libinit2.o(.ARM.Collect$$libinit$$00000013)
    __rt_lib_init_lc_monetary_1              0x0000027b   Thumb Code     0  libinit2.o(.ARM.Collect$$libinit$$00000015)
    __rt_lib_init_lc_numeric_1               0x0000027b   Thumb Code     0  libinit2.o(.ARM.Collect$$libinit$$00000017)
    __rt_lib_init_lc_time_1                  0x0000027b   Thumb Code     0  libinit2.o(.ARM.Collect$$libinit$$00000019)
    __rt_lib_init_preinit_1                  0x0000027b   Thumb Code     0  libinit2.o(.ARM.Collect$$libinit$$00000004)
    __rt_lib_init_rand_1                     0x0000027b   Thumb Code     0  libinit2.o(.ARM.Collect$$libinit$$0000000E)
    __rt_lib_init_return                     0x0000027b   Thumb Code     0  libinit2.o(.ARM.Collect$$libinit$$00000033)
    __rt_lib_init_signal_1                   0x0000027b   Thumb Code     0  libinit2.o(.ARM.Collect$$libinit$$0000001D)
    __rt_lib_init_stdio_1                    0x0000027b   Thumb Code     0  libinit2.o(.ARM.Collect$$libinit$$00000025)
    __rt_lib_init_user_alloc_1               0x0000027b   Thumb Code     0  libinit2.o(.ARM.Collect$$libinit$$0000000C)
    __rt_lib_shutdown                        0x0000027d   Thumb Code     0  libshutdown.o(.ARM.Collect$$libshutdown$$00000000)
    __rt_lib_shutdown_cpp_1                  0x0000027f   Thumb Code     0  libshutdown2.o(.ARM.Collect$$libshutdown$$00000002)
    __rt_lib_shutdown_fp_trap_1              0x0000027f   Thumb Code     0  libshutdown2.o(.ARM.Collect$$libshutdown$$00000007)
    __rt_lib_shutdown_heap_1                 0x0000027f   Thumb Code     0  libshutdown2.o(.ARM.Collect$$libshutdown$$0000000F)
    __rt_lib_shutdown_return                 0x0000027f   Thumb Code     0  libshutdown2.o(.ARM.Collect$$libshutdown$$00000010)
    __rt_lib_shutdown_signal_1               0x0000027f   Thumb Code     0  libshutdown2.o(.ARM.Collect$$libshutdown$$0000000A)
    __rt_lib_shutdown_stdio_1                0x0000027f   Thumb Code     0  libshutdown2.o(.ARM.Collect$$libshutdown$$00000004)
    __rt_lib_shutdown_user_alloc_1           0x0000027f   Thumb Code     0  libshutdown2.o(.ARM.Collect$$libshutdown$$0000000C)
    __rt_entry                               0x00000281   Thumb Code     0  __rtentry.o(.ARM.Collect$$rtentry$$00000000)
    __rt_entry_presh_1                       0x00000281   Thumb Code     0  __rtentry2.o(.ARM.Collect$$rtentry$$00000002)
    __rt_entry_sh                            0x00000281   Thumb Code     0  __rtentry4.o(.ARM.Collect$$rtentry$$00000004)
    __rt_entry_li                            0x00000287   Thumb Code     0  __rtentry2.o(.ARM.Collect$$rtentry$$0000000A)
    __rt_entry_postsh_1                      0x00000287   Thumb Code     0  __rtentry2.o(.ARM.Collect$$rtentry$$00000009)
    __rt_entry_postli_1                      0x0000028b   Thumb Code     0  __rtentry2.o(.ARM.Collect$$rtentry$$0000000B)
    __rt_entry_main                          0x00000293   Thumb Code     0  __rtentry2.o(.ARM.Collect$$rtentry$$0000000D)
    __rt_exit                                0x0000029b   Thumb Code     0  rtexit.o(.ARM.Collect$$rtexit$$00000000)
    __rt_exit_ls                             0x0000029d   Thumb Code     0  rtexit2.o(.ARM.Collect$$rtexit$$00000003)
    __rt_exit_prels_1                        0x0000029d   Thumb Code     0  rtexit2.o(.ARM.Collect$$rtexit$$00000002)
    __rt_exit_exit                           0x000002a1   Thumb Code     0  rtexit2.o(.ARM.Collect$$rtexit$$00000004)
    _platform_post_lib_init                  0x000002a9   Thumb Code    24  rtx_conf_cm.o(.emb_text)
    rt_set_PSP                               0x000002c5   Thumb Code     6  hal_cm4.o(.emb_text)
    rt_get_PSP                               0x000002cb   Thumb Code     6  hal_cm4.o(.emb_text)
    os_set_env                               0x000002d1   Thumb Code    24  hal_cm4.o(.emb_text)
    _alloc_box                               0x000002ed   Thumb Code    28  hal_cm4.o(.emb_text)
    _free_box                                0x0000030d   Thumb Code    28  hal_cm4.o(.emb_text)
    SVC_Handler                              0x0000032d   Thumb Code   168  hal_cm4.o(.emb_text)
    PendSV_Handler                           0x000003e5   Thumb Code    96  hal_cm4.o(.emb_text)
    SysTick_Handler                          0x00000449   Thumb Code     8  hal_cm4.o(.emb_text)
    OS_Tick_Handler                          0x00000451   Thumb Code    12  hal_cm4.o(.emb_text)
    preempt_callback                         0x0000045d   Thumb Code    14  seg.o(.text)
    __RL_RTX_VER                             0x00000482   Number         0  rt_system.o ABSOLUTE
    sortTasks                                0x0000065b   Thumb Code    72  seg.o(.text)
    initTasks                                0x000006a3   Thumb Code   374  seg.o(.text)
    init_all                                 0x00000819   Thumb Code     8  seg.o(.text)
    init_display_context                     0x00000821   Thumb Code   192  seg.o(.text)
    fatorial                                 0x000008e1   Thumb Code    20  seg.o(.text)
    print_painel                             0x000008f5   Thumb Code   228  seg.o(.text)
    print_fila                               0x000009d9   Thumb Code   124  seg.o(.text)
    thread_scheduler                         0x00000a55   Thumb Code  1408  seg.o(.text)
    thread_task_A                            0x00000fd5   Thumb Code    78  seg.o(.text)
    thread_task_B                            0x00001023   Thumb Code   172  seg.o(.text)
    thread_task_C                            0x000010cf   Thumb Code   100  seg.o(.text)
    thread_task_D                            0x00001133   Thumb Code   100  seg.o(.text)
    thread_task_E                            0x00001197   Thumb Code   254  seg.o(.text)
    thread_task_F                            0x00001295   Thumb Code    86  seg.o(.text)
    main                                     0x000012eb   Thumb Code   160  seg.o(.text)
    cfaf128x128x16Rect                       0x00001595   Thumb Code   134  cfaf128x128x16.o(.text)
    cfaf128x128x16LineVer                    0x0000161b   Thumb Code    38  cfaf128x128x16.o(.text)
    cfaf128x128x16LineHor                    0x00001641   Thumb Code    38  cfaf128x128x16.o(.text)
    cfaf128x128x16Dot                        0x00001667   Thumb Code    30  cfaf128x128x16.o(.text)
    cfaf128x128x16SetOrientation             0x00001969   Thumb Code    74  cfaf128x128x16.o(.text)
    cfaf128x128x16ClearColor                 0x000019b3   Thumb Code    36  cfaf128x128x16.o(.text)
    cfaf128x128x16Clear                      0x000019d7   Thumb Code    10  cfaf128x128x16.o(.text)
    InitSSICom                               0x000019fd   Thumb Code   178  cfaf128x128x16.o(.text)
    cfaf128x128x16Init                       0x00001aaf   Thumb Code   384  cfaf128x128x16.o(.text)
    os_idle_demon                            0x00001c81   Thumb Code     4  rtx_conf_cm.o(.text)
    os_error                                 0x00001c85   Thumb Code    32  rtx_conf_cm.o(.text)
    __user_perthread_libspace                0x00001ca5   Thumb Code    32  rtx_conf_cm.o(.text)
    _mutex_initialize                        0x00001cc5   Thumb Code    34  rtx_conf_cm.o(.text)
    _mutex_acquire                           0x00001ce7   Thumb Code    22  rtx_conf_cm.o(.text)
    _mutex_release                           0x00001cfd   Thumb Code    18  rtx_conf_cm.o(.text)
    Reset_Handler                            0x00001d2d   Thumb Code     8  startup_tm4c129.o(.text)
    NMI_Handler                              0x00001d35   Thumb Code     2  startup_tm4c129.o(.text)
    HardFault_Handler                        0x00001d37   Thumb Code     2  startup_tm4c129.o(.text)
    MemManage_Handler                        0x00001d39   Thumb Code     2  startup_tm4c129.o(.text)
    BusFault_Handler                         0x00001d3b   Thumb Code     2  startup_tm4c129.o(.text)
    UsageFault_Handler                       0x00001d3d   Thumb Code     2  startup_tm4c129.o(.text)
    DebugMon_Handler                         0x00001d41   Thumb Code     2  startup_tm4c129.o(.text)
    GPIOA_Handler                            0x00001d47   Thumb Code     2  startup_tm4c129.o(.text)
    GPIOB_Handler                            0x00001d49   Thumb Code     2  startup_tm4c129.o(.text)
    GPIOC_Handler                            0x00001d4b   Thumb Code     2  startup_tm4c129.o(.text)
    GPIOD_Handler                            0x00001d4d   Thumb Code     2  startup_tm4c129.o(.text)
    GPIOE_Handler                            0x00001d4f   Thumb Code     2  startup_tm4c129.o(.text)
    UART0_Handler                            0x00001d51   Thumb Code     2  startup_tm4c129.o(.text)
    UART1_Handler                            0x00001d53   Thumb Code     2  startup_tm4c129.o(.text)
    SSI0_Handler                             0x00001d55   Thumb Code     2  startup_tm4c129.o(.text)
    I2C0_Handler                             0x00001d57   Thumb Code     2  startup_tm4c129.o(.text)
    PMW0_FAULT_Handler                       0x00001d59   Thumb Code     2  startup_tm4c129.o(.text)
    PWM0_0_Handler                           0x00001d5b   Thumb Code     2  startup_tm4c129.o(.text)
    PWM0_1_Handler                           0x00001d5d   Thumb Code     2  startup_tm4c129.o(.text)
    PWM0_2_Handler                           0x00001d5f   Thumb Code     2  startup_tm4c129.o(.text)
    QEI0_Handler                             0x00001d61   Thumb Code     2  startup_tm4c129.o(.text)
    ADC0SS0_Handler                          0x00001d63   Thumb Code     2  startup_tm4c129.o(.text)
    ADC0SS1_Handler                          0x00001d65   Thumb Code     2  startup_tm4c129.o(.text)
    ADC0SS2_Handler                          0x00001d67   Thumb Code     2  startup_tm4c129.o(.text)
    ADC0SS3_Handler                          0x00001d69   Thumb Code     2  startup_tm4c129.o(.text)
    WDT0_Handler                             0x00001d6b   Thumb Code     2  startup_tm4c129.o(.text)
    TIMER0A_Handler                          0x00001d6d   Thumb Code     2  startup_tm4c129.o(.text)
    TIMER0B_Handler                          0x00001d6f   Thumb Code     2  startup_tm4c129.o(.text)
    TIMER1A_Handler                          0x00001d71   Thumb Code     2  startup_tm4c129.o(.text)
    TIMER1B_Handler                          0x00001d73   Thumb Code     2  startup_tm4c129.o(.text)
    TIMER2A_Handler                          0x00001d75   Thumb Code     2  startup_tm4c129.o(.text)
    TIMER2B_Handler                          0x00001d77   Thumb Code     2  startup_tm4c129.o(.text)
    COMP0_Handler                            0x00001d79   Thumb Code     2  startup_tm4c129.o(.text)
    COMP1_Handler                            0x00001d7b   Thumb Code     2  startup_tm4c129.o(.text)
    COMP2_Handler                            0x00001d7d   Thumb Code     2  startup_tm4c129.o(.text)
    SYSCTL_Handler                           0x00001d7f   Thumb Code     2  startup_tm4c129.o(.text)
    FLASH_Handler                            0x00001d81   Thumb Code     2  startup_tm4c129.o(.text)
    GPIOF_Handler                            0x00001d83   Thumb Code     2  startup_tm4c129.o(.text)
    GPIOG_Handler                            0x00001d85   Thumb Code     2  startup_tm4c129.o(.text)
    GPIOH_Handler                            0x00001d87   Thumb Code     2  startup_tm4c129.o(.text)
    UART2_Handler                            0x00001d89   Thumb Code     2  startup_tm4c129.o(.text)
    SSI1_Handler                             0x00001d8b   Thumb Code     2  startup_tm4c129.o(.text)
    TIMER3A_Handler                          0x00001d8d   Thumb Code     2  startup_tm4c129.o(.text)
    TIMER3B_Handler                          0x00001d8f   Thumb Code     2  startup_tm4c129.o(.text)
    I2C1_Handler                             0x00001d91   Thumb Code     2  startup_tm4c129.o(.text)
    CAN0_Handler                             0x00001d93   Thumb Code     2  startup_tm4c129.o(.text)
    CAN1_Handler                             0x00001d95   Thumb Code     2  startup_tm4c129.o(.text)
    ETH_Handler                              0x00001d97   Thumb Code     2  startup_tm4c129.o(.text)
    HIB_Handler                              0x00001d99   Thumb Code     2  startup_tm4c129.o(.text)
    USB0_Handler                             0x00001d9b   Thumb Code     2  startup_tm4c129.o(.text)
    PWM0_3_Handler                           0x00001d9d   Thumb Code     2  startup_tm4c129.o(.text)
    UDMA_Handler                             0x00001d9f   Thumb Code     2  startup_tm4c129.o(.text)
    UDMAERR_Handler                          0x00001da1   Thumb Code     2  startup_tm4c129.o(.text)
    ADC1SS0_Handler                          0x00001da3   Thumb Code     2  startup_tm4c129.o(.text)
    ADC1SS1_Handler                          0x00001da5   Thumb Code     2  startup_tm4c129.o(.text)
    ADC1SS2_Handler                          0x00001da7   Thumb Code     2  startup_tm4c129.o(.text)
    ADC1SS3_Handler                          0x00001da9   Thumb Code     2  startup_tm4c129.o(.text)
    EBI0_Handler                             0x00001dab   Thumb Code     2  startup_tm4c129.o(.text)
    GPIOJ_Handler                            0x00001dad   Thumb Code     2  startup_tm4c129.o(.text)
    GPIOK_Handler                            0x00001daf   Thumb Code     2  startup_tm4c129.o(.text)
    GPIOL_Handler                            0x00001db1   Thumb Code     2  startup_tm4c129.o(.text)
    SSI2_Handler                             0x00001db3   Thumb Code     2  startup_tm4c129.o(.text)
    SSI3_Handler                             0x00001db5   Thumb Code     2  startup_tm4c129.o(.text)
    UART3_Handler                            0x00001db7   Thumb Code     2  startup_tm4c129.o(.text)
    UART4_Handler                            0x00001db9   Thumb Code     2  startup_tm4c129.o(.text)
    UART5_Handler                            0x00001dbb   Thumb Code     2  startup_tm4c129.o(.text)
    UART6_Handler                            0x00001dbd   Thumb Code     2  startup_tm4c129.o(.text)
    UART7_Handler                            0x00001dbf   Thumb Code     2  startup_tm4c129.o(.text)
    I2C2_Handler                             0x00001dc1   Thumb Code     2  startup_tm4c129.o(.text)
    I2C3_Handler                             0x00001dc3   Thumb Code     2  startup_tm4c129.o(.text)
    TIMER4A_Handler                          0x00001dc5   Thumb Code     2  startup_tm4c129.o(.text)
    TIMER4B_Handler                          0x00001dc7   Thumb Code     2  startup_tm4c129.o(.text)
    TIMER5A_Handler                          0x00001dc9   Thumb Code     2  startup_tm4c129.o(.text)
    TIMER5B_Handler                          0x00001dcb   Thumb Code     2  startup_tm4c129.o(.text)
    WTIMER0A_Handler                         0x00001dcd   Thumb Code     2  startup_tm4c129.o(.text)
    WTIMER0B_Handler                         0x00001dcf   Thumb Code     2  startup_tm4c129.o(.text)
    WTIMER1A_Handler                         0x00001dd1   Thumb Code     2  startup_tm4c129.o(.text)
    WTIMER1B_Handler                         0x00001dd3   Thumb Code     2  startup_tm4c129.o(.text)
    WTIMER2A_Handler                         0x00001dd5   Thumb Code     2  startup_tm4c129.o(.text)
    WTIMER2B_Handler                         0x00001dd7   Thumb Code     2  startup_tm4c129.o(.text)
    WTIMER3A_Handler                         0x00001dd9   Thumb Code     2  startup_tm4c129.o(.text)
    WTIMER3B_Handler                         0x00001ddb   Thumb Code     2  startup_tm4c129.o(.text)
    WTIMER4A_Handler                         0x00001ddd   Thumb Code     2  startup_tm4c129.o(.text)
    WTIMER4B_Handler                         0x00001ddf   Thumb Code     2  startup_tm4c129.o(.text)
    WTIMER5A_Handler                         0x00001de1   Thumb Code     2  startup_tm4c129.o(.text)
    WTIMER5B_Handler                         0x00001de3   Thumb Code     2  startup_tm4c129.o(.text)
    FPU_Handler                              0x00001de5   Thumb Code     2  startup_tm4c129.o(.text)
    I2C4_Handler                             0x00001de7   Thumb Code     2  startup_tm4c129.o(.text)
    I2C5_Handler                             0x00001de9   Thumb Code     2  startup_tm4c129.o(.text)
    GPIOM_Handler                            0x00001deb   Thumb Code     2  startup_tm4c129.o(.text)
    GPION_Handler                            0x00001ded   Thumb Code     2  startup_tm4c129.o(.text)
    TAMPER_Handler                           0x00001def   Thumb Code     2  startup_tm4c129.o(.text)
    GPIOP0_Handler                           0x00001df1   Thumb Code     2  startup_tm4c129.o(.text)
    GPIOP1_Handler                           0x00001df3   Thumb Code     2  startup_tm4c129.o(.text)
    GPIOP2_Handler                           0x00001df5   Thumb Code     2  startup_tm4c129.o(.text)
    GPIOP3_Handler                           0x00001df7   Thumb Code     2  startup_tm4c129.o(.text)
    GPIOP4_Handler                           0x00001df9   Thumb Code     2  startup_tm4c129.o(.text)
    GPIOP5_Handler                           0x00001dfb   Thumb Code     2  startup_tm4c129.o(.text)
    GPIOP6_Handler                           0x00001dfd   Thumb Code     2  startup_tm4c129.o(.text)
    GPIOP7_Handler                           0x00001dff   Thumb Code     2  startup_tm4c129.o(.text)
    GPIOQ0_Handler                           0x00001e01   Thumb Code     2  startup_tm4c129.o(.text)
    GPIOQ1_Handler                           0x00001e03   Thumb Code     2  startup_tm4c129.o(.text)
    GPIOQ2_Handler                           0x00001e05   Thumb Code     2  startup_tm4c129.o(.text)
    GPIOQ3_Handler                           0x00001e07   Thumb Code     2  startup_tm4c129.o(.text)
    GPIOQ4_Handler                           0x00001e09   Thumb Code     2  startup_tm4c129.o(.text)
    GPIOQ5_Handler                           0x00001e0b   Thumb Code     2  startup_tm4c129.o(.text)
    GPIOQ6_Handler                           0x00001e0d   Thumb Code     2  startup_tm4c129.o(.text)
    GPIOQ7_Handler                           0x00001e0f   Thumb Code     2  startup_tm4c129.o(.text)
    GPIOR_Handler                            0x00001e11   Thumb Code     2  startup_tm4c129.o(.text)
    GPIOS_Handler                            0x00001e13   Thumb Code     2  startup_tm4c129.o(.text)
    SHAMD5_Handler                           0x00001e15   Thumb Code     2  startup_tm4c129.o(.text)
    AES_Handler                              0x00001e17   Thumb Code     2  startup_tm4c129.o(.text)
    DES3DES_Handler                          0x00001e19   Thumb Code     2  startup_tm4c129.o(.text)
    LCDCONTROLLER_Handler                    0x00001e1b   Thumb Code     2  startup_tm4c129.o(.text)
    TIMER6A_Handler                          0x00001e1d   Thumb Code     2  startup_tm4c129.o(.text)
    TIMER6B_Handler                          0x00001e1f   Thumb Code     2  startup_tm4c129.o(.text)
    TIMER7A_Handler                          0x00001e21   Thumb Code     2  startup_tm4c129.o(.text)
    TIMER7B_Handler                          0x00001e23   Thumb Code     2  startup_tm4c129.o(.text)
    I2C6_Handler                             0x00001e25   Thumb Code     2  startup_tm4c129.o(.text)
    I2C7_Handler                             0x00001e27   Thumb Code     2  startup_tm4c129.o(.text)
    HIMSCANKEYBOARD_Handler                  0x00001e29   Thumb Code     2  startup_tm4c129.o(.text)
    ONEWIRE_Handler                          0x00001e2b   Thumb Code     2  startup_tm4c129.o(.text)
    HIMPS2_Handler                           0x00001e2d   Thumb Code     2  startup_tm4c129.o(.text)
    HIMLEDSEQUENCER_Handler                  0x00001e2f   Thumb Code     2  startup_tm4c129.o(.text)
    HIMCONSUMERIR_Handler                    0x00001e31   Thumb Code     2  startup_tm4c129.o(.text)
    I2C8_Handler                             0x00001e33   Thumb Code     2  startup_tm4c129.o(.text)
    I2C9_Handler                             0x00001e35   Thumb Code     2  startup_tm4c129.o(.text)
    GPIOT_Handler                            0x00001e37   Thumb Code     2  startup_tm4c129.o(.text)
    __user_initial_stackheap                 0x00001e39   Thumb Code     0  startup_tm4c129.o(.text)
    SystemCoreClockUpdate                    0x00001e59   Thumb Code     8  system_tm4c129.o(.text)
    SystemInit                               0x00001e61   Thumb Code    20  system_tm4c129.o(.text)
    __user_libspace                          0x00001e81   Thumb Code     8  libspace.o(.text)
    __user_perproc_libspace                  0x00001e81   Thumb Code     0  libspace.o(.text)
    __aeabi_uldivmod                         0x00001e89   Thumb Code     0  lludivv7m.o(.text)
    _ll_udiv                                 0x00001e89   Thumb Code   238  lludivv7m.o(.text)
    __aeabi_ldivmod                          0x00001f77   Thumb Code     0  llsdiv.o(.text)
    _ll_sdiv                                 0x00001f77   Thumb Code    72  llsdiv.o(.text)
    exit                                     0x00001fbf   Thumb Code    18  exit.o(.text)
    __use_two_region_memory                  0x00001fd1   Thumb Code     2  heapauxi.o(.text)
    __rt_heap_escrow$2region                 0x00001fd3   Thumb Code     2  heapauxi.o(.text)
    __rt_heap_expand$2region                 0x00001fd5   Thumb Code     2  heapauxi.o(.text)
    __read_errno                             0x00001fd7   Thumb Code    10  _rserrno.o(.text)
    __set_errno                              0x00001fe1   Thumb Code    12  _rserrno.o(.text)
    __aeabi_errno_addr                       0x00001fed   Thumb Code     4  rt_errno_addr_twolibspace.o(.text)
    __errno$twolibspace                      0x00001fed   Thumb Code     0  rt_errno_addr_twolibspace.o(.text)
    __rt_errno_addr$twolibspace              0x00001fed   Thumb Code     0  rt_errno_addr_twolibspace.o(.text)
    _sys_exit                                0x00001ff1   Thumb Code     8  sys_exit.o(.text)
    __user_setup_stackheap                   0x00001ffd   Thumb Code    74  sys_stackheap_outer.o(.text)
    __I$use$semihosting                      0x00002047   Thumb Code     0  use_no_semi.o(.text)
    __use_no_semihosting_swi                 0x00002047   Thumb Code     2  use_no_semi.o(.text)
    SVC_Count                                0x00002048   Data           4  svc_table.o(SVC_TABLE)
    __semihosting_library_function           0x00002049   Thumb Code     0  indicate_semi.o(.text)
    GrContextFontSet                         0x0000204d   Thumb Code     6  string.o(i.GrContextFontSet)
    SVC_Table                                0x0000204c   Data           0  svc_table.o(SVC_TABLE)
    GrContextInit                            0x00002055   Thumb Code    88  context.o(i.GrContextInit)
    GrDefaultStringRenderer                  0x000020b9   Thumb Code   280  string.o(i.GrDefaultStringRenderer)
    GrFontGlyphDataGet                       0x000021d1   Thumb Code   166  string.o(i.GrFontGlyphDataGet)
    GrFontGlyphRender                        0x00002277   Thumb Code   648  string.o(i.GrFontGlyphRender)
    GrMapISO8859_1_Unicode                   0x000024ff   Thumb Code     8  charmap.o(i.GrMapISO8859_1_Unicode)
    GrStringDraw                             0x00002507   Thumb Code    32  string.o(i.GrStringDraw)
    SysCtlClockFreqSet                       0x00002529   Thumb Code   706  sysctl.o(i.SysCtlClockFreqSet)
    __ARM_fpclassify                         0x00002881   Thumb Code    48  fpclassify.o(i.__ARM_fpclassify)
    __hardfp_pow                             0x000028b1   Thumb Code  3072  pow.o(i.__hardfp_pow)
    __kernel_poly                            0x00003501   Thumb Code   248  poly.o(i.__kernel_poly)
    __mathlib_dbl_divzero                    0x000035f9   Thumb Code    28  dunder.o(i.__mathlib_dbl_divzero)
    __mathlib_dbl_infnan2                    0x00003629   Thumb Code    20  dunder.o(i.__mathlib_dbl_infnan2)
    __mathlib_dbl_invalid                    0x00003641   Thumb Code    24  dunder.o(i.__mathlib_dbl_invalid)
    __mathlib_dbl_overflow                   0x00003661   Thumb Code    24  dunder.o(i.__mathlib_dbl_overflow)
    __mathlib_dbl_underflow                  0x00003681   Thumb Code    24  dunder.o(i.__mathlib_dbl_underflow)
    _init_box                                0x000036a1   Thumb Code    70  rt_membox.o(i._init_box)
    dbg_init                                 0x000036e9   Thumb Code    34  hal_cm.o(i.dbg_init)
    dbg_task_notify                          0x00003719   Thumb Code    32  hal_cm.o(i.dbg_task_notify)
    dbg_task_switch                          0x00003739   Thumb Code    16  hal_cm.o(i.dbg_task_switch)
    fabs                                     0x00003749   Thumb Code    24  fabs.o(i.fabs)
    isrMessageGet                            0x00003761   Thumb Code    42  rt_cmsis.o(i.isrMessageGet)
    isrMessagePut                            0x0000378b   Thumb Code    44  rt_cmsis.o(i.isrMessagePut)
    isrSignalSet                             0x000037b7   Thumb Code    36  rt_cmsis.o(i.isrSignalSet)
    isr_evt_set                              0x000037dd   Thumb Code    34  rt_event.o(i.isr_evt_set)
    isr_mbx_receive                          0x00003805   Thumb Code    86  rt_mailbox.o(i.isr_mbx_receive)
    isr_mbx_send                             0x0000385b   Thumb Code    14  rt_mailbox.o(i.isr_mbx_send)
    osDelay                                  0x00003869   Thumb Code    18  rt_cmsis.o(i.osDelay)
    osKernelInitialize                       0x00003881   Thumb Code    30  rt_cmsis.o(i.osKernelInitialize)
    osKernelStart                            0x000038a5   Thumb Code    98  rt_cmsis.o(i.osKernelStart)
    osKernelSysTick                          0x00003911   Thumb Code    18  rt_cmsis.o(i.osKernelSysTick)
    osMailAlloc                              0x00003929   Thumb Code    22  rt_cmsis.o(i.osMailAlloc)
    osMailCreate                             0x00003945   Thumb Code    36  rt_cmsis.o(i.osMailCreate)
    osMailFree                               0x00003971   Thumb Code    22  rt_cmsis.o(i.osMailFree)
    osMailGet                                0x0000398d   Thumb Code    22  rt_cmsis.o(i.osMailGet)
    osMailPut                                0x000039a3   Thumb Code    20  rt_cmsis.o(i.osMailPut)
    osMessageGet                             0x000039b9   Thumb Code    18  rt_cmsis.o(i.osMessageGet)
    osMessagePut                             0x000039d1   Thumb Code    18  rt_cmsis.o(i.osMessagePut)
    osMutexCreate                            0x000039e9   Thumb Code    36  rt_cmsis.o(i.osMutexCreate)
    osMutexRelease                           0x00003a15   Thumb Code    18  rt_cmsis.o(i.osMutexRelease)
    osMutexWait                              0x00003a2d   Thumb Code    18  rt_cmsis.o(i.osMutexWait)
    osSignalSet                              0x00003a45   Thumb Code    18  rt_cmsis.o(i.osSignalSet)
    osSignalWait                             0x00003a5d   Thumb Code    18  rt_cmsis.o(i.osSignalWait)
    osThreadCreate                           0x00003a75   Thumb Code    36  rt_cmsis.o(i.osThreadCreate)
    osThreadExit                             0x00003aa1   Thumb Code    14  rt_cmsis.o(i.osThreadExit)
    osTimerCall                              0x00003ab9   Thumb Code     8  rt_cmsis.o(i.osTimerCall)
    osTimerCreate                            0x00003ac5   Thumb Code    36  rt_cmsis.o(i.osTimerCreate)
    osTimerStart                             0x00003af1   Thumb Code    18  rt_cmsis.o(i.osTimerStart)
    osTimerThread                            0x00003b09   Thumb Code    38  rt_cmsis.o(i.osTimerThread)
    os_tick_init                             0x00003b35   Thumb Code    32  rt_system.o(i.os_tick_init)
    os_tick_irqack                           0x00003b5d   Thumb Code     2  rt_system.o(i.os_tick_irqack)
    os_tick_ovf                              0x00003b61   Thumb Code    10  rt_system.o(i.os_tick_ovf)
    os_tick_val                              0x00003b71   Thumb Code    14  rt_system.o(i.os_tick_val)
    rt_alloc_box                             0x00003b85   Thumb Code    26  rt_membox.o(i.rt_alloc_box)
    rt_alloc_mem                             0x00003b9f   Thumb Code    62  rt_memory.o(i.rt_alloc_mem)
    rt_block                                 0x00003bdd   Thumb Code    48  rt_task.o(i.rt_block)
    rt_chk_robin                             0x00003c15   Thumb Code    60  rt_robin.o(i.rt_chk_robin)
    rt_dec_dly                               0x00003c5d   Thumb Code   102  rt_list.o(i.rt_dec_dly)
    rt_dispatch                              0x00003ccd   Thumb Code    60  rt_task.o(i.rt_dispatch)
    rt_dly_wait                              0x00003d11   Thumb Code     6  rt_time.o(i.rt_dly_wait)
    rt_evt_psh                               0x00003d19   Thumb Code    76  rt_event.o(i.rt_evt_psh)
    rt_evt_set                               0x00003d69   Thumb Code    88  rt_event.o(i.rt_evt_set)
    rt_evt_wait                              0x00003dc5   Thumb Code    56  rt_event.o(i.rt_evt_wait)
    rt_free_box                              0x00003e01   Thumb Code    44  rt_membox.o(i.rt_free_box)
    rt_free_mem                              0x00003e2d   Thumb Code    40  rt_memory.o(i.rt_free_mem)
    rt_get_first                             0x00003e55   Thumb Code    40  rt_list.o(i.rt_get_first)
    rt_init_mem                              0x00003ecd   Thumb Code    26  rt_memory.o(i.rt_init_mem)
    rt_init_robin                            0x00003ee9   Thumb Code    14  rt_robin.o(i.rt_init_robin)
    rt_init_stack                            0x00003f01   Thumb Code   118  hal_cm.o(i.rt_init_stack)
    rt_mbx_check                             0x00003f81   Thumb Code     8  rt_mailbox.o(i.rt_mbx_check)
    rt_mbx_init                              0x00003f89   Thumb Code    26  rt_mailbox.o(i.rt_mbx_init)
    rt_mbx_psh                               0x00003fa5   Thumb Code   236  rt_mailbox.o(i.rt_mbx_psh)
    rt_mbx_send                              0x00004095   Thumb Code   148  rt_mailbox.o(i.rt_mbx_send)
    rt_mbx_wait                              0x0000412d   Thumb Code   174  rt_mailbox.o(i.rt_mbx_wait)
    rt_mut_init                              0x00004225   Thumb Code    16  rt_mutex.o(i.rt_mut_init)
    rt_mut_release                           0x00004235   Thumb Code   208  rt_mutex.o(i.rt_mut_release)
    rt_mut_wait                              0x0000430d   Thumb Code   114  rt_mutex.o(i.rt_mut_wait)
    rt_pop_req                               0x00004385   Thumb Code   112  rt_system.o(i.rt_pop_req)
    rt_psh_req                               0x00004401   Thumb Code    22  rt_system.o(i.rt_psh_req)
    rt_psq_enq                               0x00004421   Thumb Code    88  rt_list.o(i.rt_psq_enq)
    rt_put_dly                               0x0000447d   Thumb Code    68  rt_list.o(i.rt_put_dly)
    rt_put_prio                              0x000044c5   Thumb Code    54  rt_list.o(i.rt_put_prio)
    rt_put_rdy_first                         0x000044fd   Thumb Code    14  rt_list.o(i.rt_put_rdy_first)
    rt_resort_prio                           0x00004511   Thumb Code    46  rt_list.o(i.rt_resort_prio)
    rt_ret_val                               0x00004555   Thumb Code    12  hal_cm.o(i.rt_ret_val)
    rt_ret_val2                              0x00004561   Thumb Code    16  hal_cm.o(i.rt_ret_val2)
    rt_rmv_dly                               0x00004571   Thumb Code    40  rt_list.o(i.rt_rmv_dly)
    rt_rmv_list                              0x00004599   Thumb Code    44  rt_list.o(i.rt_rmv_list)
    rt_sem_psh                               0x000045c9   Thumb Code    48  rt_semaphore.o(i.rt_sem_psh)
    rt_stk_check                             0x000045fd   Thumb Code    28  rt_system.o(i.rt_stk_check)
    rt_switch_req                            0x00004621   Thumb Code    30  rt_task.o(i.rt_switch_req)
    rt_sys_init                              0x00004649   Thumb Code   138  rt_task.o(i.rt_sys_init)
    rt_sys_start                             0x00004715   Thumb Code   110  rt_task.o(i.rt_sys_start)
    rt_systick                               0x0000478d   Thumb Code    50  rt_system.o(i.rt_systick)
    rt_tsk_create                            0x00004851   Thumb Code   118  rt_task.o(i.rt_tsk_create)
    rt_tsk_delete                            0x000048d9   Thumb Code   352  rt_task.o(i.rt_tsk_delete)
    rt_tsk_prio                              0x00004a55   Thumb Code   108  rt_task.o(i.rt_tsk_prio)
    rt_tsk_self                              0x00004ad1   Thumb Code    12  rt_task.o(i.rt_tsk_self)
    sqrt                                     0x00004ae1   Thumb Code   110  sqrt.o(i.sqrt)
    svcDelay                                 0x00004b4f   Thumb Code    18  rt_cmsis.o(i.svcDelay)
    svcKernelInitialize                      0x00004b61   Thumb Code    80  rt_cmsis.o(i.svcKernelInitialize)
    svcKernelStart                           0x00004bd1   Thumb Code    62  rt_cmsis.o(i.svcKernelStart)
    svcKernelSysTick                         0x00004c19   Thumb Code    46  rt_cmsis.o(i.svcKernelSysTick)
    svcMailCreate                            0x00004c51   Thumb Code    66  rt_cmsis.o(i.svcMailCreate)
    svcMessageCreate                         0x00004c93   Thumb Code    36  rt_cmsis.o(i.svcMessageCreate)
    svcMessageGet                            0x00004cb7   Thumb Code    58  rt_cmsis.o(i.svcMessageGet)
    svcMessagePut                            0x00004cf1   Thumb Code    54  rt_cmsis.o(i.svcMessagePut)
    svcMutexCreate                           0x00004d27   Thumb Code    28  rt_cmsis.o(i.svcMutexCreate)
    svcMutexRelease                          0x00004d43   Thumb Code    34  rt_cmsis.o(i.svcMutexRelease)
    svcMutexWait                             0x00004d65   Thumb Code    58  rt_cmsis.o(i.svcMutexWait)
    svcSignalSet                             0x00004d9f   Thumb Code    36  rt_cmsis.o(i.svcSignalSet)
    svcSignalWait                            0x00004dc5   Thumb Code    80  rt_cmsis.o(i.svcSignalWait)
    svcThreadCreate                          0x00004e19   Thumb Code    96  rt_cmsis.o(i.svcThreadCreate)
    svcThreadGetId                           0x00004e85   Thumb Code    22  rt_cmsis.o(i.svcThreadGetId)
    svcThreadTerminate                       0x00004ea1   Thumb Code    50  rt_cmsis.o(i.svcThreadTerminate)
    svcTimerCall                             0x00004ed9   Thumb Code    24  rt_cmsis.o(i.svcTimerCall)
    svcTimerCreate                           0x00004ef1   Thumb Code    52  rt_cmsis.o(i.svcTimerCreate)
    svcTimerStart                            0x00004f29   Thumb Code    96  rt_cmsis.o(i.svcTimerStart)
    sysMailAlloc                             0x00004f8d   Thumb Code    84  rt_cmsis.o(i.sysMailAlloc)
    sysMailFree                              0x00004fe5   Thumb Code    96  rt_cmsis.o(i.sysMailFree)
    sysTimerTick                             0x00005045   Thumb Code    84  rt_cmsis.o(i.sysTimerTick)
    __aeabi_dneg                             0x000050a1   Thumb Code     0  basic.o(x$fpl$basic)
    _dneg                                    0x000050a1   Thumb Code     6  basic.o(x$fpl$basic)
    __aeabi_fneg                             0x000050a7   Thumb Code     0  basic.o(x$fpl$basic)
    _fneg                                    0x000050a7   Thumb Code     6  basic.o(x$fpl$basic)
    _dabs                                    0x000050ad   Thumb Code     6  basic.o(x$fpl$basic)
    _fabs                                    0x000050b3   Thumb Code     6  basic.o(x$fpl$basic)
    __aeabi_d2f                              0x000050b9   Thumb Code     0  d2f.o(x$fpl$d2f)
    _d2f                                     0x000050b9   Thumb Code    98  d2f.o(x$fpl$d2f)
    __aeabi_dadd                             0x0000511d   Thumb Code     0  daddsub_clz.o(x$fpl$dadd)
    _dadd                                    0x0000511d   Thumb Code   332  daddsub_clz.o(x$fpl$dadd)
    __fpl_dcheck_NaN1                        0x0000526d   Thumb Code    10  dcheck1.o(x$fpl$dcheck1)
    __fpl_dcmp_Inf                           0x0000527d   Thumb Code    24  dcmpi.o(x$fpl$dcmpinf)
    __aeabi_ddiv                             0x00005295   Thumb Code     0  ddiv.o(x$fpl$ddiv)
    _ddiv                                    0x00005295   Thumb Code   552  ddiv.o(x$fpl$ddiv)
    __aeabi_i2d                              0x00005545   Thumb Code     0  dflt_clz.o(x$fpl$dflt)
    _dflt                                    0x00005545   Thumb Code    46  dflt_clz.o(x$fpl$dflt)
    __aeabi_ui2d                             0x00005573   Thumb Code     0  dflt_clz.o(x$fpl$dfltu)
    _dfltu                                   0x00005573   Thumb Code    38  dflt_clz.o(x$fpl$dfltu)
    __aeabi_cdcmple                          0x00005599   Thumb Code     0  dleqf.o(x$fpl$dleqf)
    _dcmple                                  0x00005599   Thumb Code   120  dleqf.o(x$fpl$dleqf)
    __fpl_dcmple_InfNaN                      0x000055fb   Thumb Code     0  dleqf.o(x$fpl$dleqf)
    __aeabi_dmul                             0x00005611   Thumb Code     0  dmul.o(x$fpl$dmul)
    _dmul                                    0x00005611   Thumb Code   332  dmul.o(x$fpl$dmul)
    __fpl_dnaninf                            0x00005765   Thumb Code   156  dnaninf.o(x$fpl$dnaninf)
    __fpl_dretinf                            0x00005801   Thumb Code    12  dretinf.o(x$fpl$dretinf)
    __aeabi_cdrcmple                         0x0000580d   Thumb Code     0  drleqf.o(x$fpl$drleqf)
    _drcmple                                 0x0000580d   Thumb Code   108  drleqf.o(x$fpl$drleqf)
    __aeabi_drsub                            0x00005879   Thumb Code     0  daddsub_clz.o(x$fpl$drsb)
    _drsb                                    0x00005879   Thumb Code    22  daddsub_clz.o(x$fpl$drsb)
    _dsqrt                                   0x00005891   Thumb Code   404  dsqrt_umaal.o(x$fpl$dsqrt)
    __aeabi_dsub                             0x00005a29   Thumb Code     0  daddsub_clz.o(x$fpl$dsub)
    _dsub                                    0x00005a29   Thumb Code   464  daddsub_clz.o(x$fpl$dsub)
    __aeabi_f2d                              0x00005bfd   Thumb Code     0  f2d.o(x$fpl$f2d)
    _f2d                                     0x00005bfd   Thumb Code    86  f2d.o(x$fpl$f2d)
    __aeabi_ul2f                             0x00005c53   Thumb Code     0  ffltll_clz.o(x$fpl$ffltll)
    _ll_uto_f                                0x00005c53   Thumb Code     6  ffltll_clz.o(x$fpl$ffltll)
    __aeabi_l2f                              0x00005c59   Thumb Code     0  ffltll_clz.o(x$fpl$ffltll)
    _ll_sto_f                                0x00005c59   Thumb Code    90  ffltll_clz.o(x$fpl$ffltll)
    __fpl_fnaninf                            0x00005cb3   Thumb Code   140  fnaninf.o(x$fpl$fnaninf)
    _fp_init                                 0x00005d3f   Thumb Code    10  fpinit.o(x$fpl$fpinit)
    __fplib_config_fpu_vfp                   0x00005d47   Thumb Code     0  fpinit.o(x$fpl$fpinit)
    __fplib_config_pureend_doubles           0x00005d47   Thumb Code     0  fpinit.o(x$fpl$fpinit)
    __fpl_fretinf                            0x00005d49   Thumb Code    10  fretinf.o(x$fpl$fretinf)
    __aeabi_f2lz                             0x00005d55   Thumb Code     0  ffixll.o(x$fpl$llsfromf)
    _ll_sfrom_f                              0x00005d55   Thumb Code   134  ffixll.o(x$fpl$llsfromf)
    __fpl_return_NaN                         0x00005ddb   Thumb Code   100  retnan.o(x$fpl$retnan)
    __ARM_scalbn                             0x00005e3f   Thumb Code    92  scalbn.o(x$fpl$scalbn)
    __fpl_cmpreturn                          0x00005e9b   Thumb Code    48  trapv.o(x$fpl$trapveneer)
    __I$use$fp                               0x00005eca   Number         0  usenofp.o(x$fpl$usenofp)
    os_mutex_def_mutex_display               0x00005ecc   Data           4  seg.o(.constdata)
    os_timer_def_preempt                     0x00005ed0   Data           8  seg.o(.constdata)
    os_mailQ_def_task_ready_q                0x00005ed8   Data          12  seg.o(.constdata)
    os_thread_def_thread_scheduler           0x00005ee4   Data          16  seg.o(.constdata)
    os_thread_def_thread_task_A              0x00005ef4   Data          16  seg.o(.constdata)
    os_thread_def_thread_task_B              0x00005f04   Data          16  seg.o(.constdata)
    os_thread_def_thread_task_C              0x00005f14   Data          16  seg.o(.constdata)
    os_thread_def_thread_task_D              0x00005f24   Data          16  seg.o(.constdata)
    os_thread_def_thread_task_E              0x00005f34   Data          16  seg.o(.constdata)
    os_thread_def_thread_task_F              0x00005f44   Data          16  seg.o(.constdata)
    blackColor                               0x00005f54   Data           2  cfaf128x128x16.o(.constdata)
    whiteColor                               0x00005f56   Data           2  cfaf128x128x16.o(.constdata)
    redColor                                 0x00005f58   Data           2  cfaf128x128x16.o(.constdata)
    greenColor                               0x00005f5a   Data           2  cfaf128x128x16.o(.constdata)
    blueColor                                0x00005f5c   Data           2  cfaf128x128x16.o(.constdata)
    yellowColor                              0x00005f5e   Data           2  cfaf128x128x16.o(.constdata)
    cyanColor                                0x00005f60   Data           2  cfaf128x128x16.o(.constdata)
    orangeColor                              0x00005f62   Data           2  cfaf128x128x16.o(.constdata)
    magentaColor                             0x00005f64   Data           2  cfaf128x128x16.o(.constdata)
    violetColor                              0x00005f66   Data           2  cfaf128x128x16.o(.constdata)
    grayColor                                0x00005f68   Data           2  cfaf128x128x16.o(.constdata)
    darkGrayColor                            0x00005f6a   Data           2  cfaf128x128x16.o(.constdata)
    g_sCfaf128x128x16                        0x00005f6c   Data          40  cfaf128x128x16.o(.constdata)
    os_maxtaskrun                            0x00005f94   Data           2  rtx_conf_cm.o(.constdata)
    os_stackinfo                             0x00005f98   Data           4  rtx_conf_cm.o(.constdata)
    os_rrobin                                0x00005f9c   Data           4  rtx_conf_cm.o(.constdata)
    os_tickfreq                              0x00005fa0   Data           4  rtx_conf_cm.o(.constdata)
    os_tickus_i                              0x00005fa4   Data           2  rtx_conf_cm.o(.constdata)
    os_tickus_f                              0x00005fa6   Data           2  rtx_conf_cm.o(.constdata)
    os_trv                                   0x00005fa8   Data           4  rtx_conf_cm.o(.constdata)
    os_flags                                 0x00005fac   Data           1  rtx_conf_cm.o(.constdata)
    CMSIS_RTOS_API_Version                   0x00005fb0   Data           4  rtx_conf_cm.o(.constdata)
    CMSIS_RTOS_RTX_Version                   0x00005fb4   Data           4  rtx_conf_cm.o(.constdata)
    os_clockrate                             0x00005fb8   Data           4  rtx_conf_cm.o(.constdata)
    os_timernum                              0x00005fbc   Data           4  rtx_conf_cm.o(.constdata)
    mp_tcb_size                              0x00005fc0   Data           2  rtx_conf_cm.o(.constdata)
    mp_stk_size                              0x00005fc4   Data           4  rtx_conf_cm.o(.constdata)
    os_stack_sz                              0x00005fc8   Data           4  rtx_conf_cm.o(.constdata)
    os_fifo_size                             0x00005fcc   Data           1  rtx_conf_cm.o(.constdata)
    os_thread_def_osTimerThread              0x00005fd0   Data          16  rtx_conf_cm.o(.constdata)
    os_messageQ_def_osTimerMessageQ          0x00005fe0   Data           8  rtx_conf_cm.o(.constdata)
    mp_tmr_size                              0x00005fe8   Data           2  rtx_conf_cm.o(.constdata)
    os_thread_def_main                       0x00005fec   Data          16  rtx_conf_cm.o(.constdata)
    g_psDefaultCodePointMapTable             0x00006250   Data          16  context.o(.constdata)
    g_sFontFixed6x8                          0x00006558   Data         200  fontfixed6x8.o(.constdata)
    __mathlib_zero                           0x000066a8   Data           8  qnan.o(.constdata)
    Region$$Table$$Base                      0x000066d8   Number         0  anon$$obj.o(Region$$Table)
    Region$$Table$$Limit                     0x000066f8   Number         0  anon$$obj.o(Region$$Table)
    mutex_display                            0x20000000   Data           4  seg.o(.data)
    thread_scheduler_id                      0x20000004   Data           4  seg.o(.data)
    thread_task_A_id                         0x20000008   Data           4  seg.o(.data)
    thread_task_B_id                         0x2000000c   Data           4  seg.o(.data)
    thread_task_C_id                         0x20000010   Data           4  seg.o(.data)
    thread_task_D_id                         0x20000014   Data           4  seg.o(.data)
    thread_task_E_id                         0x20000018   Data           4  seg.o(.data)
    thread_task_F_id                         0x2000001c   Data           4  seg.o(.data)
    preempt_id                               0x20000020   Data           4  seg.o(.data)
    os_mailQ_p_task_ready_q                  0x20000024   Data           8  seg.o(.data)
    task_ready_q_id                          0x2000002c   Data           4  seg.o(.data)
    osThreadId_osTimerThread                 0x20000040   Data           4  rtx_conf_cm.o(.data)
    osMessageQId_osTimerMessageQ             0x20000044   Data           4  rtx_conf_cm.o(.data)
    os_tmr                                   0x20000048   Data           4  rtx_conf_cm.o(.data)
    m_tmr                                    0x2000004c   Data           4  rtx_conf_cm.o(.data)
    SystemCoreClock                          0x20000054   Data           4  system_tm4c129.o(.data)
    os_initialized                           0x2000005c   Data           1  rt_cmsis.o(.data)
    os_running                               0x2000005d   Data           1  rt_cmsis.o(.data)
    os_timer_head                            0x20000060   Data           4  rt_cmsis.o(.data)
    os_tsk                                   0x20000064   Data           8  rt_task.o(.data)
    os_tick_irqn                             0x20000070   Data           4  rt_system.o(.data)
    os_time                                  0x20000074   Data           4  rt_time.o(.data)
    os_robin                                 0x20000078   Data           8  rt_robin.o(.data)
    dbg_msg                                  0x20000080   Data           1  hal_cm.o(.data)
    sContext                                 0x20000088   Data          44  seg.o(.bss)
    os_mutex_cb_mutex_display                0x200000b4   Data          16  seg.o(.bss)
    os_timer_cb_preempt                      0x200000c4   Data          24  seg.o(.bss)
    task_a                                   0x200000e0   Data          40  seg.o(.bss)
    task_b                                   0x20000108   Data          40  seg.o(.bss)
    task_c                                   0x20000130   Data          40  seg.o(.bss)
    task_d                                   0x20000158   Data          40  seg.o(.bss)
    task_e                                   0x20000180   Data          40  seg.o(.bss)
    task_f                                   0x200001a8   Data          40  seg.o(.bss)
    tasks                                    0x200001d0   Data          24  seg.o(.bss)
    execution_q                              0x200001e8   Data          24  seg.o(.bss)
    os_mailQ_q_task_ready_q                  0x20000200   Data          24  seg.o(.bss)
    os_mailQ_m_task_ready_q                  0x20000218   Data          28  seg.o(.bss)
    mp_tcb                                   0x20000238   Data         688  rtx_conf_cm.o(.bss)
    mp_stk                                   0x200004e8   Data        9616  rtx_conf_cm.o(.bss)
    os_stack_mem                             0x20002a78   Data        1032  rtx_conf_cm.o(.bss)
    os_fifo                                  0x20002e80   Data         132  rtx_conf_cm.o(.bss)
    os_active_TCB                            0x20002f04   Data          52  rtx_conf_cm.o(.bss)
    os_messageQ_q_osTimerMessageQ            0x20002f38   Data          32  rtx_conf_cm.o(.bss)
    os_idle_TCB                              0x200034b8   Data          52  rt_task.o(.bss)
    os_rdy                                   0x200034ec   Data          24  rt_list.o(.bss)
    os_dly                                   0x20003504   Data          24  rt_list.o(.bss)
    __libspace_start                         0x2000351c   Data          96  libspace.o(.bss)
    __temporary_stack_top$libspace           0x2000357c   Data           0  libspace.o(.bss)



==============================================================================

Memory Map of the image

  Image Entry point : 0x00000201

  Load Region LR_IROM1 (Base: 0x00000000, Size: 0x0000677c, Max: 0x00100000, ABSOLUTE)

    Execution Region ER_IROM1 (Exec base: 0x00000000, Load base: 0x00000000, Size: 0x000066f8, Max: 0x00100000, ABSOLUTE)

    Exec Addr    Load Addr    Size         Type   Attr      Idx    E Section Name        Object

    0x00000000   0x00000000   0x00000200   Data   RO          294    RESET               startup_tm4c129.o
    0x00000200   0x00000200   0x00000008   Code   RO         3330  * !!!main             c_w.l(__main.o)
    0x00000208   0x00000208   0x00000034   Code   RO         3606    !!!scatter          c_w.l(__scatter.o)
    0x0000023c   0x0000023c   0x0000001a   Code   RO         3608    !!handler_copy      c_w.l(__scatter_copy.o)
    0x00000256   0x00000256   0x00000002   PAD
    0x00000258   0x00000258   0x0000001c   Code   RO         3610    !!handler_zi        c_w.l(__scatter_zi.o)
    0x00000274   0x00000274   0x00000002   Code   RO         3486    .ARM.Collect$$libinit$$00000000  c_w.l(libinit.o)
    0x00000276   0x00000276   0x00000004   Code   RO         3501    .ARM.Collect$$libinit$$00000001  c_w.l(libinit2.o)
    0x0000027a   0x0000027a   0x00000000   Code   RO         3504    .ARM.Collect$$libinit$$00000004  c_w.l(libinit2.o)
    0x0000027a   0x0000027a   0x00000000   Code   RO         3507    .ARM.Collect$$libinit$$0000000A  c_w.l(libinit2.o)
    0x0000027a   0x0000027a   0x00000000   Code   RO         3509    .ARM.Collect$$libinit$$0000000C  c_w.l(libinit2.o)
    0x0000027a   0x0000027a   0x00000000   Code   RO         3511    .ARM.Collect$$libinit$$0000000E  c_w.l(libinit2.o)
    0x0000027a   0x0000027a   0x00000000   Code   RO         3514    .ARM.Collect$$libinit$$00000011  c_w.l(libinit2.o)
    0x0000027a   0x0000027a   0x00000000   Code   RO         3516    .ARM.Collect$$libinit$$00000013  c_w.l(libinit2.o)
    0x0000027a   0x0000027a   0x00000000   Code   RO         3518    .ARM.Collect$$libinit$$00000015  c_w.l(libinit2.o)
    0x0000027a   0x0000027a   0x00000000   Code   RO         3520    .ARM.Collect$$libinit$$00000017  c_w.l(libinit2.o)
    0x0000027a   0x0000027a   0x00000000   Code   RO         3522    .ARM.Collect$$libinit$$00000019  c_w.l(libinit2.o)
    0x0000027a   0x0000027a   0x00000000   Code   RO         3524    .ARM.Collect$$libinit$$0000001B  c_w.l(libinit2.o)
    0x0000027a   0x0000027a   0x00000000   Code   RO         3526    .ARM.Collect$$libinit$$0000001D  c_w.l(libinit2.o)
    0x0000027a   0x0000027a   0x00000000   Code   RO         3528    .ARM.Collect$$libinit$$0000001F  c_w.l(libinit2.o)
    0x0000027a   0x0000027a   0x00000000   Code   RO         3530    .ARM.Collect$$libinit$$00000021  c_w.l(libinit2.o)
    0x0000027a   0x0000027a   0x00000000   Code   RO         3532    .ARM.Collect$$libinit$$00000023  c_w.l(libinit2.o)
    0x0000027a   0x0000027a   0x00000000   Code   RO         3534    .ARM.Collect$$libinit$$00000025  c_w.l(libinit2.o)
    0x0000027a   0x0000027a   0x00000000   Code   RO         3538    .ARM.Collect$$libinit$$0000002C  c_w.l(libinit2.o)
    0x0000027a   0x0000027a   0x00000000   Code   RO         3540    .ARM.Collect$$libinit$$0000002E  c_w.l(libinit2.o)
    0x0000027a   0x0000027a   0x00000000   Code   RO         3542    .ARM.Collect$$libinit$$00000030  c_w.l(libinit2.o)
    0x0000027a   0x0000027a   0x00000000   Code   RO         3544    .ARM.Collect$$libinit$$00000032  c_w.l(libinit2.o)
    0x0000027a   0x0000027a   0x00000002   Code   RO         3545    .ARM.Collect$$libinit$$00000033  c_w.l(libinit2.o)
    0x0000027c   0x0000027c   0x00000002   Code   RO         3487    .ARM.Collect$$libshutdown$$00000000  c_w.l(libshutdown.o)
    0x0000027e   0x0000027e   0x00000000   Code   RO         3547    .ARM.Collect$$libshutdown$$00000002  c_w.l(libshutdown2.o)
    0x0000027e   0x0000027e   0x00000000   Code   RO         3549    .ARM.Collect$$libshutdown$$00000004  c_w.l(libshutdown2.o)
    0x0000027e   0x0000027e   0x00000000   Code   RO         3552    .ARM.Collect$$libshutdown$$00000007  c_w.l(libshutdown2.o)
    0x0000027e   0x0000027e   0x00000000   Code   RO         3555    .ARM.Collect$$libshutdown$$0000000A  c_w.l(libshutdown2.o)
    0x0000027e   0x0000027e   0x00000000   Code   RO         3557    .ARM.Collect$$libshutdown$$0000000C  c_w.l(libshutdown2.o)
    0x0000027e   0x0000027e   0x00000000   Code   RO         3560    .ARM.Collect$$libshutdown$$0000000F  c_w.l(libshutdown2.o)
    0x0000027e   0x0000027e   0x00000002   Code   RO         3561    .ARM.Collect$$libshutdown$$00000010  c_w.l(libshutdown2.o)
    0x00000280   0x00000280   0x00000000   Code   RO         3374    .ARM.Collect$$rtentry$$00000000  c_w.l(__rtentry.o)
    0x00000280   0x00000280   0x00000000   Code   RO         3436    .ARM.Collect$$rtentry$$00000002  c_w.l(__rtentry2.o)
    0x00000280   0x00000280   0x00000006   Code   RO         3448    .ARM.Collect$$rtentry$$00000004  c_w.l(__rtentry4.o)
    0x00000286   0x00000286   0x00000000   Code   RO         3438    .ARM.Collect$$rtentry$$00000009  c_w.l(__rtentry2.o)
    0x00000286   0x00000286   0x00000004   Code   RO         3439    .ARM.Collect$$rtentry$$0000000A  c_w.l(__rtentry2.o)
    0x0000028a   0x0000028a   0x00000008   Code   RO         3440    .ARM.Collect$$rtentry$$0000000B  c_w.l(__rtentry2.o)
    0x00000292   0x00000292   0x00000008   Code   RO         3442    .ARM.Collect$$rtentry$$0000000D  c_w.l(__rtentry2.o)
    0x0000029a   0x0000029a   0x00000002   Code   RO         3375    .ARM.Collect$$rtexit$$00000000  c_w.l(rtexit.o)
    0x0000029c   0x0000029c   0x00000000   Code   RO         3451    .ARM.Collect$$rtexit$$00000002  c_w.l(rtexit2.o)
    0x0000029c   0x0000029c   0x00000004   Code   RO         3452    .ARM.Collect$$rtexit$$00000003  c_w.l(rtexit2.o)
    0x000002a0   0x000002a0   0x00000006   Code   RO         3453    .ARM.Collect$$rtexit$$00000004  c_w.l(rtexit2.o)
    0x000002a6   0x000002a6   0x00000002   PAD
    0x000002a8   0x000002a8   0x0000001c   Code   RO          264    .emb_text           rtx_conf_cm.o
    0x000002c4   0x000002c4   0x00000198   Code   RO         3304    .emb_text           RTX_CM4.lib(hal_cm4.o)
    0x0000045c   0x0000045c   0x00000f84   Code   RO           91    .text               seg.o
    0x000013e0   0x000013e0   0x000008a0   Code   RO          239    .text               cfaf128x128x16.o
    0x00001c80   0x00001c80   0x000000ac   Code   RO          265    .text               rtx_conf_cm.o
    0x00001d2c   0x00001d2c   0x0000012c   Code   RO          295    .text               startup_tm4c129.o
    0x00001e58   0x00001e58   0x00000028   Code   RO          302    .text               system_tm4c129.o
    0x00001e80   0x00001e80   0x00000008   Code   RO         3319    .text               c_w.l(libspace.o)
    0x00001e88   0x00001e88   0x000000ee   Code   RO         3322    .text               c_w.l(lludivv7m.o)
    0x00001f76   0x00001f76   0x00000048   Code   RO         3324    .text               c_w.l(llsdiv.o)
    0x00001fbe   0x00001fbe   0x00000012   Code   RO         3326    .text               c_w.l(exit.o)
    0x00001fd0   0x00001fd0   0x00000006   Code   RO         3328    .text               c_w.l(heapauxi.o)
    0x00001fd6   0x00001fd6   0x00000016   Code   RO         3381    .text               c_w.l(_rserrno.o)
    0x00001fec   0x00001fec   0x00000004   Code   RO         3464    .text               c_w.l(rt_errno_addr_twolibspace.o)
    0x00001ff0   0x00001ff0   0x0000000c   Code   RO         3472    .text               c_w.l(sys_exit.o)
    0x00001ffc   0x00001ffc   0x0000004a   Code   RO         3474    .text               c_w.l(sys_stackheap_outer.o)
    0x00002046   0x00002046   0x00000002   Code   RO         3492    .text               c_w.l(use_no_semi.o)
    0x00002048   0x00002048   0x00000000   Code   RO         3494    .text               c_w.l(indicate_semi.o)
    0x00002048   0x00002048   0x00000004   Code   RO         3314    SVC_TABLE           RTX_CM4.lib(svc_table.o)
    0x0000204c   0x0000204c   0x00000006   Code   RO         1806    i.GrContextFontSet  grlib.lib(string.o)
    0x00002052   0x00002052   0x00000002   PAD
    0x00002054   0x00002054   0x00000064   Code   RO         1757    i.GrContextInit     grlib.lib(context.o)
    0x000020b8   0x000020b8   0x00000118   Code   RO         1807    i.GrDefaultStringRenderer  grlib.lib(string.o)
    0x000021d0   0x000021d0   0x000000a6   Code   RO         1811    i.GrFontGlyphDataGet  grlib.lib(string.o)
    0x00002276   0x00002276   0x00000288   Code   RO         1812    i.GrFontGlyphRender  grlib.lib(string.o)
    0x000024fe   0x000024fe   0x00000008   Code   RO         2692    i.GrMapISO8859_1_Unicode  grlib.lib(charmap.o)
    0x00002506   0x00002506   0x00000020   Code   RO         1818    i.GrStringDraw      grlib.lib(string.o)
    0x00002526   0x00002526   0x00000002   PAD
    0x00002528   0x00002528   0x000002ec   Code   RO         1115    i.SysCtlClockFreqSet  driverlib.lib(sysctl.o)
    0x00002814   0x00002814   0x0000006c   Code   RO         1824    i.UpdateContextCharMapping  grlib.lib(string.o)
    0x00002880   0x00002880   0x00000030   Code   RO         3418    i.__ARM_fpclassify  m_wm.l(fpclassify.o)
    0x000028b0   0x000028b0   0x00000c50   Code   RO         3360    i.__hardfp_pow      m_wm.l(pow.o)
    0x00003500   0x00003500   0x000000f8   Code   RO         3420    i.__kernel_poly     m_wm.l(poly.o)
    0x000035f8   0x000035f8   0x00000030   Code   RO         3398    i.__mathlib_dbl_divzero  m_wm.l(dunder.o)
    0x00003628   0x00003628   0x00000014   Code   RO         3400    i.__mathlib_dbl_infnan2  m_wm.l(dunder.o)
    0x0000363c   0x0000363c   0x00000004   PAD
    0x00003640   0x00003640   0x00000020   Code   RO         3401    i.__mathlib_dbl_invalid  m_wm.l(dunder.o)
    0x00003660   0x00003660   0x00000020   Code   RO         3402    i.__mathlib_dbl_overflow  m_wm.l(dunder.o)
    0x00003680   0x00003680   0x00000020   Code   RO         3404    i.__mathlib_dbl_underflow  m_wm.l(dunder.o)
    0x000036a0   0x000036a0   0x00000046   Code   RO         3198    i._init_box         RTX_CM4.lib(rt_membox.o)
    0x000036e6   0x000036e6   0x00000002   PAD
    0x000036e8   0x000036e8   0x00000030   Code   RO         3251    i.dbg_init          RTX_CM4.lib(hal_cm.o)
    0x00003718   0x00003718   0x00000020   Code   RO         3252    i.dbg_task_notify   RTX_CM4.lib(hal_cm.o)
    0x00003738   0x00003738   0x00000010   Code   RO         3253    i.dbg_task_switch   RTX_CM4.lib(hal_cm.o)
    0x00003748   0x00003748   0x00000018   Code   RO         3414    i.fabs              m_wm.l(fabs.o)
    0x00003760   0x00003760   0x0000002a   Code   RO         1936    i.isrMessageGet     RTX_CM4.lib(rt_cmsis.o)
    0x0000378a   0x0000378a   0x0000002c   Code   RO         1937    i.isrMessagePut     RTX_CM4.lib(rt_cmsis.o)
    0x000037b6   0x000037b6   0x00000024   Code   RO         1939    i.isrSignalSet      RTX_CM4.lib(rt_cmsis.o)
    0x000037da   0x000037da   0x00000002   PAD
    0x000037dc   0x000037dc   0x00000028   Code   RO         2935    i.isr_evt_set       RTX_CM4.lib(rt_event.o)
    0x00003804   0x00003804   0x00000056   Code   RO         3053    i.isr_mbx_receive   RTX_CM4.lib(rt_mailbox.o)
    0x0000385a   0x0000385a   0x0000000e   Code   RO         3054    i.isr_mbx_send      RTX_CM4.lib(rt_mailbox.o)
    0x00003868   0x00003868   0x00000018   Code   RO         1940    i.osDelay           RTX_CM4.lib(rt_cmsis.o)
    0x00003880   0x00003880   0x00000024   Code   RO         1941    i.osKernelInitialize  RTX_CM4.lib(rt_cmsis.o)
    0x000038a4   0x000038a4   0x0000006c   Code   RO         1943    i.osKernelStart     RTX_CM4.lib(rt_cmsis.o)
    0x00003910   0x00003910   0x00000018   Code   RO         1944    i.osKernelSysTick   RTX_CM4.lib(rt_cmsis.o)
    0x00003928   0x00003928   0x0000001c   Code   RO         1945    i.osMailAlloc       RTX_CM4.lib(rt_cmsis.o)
    0x00003944   0x00003944   0x0000002c   Code   RO         1947    i.osMailCreate      RTX_CM4.lib(rt_cmsis.o)
    0x00003970   0x00003970   0x0000001c   Code   RO         1948    i.osMailFree        RTX_CM4.lib(rt_cmsis.o)
    0x0000398c   0x0000398c   0x00000016   Code   RO         1949    i.osMailGet         RTX_CM4.lib(rt_cmsis.o)
    0x000039a2   0x000039a2   0x00000014   Code   RO         1950    i.osMailPut         RTX_CM4.lib(rt_cmsis.o)
    0x000039b6   0x000039b6   0x00000002   PAD
    0x000039b8   0x000039b8   0x00000018   Code   RO         1952    i.osMessageGet      RTX_CM4.lib(rt_cmsis.o)
    0x000039d0   0x000039d0   0x00000018   Code   RO         1953    i.osMessagePut      RTX_CM4.lib(rt_cmsis.o)
    0x000039e8   0x000039e8   0x0000002c   Code   RO         1954    i.osMutexCreate     RTX_CM4.lib(rt_cmsis.o)
    0x00003a14   0x00003a14   0x00000018   Code   RO         1956    i.osMutexRelease    RTX_CM4.lib(rt_cmsis.o)
    0x00003a2c   0x00003a2c   0x00000018   Code   RO         1957    i.osMutexWait       RTX_CM4.lib(rt_cmsis.o)
    0x00003a44   0x00003a44   0x00000018   Code   RO         1967    i.osSignalSet       RTX_CM4.lib(rt_cmsis.o)
    0x00003a5c   0x00003a5c   0x00000018   Code   RO         1968    i.osSignalWait      RTX_CM4.lib(rt_cmsis.o)
    0x00003a74   0x00003a74   0x0000002c   Code   RO         1969    i.osThreadCreate    RTX_CM4.lib(rt_cmsis.o)
    0x00003aa0   0x00003aa0   0x00000018   Code   RO         1970    i.osThreadExit      RTX_CM4.lib(rt_cmsis.o)
    0x00003ab8   0x00003ab8   0x0000000c   Code   RO         1976    i.osTimerCall       RTX_CM4.lib(rt_cmsis.o)
    0x00003ac4   0x00003ac4   0x0000002c   Code   RO         1977    i.osTimerCreate     RTX_CM4.lib(rt_cmsis.o)
    0x00003af0   0x00003af0   0x00000018   Code   RO         1979    i.osTimerStart      RTX_CM4.lib(rt_cmsis.o)
    0x00003b08   0x00003b08   0x0000002c   Code   RO         1981    i.osTimerThread     RTX_CM4.lib(rt_cmsis.o)
    0x00003b34   0x00003b34   0x00000028   Code   RO         2845    i.os_tick_init      RTX_CM4.lib(rt_system.o)
    0x00003b5c   0x00003b5c   0x00000002   Code   RO         2846    i.os_tick_irqack    RTX_CM4.lib(rt_system.o)
    0x00003b5e   0x00003b5e   0x00000002   PAD
    0x00003b60   0x00003b60   0x00000010   Code   RO         2847    i.os_tick_ovf       RTX_CM4.lib(rt_system.o)
    0x00003b70   0x00003b70   0x00000014   Code   RO         2848    i.os_tick_val       RTX_CM4.lib(rt_system.o)
    0x00003b84   0x00003b84   0x0000001a   Code   RO         3199    i.rt_alloc_box      RTX_CM4.lib(rt_membox.o)
    0x00003b9e   0x00003b9e   0x0000003e   Code   RO         3227    i.rt_alloc_mem      RTX_CM4.lib(rt_memory.o)
    0x00003bdc   0x00003bdc   0x00000038   Code   RO         2558    i.rt_block          RTX_CM4.lib(rt_task.o)
    0x00003c14   0x00003c14   0x00000048   Code   RO         3176    i.rt_chk_robin      RTX_CM4.lib(rt_robin.o)
    0x00003c5c   0x00003c5c   0x00000070   Code   RO         2977    i.rt_dec_dly        RTX_CM4.lib(rt_list.o)
    0x00003ccc   0x00003ccc   0x00000044   Code   RO         2559    i.rt_dispatch       RTX_CM4.lib(rt_task.o)
    0x00003d10   0x00003d10   0x00000006   Code   RO         3143    i.rt_dly_wait       RTX_CM4.lib(rt_time.o)
    0x00003d16   0x00003d16   0x00000002   PAD
    0x00003d18   0x00003d18   0x00000050   Code   RO         2938    i.rt_evt_psh        RTX_CM4.lib(rt_event.o)
    0x00003d68   0x00003d68   0x0000005c   Code   RO         2939    i.rt_evt_set        RTX_CM4.lib(rt_event.o)
    0x00003dc4   0x00003dc4   0x0000003c   Code   RO         2940    i.rt_evt_wait       RTX_CM4.lib(rt_event.o)
    0x00003e00   0x00003e00   0x0000002c   Code   RO         3200    i.rt_free_box       RTX_CM4.lib(rt_membox.o)
    0x00003e2c   0x00003e2c   0x00000028   Code   RO         3228    i.rt_free_mem       RTX_CM4.lib(rt_memory.o)
    0x00003e54   0x00003e54   0x00000028   Code   RO         2978    i.rt_get_first      RTX_CM4.lib(rt_list.o)
    0x00003e7c   0x00003e7c   0x00000008   Code   RO         1986    i.rt_id2obj         RTX_CM4.lib(rt_cmsis.o)
    0x00003e84   0x00003e84   0x00000048   Code   RO         2560    i.rt_init_context   RTX_CM4.lib(rt_task.o)
    0x00003ecc   0x00003ecc   0x0000001a   Code   RO         3229    i.rt_init_mem       RTX_CM4.lib(rt_memory.o)
    0x00003ee6   0x00003ee6   0x00000002   PAD
    0x00003ee8   0x00003ee8   0x00000018   Code   RO         3177    i.rt_init_robin     RTX_CM4.lib(rt_robin.o)
    0x00003f00   0x00003f00   0x00000080   Code   RO         3254    i.rt_init_stack     RTX_CM4.lib(hal_cm.o)
    0x00003f80   0x00003f80   0x00000008   Code   RO         3055    i.rt_mbx_check      RTX_CM4.lib(rt_mailbox.o)
    0x00003f88   0x00003f88   0x0000001a   Code   RO         3056    i.rt_mbx_init       RTX_CM4.lib(rt_mailbox.o)
    0x00003fa2   0x00003fa2   0x00000002   PAD
    0x00003fa4   0x00003fa4   0x000000f0   Code   RO         3057    i.rt_mbx_psh        RTX_CM4.lib(rt_mailbox.o)
    0x00004094   0x00004094   0x00000098   Code   RO         3058    i.rt_mbx_send       RTX_CM4.lib(rt_mailbox.o)
    0x0000412c   0x0000412c   0x000000b4   Code   RO         3059    i.rt_mbx_wait       RTX_CM4.lib(rt_mailbox.o)
    0x000041e0   0x000041e0   0x00000044   Code   RO         1987    i.rt_ms2tick        RTX_CM4.lib(rt_cmsis.o)
    0x00004224   0x00004224   0x00000010   Code   RO         2643    i.rt_mut_init       RTX_CM4.lib(rt_mutex.o)
    0x00004234   0x00004234   0x000000d8   Code   RO         2644    i.rt_mut_release    RTX_CM4.lib(rt_mutex.o)
    0x0000430c   0x0000430c   0x00000078   Code   RO         2645    i.rt_mut_wait       RTX_CM4.lib(rt_mutex.o)
    0x00004384   0x00004384   0x0000007c   Code   RO         2849    i.rt_pop_req        RTX_CM4.lib(rt_system.o)
    0x00004400   0x00004400   0x00000020   Code   RO         2850    i.rt_psh_req        RTX_CM4.lib(rt_system.o)
    0x00004420   0x00004420   0x0000005c   Code   RO         2980    i.rt_psq_enq        RTX_CM4.lib(rt_list.o)
    0x0000447c   0x0000447c   0x00000048   Code   RO         2981    i.rt_put_dly        RTX_CM4.lib(rt_list.o)
    0x000044c4   0x000044c4   0x00000036   Code   RO         2982    i.rt_put_prio       RTX_CM4.lib(rt_list.o)
    0x000044fa   0x000044fa   0x00000002   PAD
    0x000044fc   0x000044fc   0x00000014   Code   RO         2983    i.rt_put_rdy_first  RTX_CM4.lib(rt_list.o)
    0x00004510   0x00004510   0x00000034   Code   RO         2984    i.rt_resort_prio    RTX_CM4.lib(rt_list.o)
    0x00004544   0x00004544   0x00000010   Code   RO         3255    i.rt_ret_regs       RTX_CM4.lib(hal_cm.o)
    0x00004554   0x00004554   0x0000000c   Code   RO         3256    i.rt_ret_val        RTX_CM4.lib(hal_cm.o)
    0x00004560   0x00004560   0x00000010   Code   RO         3257    i.rt_ret_val2       RTX_CM4.lib(hal_cm.o)
    0x00004570   0x00004570   0x00000028   Code   RO         2985    i.rt_rmv_dly        RTX_CM4.lib(rt_list.o)
    0x00004598   0x00004598   0x00000030   Code   RO         2986    i.rt_rmv_list       RTX_CM4.lib(rt_list.o)
    0x000045c8   0x000045c8   0x00000034   Code   RO         3104    i.rt_sem_psh        RTX_CM4.lib(rt_semaphore.o)
    0x000045fc   0x000045fc   0x00000024   Code   RO         2852    i.rt_stk_check      RTX_CM4.lib(rt_system.o)
    0x00004620   0x00004620   0x00000028   Code   RO         2561    i.rt_switch_req     RTX_CM4.lib(rt_task.o)
    0x00004648   0x00004648   0x000000cc   Code   RO         2562    i.rt_sys_init       RTX_CM4.lib(rt_task.o)
    0x00004714   0x00004714   0x00000078   Code   RO         2563    i.rt_sys_start      RTX_CM4.lib(rt_task.o)
    0x0000478c   0x0000478c   0x00000040   Code   RO         2854    i.rt_systick        RTX_CM4.lib(rt_system.o)
    0x000047cc   0x000047cc   0x00000012   Code   RO         1988    i.rt_tid2ptcb       RTX_CM4.lib(rt_cmsis.o)
    0x000047de   0x000047de   0x00000002   PAD
    0x000047e0   0x000047e0   0x00000034   Code   RO         1989    i.rt_timer_insert   RTX_CM4.lib(rt_cmsis.o)
    0x00004814   0x00004814   0x0000003c   Code   RO         1990    i.rt_timer_remove   RTX_CM4.lib(rt_cmsis.o)
    0x00004850   0x00004850   0x00000088   Code   RO         2564    i.rt_tsk_create     RTX_CM4.lib(rt_task.o)
    0x000048d8   0x000048d8   0x0000017c   Code   RO         2565    i.rt_tsk_delete     RTX_CM4.lib(rt_task.o)
    0x00004a54   0x00004a54   0x0000007c   Code   RO         2567    i.rt_tsk_prio       RTX_CM4.lib(rt_task.o)
    0x00004ad0   0x00004ad0   0x00000010   Code   RO         2568    i.rt_tsk_self       RTX_CM4.lib(rt_task.o)
    0x00004ae0   0x00004ae0   0x0000006e   Code   RO         3425    i.sqrt              m_wm.l(sqrt.o)
    0x00004b4e   0x00004b4e   0x00000012   Code   RO         1991    i.svcDelay          RTX_CM4.lib(rt_cmsis.o)
    0x00004b60   0x00004b60   0x00000070   Code   RO         1992    i.svcKernelInitialize  RTX_CM4.lib(rt_cmsis.o)
    0x00004bd0   0x00004bd0   0x00000048   Code   RO         1994    i.svcKernelStart    RTX_CM4.lib(rt_cmsis.o)
    0x00004c18   0x00004c18   0x00000038   Code   RO         1995    i.svcKernelSysTick  RTX_CM4.lib(rt_cmsis.o)
    0x00004c50   0x00004c50   0x00000042   Code   RO         1996    i.svcMailCreate     RTX_CM4.lib(rt_cmsis.o)
    0x00004c92   0x00004c92   0x00000024   Code   RO         1997    i.svcMessageCreate  RTX_CM4.lib(rt_cmsis.o)
    0x00004cb6   0x00004cb6   0x0000003a   Code   RO         1998    i.svcMessageGet     RTX_CM4.lib(rt_cmsis.o)
    0x00004cf0   0x00004cf0   0x00000036   Code   RO         1999    i.svcMessagePut     RTX_CM4.lib(rt_cmsis.o)
    0x00004d26   0x00004d26   0x0000001c   Code   RO         2000    i.svcMutexCreate    RTX_CM4.lib(rt_cmsis.o)
    0x00004d42   0x00004d42   0x00000022   Code   RO         2002    i.svcMutexRelease   RTX_CM4.lib(rt_cmsis.o)
    0x00004d64   0x00004d64   0x0000003a   Code   RO         2003    i.svcMutexWait      RTX_CM4.lib(rt_cmsis.o)
    0x00004d9e   0x00004d9e   0x00000024   Code   RO         2010    i.svcSignalSet      RTX_CM4.lib(rt_cmsis.o)
    0x00004dc2   0x00004dc2   0x00000002   PAD
    0x00004dc4   0x00004dc4   0x00000054   Code   RO         2011    i.svcSignalWait     RTX_CM4.lib(rt_cmsis.o)
    0x00004e18   0x00004e18   0x0000006c   Code   RO         2012    i.svcThreadCreate   RTX_CM4.lib(rt_cmsis.o)
    0x00004e84   0x00004e84   0x0000001c   Code   RO         2013    i.svcThreadGetId    RTX_CM4.lib(rt_cmsis.o)
    0x00004ea0   0x00004ea0   0x00000038   Code   RO         2016    i.svcThreadTerminate  RTX_CM4.lib(rt_cmsis.o)
    0x00004ed8   0x00004ed8   0x00000018   Code   RO         2018    i.svcTimerCall      RTX_CM4.lib(rt_cmsis.o)
    0x00004ef0   0x00004ef0   0x00000038   Code   RO         2019    i.svcTimerCreate    RTX_CM4.lib(rt_cmsis.o)
    0x00004f28   0x00004f28   0x00000064   Code   RO         2021    i.svcTimerStart     RTX_CM4.lib(rt_cmsis.o)
    0x00004f8c   0x00004f8c   0x00000058   Code   RO         2023    i.sysMailAlloc      RTX_CM4.lib(rt_cmsis.o)
    0x00004fe4   0x00004fe4   0x00000060   Code   RO         2024    i.sysMailFree       RTX_CM4.lib(rt_cmsis.o)
    0x00005044   0x00005044   0x0000005c   Code   RO         2027    i.sysTimerTick      RTX_CM4.lib(rt_cmsis.o)
    0x000050a0   0x000050a0   0x00000018   Code   RO         3383    x$fpl$basic         fz_wm.l(basic.o)
    0x000050b8   0x000050b8   0x00000062   Code   RO         3332    x$fpl$d2f           fz_wm.l(d2f.o)
    0x0000511a   0x0000511a   0x00000002   PAD
    0x0000511c   0x0000511c   0x00000150   Code   RO         3334    x$fpl$dadd          fz_wm.l(daddsub_clz.o)
    0x0000526c   0x0000526c   0x00000010   Code   RO         3466    x$fpl$dcheck1       fz_wm.l(dcheck1.o)
    0x0000527c   0x0000527c   0x00000018   Code   RO         3488    x$fpl$dcmpinf       fz_wm.l(dcmpi.o)
    0x00005294   0x00005294   0x000002b0   Code   RO         3341    x$fpl$ddiv          fz_wm.l(ddiv.o)
    0x00005544   0x00005544   0x0000002e   Code   RO         3345    x$fpl$dflt          fz_wm.l(dflt_clz.o)
    0x00005572   0x00005572   0x00000026   Code   RO         3344    x$fpl$dfltu         fz_wm.l(dflt_clz.o)
    0x00005598   0x00005598   0x00000078   Code   RO         3468    x$fpl$dleqf         fz_wm.l(dleqf.o)
    0x00005610   0x00005610   0x00000154   Code   RO         3350    x$fpl$dmul          fz_wm.l(dmul.o)
    0x00005764   0x00005764   0x0000009c   Code   RO         3385    x$fpl$dnaninf       fz_wm.l(dnaninf.o)
    0x00005800   0x00005800   0x0000000c   Code   RO         3387    x$fpl$dretinf       fz_wm.l(dretinf.o)
    0x0000580c   0x0000580c   0x0000006c   Code   RO         3389    x$fpl$drleqf        fz_wm.l(drleqf.o)
    0x00005878   0x00005878   0x00000016   Code   RO         3335    x$fpl$drsb          fz_wm.l(daddsub_clz.o)
    0x0000588e   0x0000588e   0x00000002   PAD
    0x00005890   0x00005890   0x00000198   Code   RO         3470    x$fpl$dsqrt         fz_wm.l(dsqrt_umaal.o)
    0x00005a28   0x00005a28   0x000001d4   Code   RO         3336    x$fpl$dsub          fz_wm.l(daddsub_clz.o)
    0x00005bfc   0x00005bfc   0x00000056   Code   RO         3352    x$fpl$f2d           fz_wm.l(f2d.o)
    0x00005c52   0x00005c52   0x00000060   Code   RO         3358    x$fpl$ffltll        fz_wm.l(ffltll_clz.o)
    0x00005cb2   0x00005cb2   0x0000008c   Code   RO         3391    x$fpl$fnaninf       fz_wm.l(fnaninf.o)
    0x00005d3e   0x00005d3e   0x0000000a   Code   RO         3570    x$fpl$fpinit        fz_wm.l(fpinit.o)
    0x00005d48   0x00005d48   0x0000000a   Code   RO         3393    x$fpl$fretinf       fz_wm.l(fretinf.o)
    0x00005d52   0x00005d52   0x00000002   PAD
    0x00005d54   0x00005d54   0x00000086   Code   RO         3354    x$fpl$llsfromf      fz_wm.l(ffixll.o)
    0x00005dda   0x00005dda   0x00000064   Code   RO         3490    x$fpl$retnan        fz_wm.l(retnan.o)
    0x00005e3e   0x00005e3e   0x0000005c   Code   RO         3395    x$fpl$scalbn        fz_wm.l(scalbn.o)
    0x00005e9a   0x00005e9a   0x00000030   Code   RO         3562    x$fpl$trapveneer    fz_wm.l(trapv.o)
    0x00005eca   0x00005eca   0x00000000   Code   RO         3397    x$fpl$usenofp       fz_wm.l(usenofp.o)
    0x00005eca   0x00005eca   0x00000002   PAD
    0x00005ecc   0x00005ecc   0x00000088   Data   RO           93    .constdata          seg.o
    0x00005f54   0x00005f54   0x00000040   Data   RO          240    .constdata          cfaf128x128x16.o
    0x00005f94   0x00005f94   0x00000068   Data   RO          267    .constdata          rtx_conf_cm.o
    0x00005ffc   0x00005ffc   0x00000254   Data   RO         1169    .constdata          driverlib.lib(sysctl.o)
    0x00006250   0x00006250   0x00000010   Data   RO         1759    .constdata          grlib.lib(context.o)
    0x00006260   0x00006260   0x000002f8   Data   RO         1791    .constdata          grlib.lib(fontfixed6x8.o)
    0x00006558   0x00006558   0x000000c8   Data   RO         1792    .constdata          grlib.lib(fontfixed6x8.o)
    0x00006620   0x00006620   0x00000088   Data   RO         3363    .constdata          m_wm.l(pow.o)
    0x000066a8   0x000066a8   0x00000008   Data   RO         3422    .constdata          m_wm.l(qnan.o)
    0x000066b0   0x000066b0   0x00000025   Data   RO           94    .conststring        seg.o
    0x000066d5   0x000066d5   0x00000003   PAD
    0x000066d8   0x000066d8   0x00000020   Data   RO         3604    Region$$Table       anon$$obj.o


    Execution Region RW_IRAM1 (Exec base: 0x20000000, Load base: 0x000066f8, Size: 0x00003780, Max: 0x00040000, ABSOLUTE)

    Exec Addr    Load Addr    Size         Type   Attr      Idx    E Section Name        Object

    0x20000000   0x000066f8   0x00000038   Data   RW           95    .data               seg.o
    0x20000038   0x00006730   0x00000005   Data   RW          241    .data               cfaf128x128x16.o
    0x2000003d   0x00006735   0x00000003   PAD
    0x20000040   0x00006738   0x00000014   Data   RW          268    .data               rtx_conf_cm.o
    0x20000054   0x0000674c   0x00000004   Data   RW          303    .data               system_tm4c129.o
    0x20000058   0x00006750   0x00000004   Data   RW         1760    .data               grlib.lib(context.o)
    0x2000005c   0x00006754   0x00000008   Data   RW         2030    .data               RTX_CM4.lib(rt_cmsis.o)
    0x20000064   0x0000675c   0x00000008   Data   RW         2570    .data               RTX_CM4.lib(rt_task.o)
    0x2000006c   0x00006764   0x00000008   Data   RW         2857    .data               RTX_CM4.lib(rt_system.o)
    0x20000074   0x0000676c   0x00000004   Data   RW         3147    .data               RTX_CM4.lib(rt_time.o)
    0x20000078   0x00006770   0x00000008   Data   RW         3178    .data               RTX_CM4.lib(rt_robin.o)
    0x20000080   0x00006778   0x00000001   Data   RW         3258    .data               RTX_CM4.lib(hal_cm.o)
    0x20000081   0x00006779   0x00000007   PAD
    0x20000088        -       0x000001ac   Zero   RW           92    .bss                seg.o
    0x20000234   0x00006779   0x00000004   PAD
    0x20000238        -       0x00003280   Zero   RW          266    .bss                rtx_conf_cm.o
    0x200034b8        -       0x00000034   Zero   RW         2569    .bss                RTX_CM4.lib(rt_task.o)
    0x200034ec        -       0x00000030   Zero   RW         2987    .bss                RTX_CM4.lib(rt_list.o)
    0x2000351c        -       0x00000060   Zero   RW         3320    .bss                c_w.l(libspace.o)
    0x2000357c   0x00006779   0x00000004   PAD
    0x20003580        -       0x00000000   Zero   RW          293    HEAP                startup_tm4c129.o
    0x20003580        -       0x00000200   Zero   RW          292    STACK               startup_tm4c129.o


==============================================================================

Image component sizes


      Code (inc. data)   RO Data    RW Data    ZI Data      Debug   Object Name

      2208         98         64          5          0      11158   cfaf128x128x16.o
       200         36        104         20      12928       9201   rtx_conf_cm.o
      3972        444        173         56        428      39139   seg.o
       300         22        512          0        512       6100   startup_tm4c129.o
        40         12          0          4          0       1029   system_tm4c129.o
         0          0          0          0          0       4540   uart.o

    ----------------------------------------------------------------------
      6720        612        888         88      13872      71167   Object Totals
         0          0         32          0          0          0   (incl. Generated)
         0          0          3          3          4          0   (incl. Padding)

    ----------------------------------------------------------------------

      Code (inc. data)   RO Data    RW Data    ZI Data      Debug   Library Member Name

       268         24          0          1          0       4472   hal_cm.o
       408         34          0          0          0        816   hal_cm4.o
      2402        252          0          8          0      55790   rt_cmsis.o
       272         18          0          0          0       2810   rt_event.o
       530         34          0          0         48       8601   rt_list.o
       706         14          0          0          0       5067   rt_mailbox.o
       140          0          0          0          0       2045   rt_membox.o
       128          0          0          0          0       2419   rt_memory.o
       352         14          0          0          0       2229   rt_mutex.o
        96         22          0          8          0       1230   rt_robin.o
        52          4          0          0          0        613   rt_semaphore.o
       334         64          0          8          0       7387   rt_system.o
      1216        174          0          8         52      10045   rt_task.o
         6          0          0          4          0        692   rt_time.o
         4          4          0          0          0        200   svc_table.o
         8          0          0          0          0         68   __main.o
         0          0          0          0          0          0   __rtentry.o
        20          0          0          0          0          0   __rtentry2.o
         6          0          0          0          0          0   __rtentry4.o
        52          8          0          0          0          0   __scatter.o
        26          0          0          0          0          0   __scatter_copy.o
        28          0          0          0          0          0   __scatter_zi.o
        22          0          0          0          0        100   _rserrno.o
        18          0          0          0          0         80   exit.o
         6          0          0          0          0        152   heapauxi.o
         0          0          0          0          0          0   indicate_semi.o
         2          0          0          0          0          0   libinit.o
         6          0          0          0          0          0   libinit2.o
         2          0          0          0          0          0   libshutdown.o
         2          0          0          0          0          0   libshutdown2.o
         8          4          0          0         96         68   libspace.o
        72          0          0          0          0         76   llsdiv.o
       238          0          0          0          0        100   lludivv7m.o
         4          0          0          0          0         68   rt_errno_addr_twolibspace.o
         2          0          0          0          0          0   rtexit.o
        10          0          0          0          0          0   rtexit2.o
        12          4          0          0          0         68   sys_exit.o
        74          0          0          0          0         80   sys_stackheap_outer.o
         2          0          0          0          0         68   use_no_semi.o
         0          0          0          0          0       3064   gpio.o
       748         42        596          0          0       4393   sysctl.o
        24          0          0          0          0        164   basic.o
        98          4          0          0          0        140   d2f.o
       826         16          0          0          0        492   daddsub_clz.o
        16          4          0          0          0        116   dcheck1.o
        24          0          0          0          0        116   dcmpi.o
       688        140          0          0          0        256   ddiv.o
        84          0          0          0          0        232   dflt_clz.o
       120          4          0          0          0        140   dleqf.o
       340         12          0          0          0        152   dmul.o
       156          4          0          0          0        140   dnaninf.o
        12          0          0          0          0        116   dretinf.o
       108          0          0          0          0        128   drleqf.o
       408         56          0          0          0        168   dsqrt_umaal.o
        86          4          0          0          0        132   f2d.o
       134          4          0          0          0        132   ffixll.o
        96          0          0          0          0        132   ffltll_clz.o
       140          4          0          0          0        132   fnaninf.o
        10          0          0          0          0        116   fpinit.o
        10          0          0          0          0        116   fretinf.o
       100          0          0          0          0        116   retnan.o
        92          0          0          0          0        116   scalbn.o
        48          0          0          0          0        116   trapv.o
         0          0          0          0          0          0   usenofp.o
         8          0          0          0          0       1494   charmap.o
       100         12         16          4          0      26443   context.o
         0          0        960          0          0      25662   fontfixed6x8.o
      1240          0          0          0          0       9079   string.o
       164         44          0          0          0        620   dunder.o
        24          0          0          0          0        124   fabs.o
        48          0          0          0          0        124   fpclassify.o
       248          0          0          0          0        152   poly.o
      3152        296        136          0          0        352   pow.o
         0          0          8          0          0          0   qnan.o
       110          0          0          0          0        148   sqrt.o

    ----------------------------------------------------------------------
     17036       1320       1716         44        204     180467   Library Totals
        40          0          0          3          8          0   (incl. Padding)

    ----------------------------------------------------------------------

      Code (inc. data)   RO Data    RW Data    ZI Data      Debug   Library Name

      6914        658          0         37        100     104416   RTX_CM4.lib
       620         16          0          0         96        928   c_w.l
       748         42        596          0          0       7457   driverlib.lib
      3620        252          0          0          0       3468   fz_wm.l
      1348         12        976          4          0      62678   grlib.lib
      3746        340        144          0          0       1520   m_wm.l

    ----------------------------------------------------------------------
     17036       1320       1716         44        204     180467   Library Totals

    ----------------------------------------------------------------------

==============================================================================


      Code (inc. data)   RO Data    RW Data    ZI Data      Debug   

     23756       1932       2604        132      14076     235970   Grand Totals
     23756       1932       2604        132      14076     235970   ELF Image Totals
     23756       1932       2604        132          0          0   ROM Totals

==============================================================================

    Total RO  Size (Code + RO Data)                26360 (  25.74kB)
    Total RW  Size (RW Data + ZI Data)             14208 (  13.88kB)
    Total ROM Size (Code + RO Data + RW Data)      26492 (  25.87kB)

==============================================================================

