<html>
<body>
<pre>
<h1>µVision Build Log</h1>
<h2>Tool Versions:</h2>
IDE-Version: µVision V5.28.0.0
Copyright (C) 2019 ARM Ltd and ARM Germany GmbH. All rights reserved.
License Information: Matheus Fonseca, UTFPR, LIC=7YKZ9-46MB6-35CTX-HTGJ4-4XUR4-RIUSZ
 
Tool Versions:
Toolchain:       MDK-ARM Professional  Version: 5.28.0.0
Toolchain Path:  C:\Keil_v5\ARM\ARMCC\Bin
C Compiler:      Armcc.exe V5.06 update 6 (build 750)
Assembler:       Armasm.exe V5.06 update 6 (build 750)
Linker/Locator:  ArmLink.exe V5.06 update 6 (build 750)
Library Manager: ArmAr.exe V5.06 update 6 (build 750)
Hex Converter:   FromElf.exe V5.06 update 6 (build 750)
CPU DLL:         SARMCM3.DLL V5.28.0.0
Dialog DLL:      DCM.DLL V1.17.3.0
Target DLL:      lmidk-agdi.dll V???
Dialog DLL:      TCM.DLL V1.36.2.0
 
<h2>Project:</h2>
C:\Users\Matheus\Documents\GitHub\Embarcados_2019_2\Laboratório 5 - Maria e Matheus F\Laboratório 5 Embarcados\LAb5\ProjectFiles\base_project.uvprojx
Project File Date:  12/02/2019

<h2>Output:</h2>
*** Using Compiler 'V5.06 update 6 (build 750)', folder: 'C:\Keil_v5\ARM\ARMCC\Bin'
Build Project 'base_project' - Target 'TM4C129 RAM'
compiling teste.c...
C:\Users\Matheus\Documents\GitHub\Embarcados_2019_2\Laboratório 5 - Maria e Matheus F\Laboratório 5 Embarcados\LAb5\ProjectFiles\teste.c(290): warning:  #1-D: last line of file ends without a newline
  */
teste.c: 1 warning, 0 errors
compiling seg.c...
C:\Users\Matheus\Documents\GitHub\Embarcados_2019_2\Laboratório 5 - Maria e Matheus F\Laboratório 5 Embarcados\LAb5\ProjectFiles\buttons.h(5): warning:  #1295-D: Deprecated declaration button_init - give arg types
  extern void button_init();
C:\Users\Matheus\Documents\GitHub\Embarcados_2019_2\Laboratório 5 - Maria e Matheus F\Laboratório 5 Embarcados\LAb5\ProjectFiles\buttons.h(6): warning:  #1295-D: Deprecated declaration button_read_s1 - give arg types
  extern bool button_read_s1();
C:\Users\Matheus\Documents\GitHub\Embarcados_2019_2\Laboratório 5 - Maria e Matheus F\Laboratório 5 Embarcados\LAb5\ProjectFiles\buttons.h(7): warning:  #1295-D: Deprecated declaration button_read_s2 - give arg types
  extern bool button_read_s2();
C:\Users\Matheus\Documents\GitHub\Embarcados_2019_2\Laboratório 5 - Maria e Matheus F\Laboratório 5 Embarcados\LAb5\ProjectFiles\seg.c(36): warning:  #144-D: a value of type "void (*)()" cannot be used to initialize an entity of type "os_ptimer"
  osTimerDef(preempt, preempt_callback);
C:\Users\Matheus\Documents\GitHub\Embarcados_2019_2\Laboratório 5 - Maria e Matheus F\Laboratório 5 Embarcados\LAb5\ProjectFiles\seg.c(324): warning:  #175-D: subscript out of range
  	faultCounter[6] = 0;
C:\Users\Matheus\Documents\GitHub\Embarcados_2019_2\Laboratório 5 - Maria e Matheus F\Laboratório 5 Embarcados\LAb5\ProjectFiles\seg.c(557): warning:  #177-D: variable "i"  was declared but never referenced
  	uint8_t i;
C:\Users\Matheus\Documents\GitHub\Embarcados_2019_2\Laboratório 5 - Maria e Matheus F\Laboratório 5 Embarcados\LAb5\ProjectFiles\seg.c(558): warning:  #550-D: variable "result"  was set but never used
  	float result;
C:\Users\Matheus\Documents\GitHub\Embarcados_2019_2\Laboratório 5 - Maria e Matheus F\Laboratório 5 Embarcados\LAb5\ProjectFiles\seg.c(559): warning:  #177-D: variable "porcent"  was declared but never referenced
  	float porcent;
C:\Users\Matheus\Documents\GitHub\Embarcados_2019_2\Laboratório 5 - Maria e Matheus F\Laboratório 5 Embarcados\LAb5\ProjectFiles\seg.c(560): warning:  #177-D: variable "pbuf"  was declared but never referenced
  	char pbuf[10];
C:\Users\Matheus\Documents\GitHub\Embarcados_2019_2\Laboratório 5 - Maria e Matheus F\Laboratório 5 Embarcados\LAb5\ProjectFiles\seg.c(134): warning:  #177-D: function "floatToString"  was declared but never referenced
  static void floatToString(float value, char *pBuf, uint32_t len, uint32_t base, uint8_t zeros, uint8_t precision){
C:\Users\Matheus\Documents\GitHub\Embarcados_2019_2\Laboratório 5 - Maria e Matheus F\Laboratório 5 Embarcados\LAb5\ProjectFiles\seg.c(444): warning: C4488E: write to variable 'faultCounter' with offset out of bounds
}
seg.c: 11 warnings, 0 errors
linking...
Program Size: Code=24148 RO-data=2604 RW-data=132 ZI-data=14076  
".\RAM\base_project.axf" - 0 Error(s), 12 Warning(s).

<h2>Software Packages used:</h2>

Package Vendor: ARM
                http://www.keil.com/pack/ARM.CMSIS.5.6.0.pack
                ARM.CMSIS.5.6.0
                CMSIS (Cortex Microcontroller Software Interface Standard)
   * Component: RTOS Version: 1.0.0
   * Component: CORE Version: 5.3.0
   * Component: Keil RTX Version: 4.82.0

Package Vendor: Keil
                http://www.keil.com/pack/Keil.TM4C_DFP.1.1.0.pack
                Keil.TM4C_DFP.1.1.0
                Texas Instruments Tiva C Series Device Support and Examples
   * Component: Startup Version: 1.0.0

<h2>Collection of Component include folders:</h2>
  .\RTE\_TM4C129_RAM
  C:\Keil_v5\ARM\PACK\ARM\CMSIS\5.6.0\CMSIS\Core\Include
  C:\Keil_v5\ARM\PACK\ARM\CMSIS\5.6.0\CMSIS\RTOS\RTX\INC
  C:\Keil_v5\ARM\PACK\Keil\TM4C_DFP\1.1.0\Device\Include\TM4C129

<h2>Collection of Component Files used:</h2>

   * Component: ::CMSIS:RTOS:1.0.0 (API)

   * Component: ARM::CMSIS:CORE:5.3.0

   * Component: ARM::CMSIS:RTOS:Keil RTX:4.82.0
      Source file:   CMSIS\RTOS\RTX\UserCodeTemplates\MailQueue.c
      Source file:   CMSIS\RTOS\RTX\Templates\RTX_Conf_CM.c
      Include file:  CMSIS\RTOS\RTX\UserCodeTemplates\osObjects.h
      Include file:  CMSIS\RTOS\RTX\INC\cmsis_os.h
      Source file:   CMSIS\RTOS\RTX\UserCodeTemplates\main.c
      Source file:   CMSIS\RTOS\RTX\UserCodeTemplates\MsgQueue.c
      Source file:   CMSIS\RTOS\RTX\UserCodeTemplates\Semaphore.c
      Source file:   CMSIS\RTOS\RTX\UserCodeTemplates\Timer.c
      Source file:   CMSIS\RTOS\RTX\UserCodeTemplates\Thread.c
      Source file:   CMSIS\RTOS\RTX\UserCodeTemplates\MemPool.c
      Source file:   CMSIS\RTOS\RTX\SRC\ARM\SVC_Table.s
      Source file:   CMSIS\RTOS\RTX\UserCodeTemplates\Mutex.c
      Library file:  CMSIS\RTOS\RTX\LIB\ARM\RTX_CM4.lib

   * Component: Keil::Device:Startup:1.0.0
      Include file:  Device\Include\TM4C129\TM4C129.h
      Source file:   Device\Source\ARM\startup_TM4C129.s
      Source file:   Device\Source\system_TM4C129.c
Build Time Elapsed:  00:00:02
</pre>
</body>
</html>
