<html>
<body>
<pre>
<h1>µVision Build Log</h1>
<h2>Tool Versions:</h2>
IDE-Version: µVision V5.28.0.0
Copyright (C) 2019 ARM Ltd and ARM Germany GmbH. All rights reserved.
License Information: Matheus Fonseca, UTFPR, LIC=7YKZ9-46MB6-35CTX-HTGJ4-4XUR4-RIUSZ
 
Tool Versions:
Toolchain:       MDK-ARM Professional  Version: 5.28.0.0
Toolchain Path:  C:\Keil_v5\ARM\ARMCC\Bin
C Compiler:      Armcc.exe V5.06 update 6 (build 750)
Assembler:       Armasm.exe V5.06 update 6 (build 750)
Linker/Locator:  ArmLink.exe V5.06 update 6 (build 750)
Library Manager: ArmAr.exe V5.06 update 6 (build 750)
Hex Converter:   FromElf.exe V5.06 update 6 (build 750)
CPU DLL:         SARMCM3.DLL V5.28.0.0
Dialog DLL:      DCM.DLL V1.17.3.0
Target DLL:      lmidk-agdi.dll V???
Dialog DLL:      TCM.DLL V1.36.2.0
 
<h2>Project:</h2>
C:\Users\Matheus\Documents\GitHub\Embarcados_2019_2\Laboratório 4 - Maria e Matheus F\LAB4\ProjectFiles\base_project.uvprojx
Project File Date:  10/29/2019

<h2>Output:</h2>
*** Using Compiler 'V5.06 update 6 (build 750)', folder: 'C:\Keil_v5\ARM\ARMCC\Bin'
Rebuild Project 'base_project' - Target 'TM4C129 Flash'
compiling exemploTIVA.c...
C:\Users\Matheus\Documents\GitHub\Embarcados_2019_2\Laboratório 4 - Maria e Matheus F\LAB4\ProjectFiles\UART_m.h(32): warning:  #1295-D: Deprecated declaration UARTenable - give arg types
  void UARTenable();
C:\Users\Matheus\Documents\GitHub\Embarcados_2019_2\Laboratório 4 - Maria e Matheus F\LAB4\ProjectFiles\UART_m.h(36): warning:  #1295-D: Deprecated declaration UARTprintMenu - give arg types
  void UARTprintMenu();
C:\Users\Matheus\Documents\GitHub\Embarcados_2019_2\Laboratório 4 - Maria e Matheus F\LAB4\ProjectFiles\exemploTIVA.c(105): warning:  #223-D: function "UART_Enable" declared implicitly
        UART_Enable();
C:\Users\Matheus\Documents\GitHub\Embarcados_2019_2\Laboratório 4 - Maria e Matheus F\LAB4\ProjectFiles\exemploTIVA.c(172): warning:  #223-D: function "button_read_s1" declared implicitly
                if(button_read_s1())
C:\Users\Matheus\Documents\GitHub\Embarcados_2019_2\Laboratório 4 - Maria e Matheus F\LAB4\ProjectFiles\exemploTIVA.c(193): warning:  #144-D: a value of type "void (*)(void)" cannot be used to initialize an entity of type "os_pthread"
  osThreadDef(th_UART, osPriorityAboveNormal, 1, 0);
C:\Users\Matheus\Documents\GitHub\Embarcados_2019_2\Laboratório 4 - Maria e Matheus F\LAB4\ProjectFiles\exemploTIVA.c(194): warning:  #144-D: a value of type "void (*)(void)" cannot be used to initialize an entity of type "os_pthread"
  osThreadDef(th_SignalSender, osPriorityNormal, 1, 0);
C:\Users\Matheus\Documents\GitHub\Embarcados_2019_2\Laboratório 4 - Maria e Matheus F\LAB4\ProjectFiles\exemploTIVA.c(195): warning:  #144-D: a value of type "void (*)(void)" cannot be used to initialize an entity of type "os_pthread"
  osThreadDef(th_SignalGenerator, osPriorityNormal, 1, 0);
C:\Users\Matheus\Documents\GitHub\Embarcados_2019_2\Laboratório 4 - Maria e Matheus F\LAB4\ProjectFiles\exemploTIVA.c(196): warning:  #144-D: a value of type "void (*)(void)" cannot be used to initialize an entity of type "os_pthread"
  osThreadDef(th_SignalDrawer, osPriorityNormal, 1, 0);
C:\Users\Matheus\Documents\GitHub\Embarcados_2019_2\Laboratório 4 - Maria e Matheus F\LAB4\ProjectFiles\exemploTIVA.c(205): warning:  #177-D: variable "resposta"  was declared but never referenced
        uint8_t resposta[4];
C:\Users\Matheus\Documents\GitHub\Embarcados_2019_2\Laboratório 4 - Maria e Matheus F\LAB4\ProjectFiles\exemploTIVA.c(72): warning:  #177-D: function "floatToString"  was declared but never referenced
  static void floatToString(float value, char *pBuf, uint32_t len, uint32_t base, uint8_t zeros, uint8_t precision){
exemploTIVA.c: 10 warnings, 0 errors
compiling point.c...
compiling key.c...
compiling UART.c...
compiling PWM.c...
compiling NewUART.c...
C:\Users\Matheus\Documents\GitHub\Embarcados_2019_2\Laboratório 4 - Maria e Matheus F\LAB4\ProjectFiles\NewUART.c(40): warning:  #1-D: last line of file ends without a newline
  }
NewUART.c: 1 warning, 0 errors
compiling NewPWM.c...
C:\Users\Matheus\Documents\GitHub\Embarcados_2019_2\Laboratório 4 - Maria e Matheus F\LAB4\ProjectFiles\NewPWM.h(64): warning:  #1295-D: Deprecated declaration pwmInit - give arg types
  void pwmInit();
C:\Users\Matheus\Documents\GitHub\Embarcados_2019_2\Laboratório 4 - Maria e Matheus F\LAB4\ProjectFiles\NewPWM.c(70): warning:  #223-D: function "PWMOutputState" declared implicitly
    PWMOutputState(PWM0_BASE, PWM_OUT_2_BIT, true);
C:\Users\Matheus\Documents\GitHub\Embarcados_2019_2\Laboratório 4 - Maria e Matheus F\LAB4\ProjectFiles\NewPWM.c(90): warning:  #186-D: pointless comparison of unsigned integer with zero
        if(period < 0)
C:\Users\Matheus\Documents\GitHub\Embarcados_2019_2\Laboratório 4 - Maria e Matheus F\LAB4\ProjectFiles\NewPWM.c(93): warning:  #1035-D: single-precision operand implicitly converted to double-precision
        current_period = (uint16_t)(((float)period)*1000 / 8.32);
C:\Users\Matheus\Documents\GitHub\Embarcados_2019_2\Laboratório 4 - Maria e Matheus F\LAB4\ProjectFiles\NewPWM.c(113): warning:  #223-D: function "PWMClockSet" declared implicitly
                        PWMClockSet(PWM0_BASE, PWM_SYSCLK_DIV_64);                      
NewPWM.c: 5 warnings, 0 errors
compiling UART_m.c...
C:\Users\Matheus\Documents\GitHub\Embarcados_2019_2\Laboratório 4 - Maria e Matheus F\LAB4\ProjectFiles\UART_m.h(32): warning:  #1295-D: Deprecated declaration UARTenable - give arg types
  void UARTenable();
C:\Users\Matheus\Documents\GitHub\Embarcados_2019_2\Laboratório 4 - Maria e Matheus F\LAB4\ProjectFiles\UART_m.h(36): warning:  #1295-D: Deprecated declaration UARTprintMenu - give arg types
  void UARTprintMenu();
C:\Users\Matheus\Documents\GitHub\Embarcados_2019_2\Laboratório 4 - Maria e Matheus F\LAB4\ProjectFiles\UART_m.c(18): warning:  #223-D: function "UARTConfigSetExpClk" declared implicitly
      MAP_UARTConfigSetExpClk(g_ulBase, ui32SysClock, 115200, (UART_CONFIG_PAR_NONE | UART_CONFIG_STOP_ONE | UART_CONFIG_WLEN_8)); // Configure the UART for 115200, n, 8, 1
C:\Users\Matheus\Documents\GitHub\Embarcados_2019_2\Laboratório 4 - Maria e Matheus F\LAB4\ProjectFiles\UART_m.c(19): warning:  #223-D: function "UARTEnable" declared implicitly
      MAP_UARTEnable(g_ulBase); // Enable the UART operation.
UART_m.c: 4 warnings, 0 errors
compiling buzzer.c...
C:\Users\Matheus\Documents\GitHub\Embarcados_2019_2\Laboratório 4 - Maria e Matheus F\LAB4\ProjectFiles\buzzer.c(31): warning:  #550-D: variable "g_ui32SysClock"  was set but never used
  static uint32_t g_ui32SysClock;
C:\Users\Matheus\Documents\GitHub\Embarcados_2019_2\Laboratório 4 - Maria e Matheus F\LAB4\ProjectFiles\buzzer.c(33): warning:  #550-D: variable "g_current_per"  was set but never used
  static uint16_t g_current_per;
buzzer.c: 2 warnings, 0 errors
compiling accel.c...
compiling buttons.c...
compiling cfaf128x128x16.c...
C:\Users\Matheus\Documents\GitHub\Embarcados_2019_2\Laboratório 4 - Maria e Matheus F\LAB4\ProjectFiles\cfaf128x128x16.c(770): warning:  #177-D: function "ssiSetDataMode"  was declared but never referenced
  ssiSetDataMode(uint8_t mode) {
C:\Users\Matheus\Documents\GitHub\Embarcados_2019_2\Laboratório 4 - Maria e Matheus F\LAB4\ProjectFiles\cfaf128x128x16.c(777): warning:  #177-D: function "ssiSetClockDivider"  was declared but never referenced
  ssiSetClockDivider(uint8_t divider){
cfaf128x128x16.c: 2 warnings, 0 errors
compiling led.c...
compiling mic.c...
compiling opt.c...
C:\Users\Matheus\Documents\GitHub\Embarcados_2019_2\Laboratório 4 - Maria e Matheus F\LAB4\ProjectFiles\opt.c(149): warning:  #128-D: loop is not reachable
                while(i < n){
C:\Users\Matheus\Documents\GitHub\Embarcados_2019_2\Laboratório 4 - Maria e Matheus F\LAB4\ProjectFiles\opt.c(195): warning:  #128-D: loop is not reachable
                while(i < n-1){
C:\Users\Matheus\Documents\GitHub\Embarcados_2019_2\Laboratório 4 - Maria e Matheus F\LAB4\ProjectFiles\opt.c(330): warning:  #177-D: variable "temp"  was declared but never referenced
                uint64_t temp = 0;
C:\Users\Matheus\Documents\GitHub\Embarcados_2019_2\Laboratório 4 - Maria e Matheus F\LAB4\ProjectFiles\opt.c(60): warning:  #550-D: variable "mid"  was set but never used
  static uint16_t mid, did;
C:\Users\Matheus\Documents\GitHub\Embarcados_2019_2\Laboratório 4 - Maria e Matheus F\LAB4\ProjectFiles\opt.c(60): warning:  #550-D: variable "did"  was set but never used
  static uint16_t mid, did;
C:\Users\Matheus\Documents\GitHub\Embarcados_2019_2\Laboratório 4 - Maria e Matheus F\LAB4\ProjectFiles\opt.c(86): warning:  #177-D: variable "g_mid"  was declared but never referenced
  static uint16_t g_mid, g_did, g_timeout_count;
C:\Users\Matheus\Documents\GitHub\Embarcados_2019_2\Laboratório 4 - Maria e Matheus F\LAB4\ProjectFiles\opt.c(86): warning:  #177-D: variable "g_did"  was declared but never referenced
  static uint16_t g_mid, g_did, g_timeout_count;
opt.c: 7 warnings, 0 errors
compiling rgb.c...
compiling servo.c...
C:\Users\Matheus\Documents\GitHub\Embarcados_2019_2\Laboratório 4 - Maria e Matheus F\LAB4\ProjectFiles\servo.c(59): warning:  #550-D: variable "g_ui32SysClock"  was set but never used
  static uint32_t g_ui32SysClock;
servo.c: 1 warning, 0 errors
compiling joy.c...
compiling temp.c...
C:\Users\Matheus\Documents\GitHub\Embarcados_2019_2\Laboratório 4 - Maria e Matheus F\LAB4\ProjectFiles\temp.c(158): warning:  #128-D: loop is not reachable
                while(i < n){
C:\Users\Matheus\Documents\GitHub\Embarcados_2019_2\Laboratório 4 - Maria e Matheus F\LAB4\ProjectFiles\temp.c(207): warning:  #128-D: loop is not reachable
                while(i < n-1){
C:\Users\Matheus\Documents\GitHub\Embarcados_2019_2\Laboratório 4 - Maria e Matheus F\LAB4\ProjectFiles\temp.c(303): warning:  #177-D: variable "temp"  was declared but never referenced
        uint64_t temp = 0;
C:\Users\Matheus\Documents\GitHub\Embarcados_2019_2\Laboratório 4 - Maria e Matheus F\LAB4\ProjectFiles\temp.c(94): warning:  #550-D: variable "g_mid"  was set but never used
  static uint16_t g_mid, g_did, g_timeout_count;
C:\Users\Matheus\Documents\GitHub\Embarcados_2019_2\Laboratório 4 - Maria e Matheus F\LAB4\ProjectFiles\temp.c(94): warning:  #550-D: variable "g_did"  was set but never used
  static uint16_t g_mid, g_did, g_timeout_count;
temp.c: 5 warnings, 0 errors
compiling RTX_Conf_CM.c...
assembling startup_TM4C129.s...
compiling system_TM4C129.c...
linking...
Program Size: Code=12972 RO-data=2804 RW-data=80 ZI-data=9880  
".\Flash\base_project.axf" - 0 Error(s), 37 Warning(s).

<h2>Software Packages used:</h2>

Package Vendor: ARM
                http://www.keil.com/pack/ARM.CMSIS.5.6.0.pack
                ARM.CMSIS.5.6.0
                CMSIS (Cortex Microcontroller Software Interface Standard)
   * Component: RTOS Version: 1.0.0
   * Component: CORE Version: 5.3.0
   * Component: Keil RTX Version: 4.82.0

Package Vendor: Keil
                http://www.keil.com/pack/Keil.TM4C_DFP.1.1.0.pack
                Keil.TM4C_DFP.1.1.0
                Texas Instruments Tiva C Series Device Support and Examples
   * Component: Startup Version: 1.0.0

<h2>Collection of Component include folders:</h2>
  .\RTE\_TM4C129_Flash
  C:\Keil_v5\ARM\PACK\ARM\CMSIS\5.6.0\CMSIS\Core\Include
  C:\Keil_v5\ARM\PACK\ARM\CMSIS\5.6.0\CMSIS\RTOS\RTX\INC
  C:\Keil_v5\ARM\PACK\Keil\TM4C_DFP\1.1.0\Device\Include\TM4C129

<h2>Collection of Component Files used:</h2>

   * Component: ::CMSIS:RTOS:1.0.0 (API)

   * Component: ARM::CMSIS:CORE:5.3.0

   * Component: ARM::CMSIS:RTOS:Keil RTX:4.82.0
      Include file:  CMSIS\RTOS\RTX\INC\cmsis_os.h
      Source file:   CMSIS\RTOS\RTX\Templates\RTX_Conf_CM.c
      Include file:  CMSIS\RTOS\RTX\UserCodeTemplates\osObjects.h
      Source file:   CMSIS\RTOS\RTX\UserCodeTemplates\main.c
      Source file:   CMSIS\RTOS\RTX\UserCodeTemplates\MailQueue.c
      Source file:   CMSIS\RTOS\RTX\UserCodeTemplates\Thread.c
      Source file:   CMSIS\RTOS\RTX\SRC\ARM\SVC_Table.s
      Library file:  CMSIS\RTOS\RTX\LIB\ARM\RTX_CM4.lib
      Source file:   CMSIS\RTOS\RTX\UserCodeTemplates\Semaphore.c
      Source file:   CMSIS\RTOS\RTX\UserCodeTemplates\Timer.c
      Source file:   CMSIS\RTOS\RTX\UserCodeTemplates\MsgQueue.c
      Source file:   CMSIS\RTOS\RTX\UserCodeTemplates\Mutex.c
      Source file:   CMSIS\RTOS\RTX\UserCodeTemplates\MemPool.c

   * Component: Keil::Device:Startup:1.0.0
      Source file:   Device\Source\ARM\startup_TM4C129.s
      Include file:  Device\Include\TM4C129\TM4C129.h
      Source file:   Device\Source\system_TM4C129.c
Build Time Elapsed:  00:00:19
</pre>
</body>
</html>
